Archive member included because of file (symbol)

c:/freescale/kds_v3/toolchain/bin/../lib/gcc/arm-none-eabi/4.8.4/armv6-m\libgcc.a(_udivsi3.o)
                              ./Generated_Code/UTIL1.o (__aeabi_uidiv)
c:/freescale/kds_v3/toolchain/bin/../lib/gcc/arm-none-eabi/4.8.4/armv6-m\libgcc.a(_divsi3.o)
                              ./Generated_Code/UTIL1.o (__aeabi_idiv)
c:/freescale/kds_v3/toolchain/bin/../lib/gcc/arm-none-eabi/4.8.4/armv6-m\libgcc.a(_dvmd_tls.o)
                              c:/freescale/kds_v3/toolchain/bin/../lib/gcc/arm-none-eabi/4.8.4/armv6-m\libgcc.a(_udivsi3.o) (__aeabi_idiv0)
c:/freescale/kds_v3/toolchain/bin/../lib/gcc/arm-none-eabi/4.8.4/armv6-m\libgcc.a(_arm_cmpsf2.o)
                              ./Generated_Code/UTIL1.o (__aeabi_fcmplt)
c:/freescale/kds_v3/toolchain/bin/../lib/gcc/arm-none-eabi/4.8.4/armv6-m\libgcc.a(_fixunssfsi.o)
                              ./Generated_Code/UTIL1.o (__aeabi_f2uiz)
c:/freescale/kds_v3/toolchain/bin/../lib/gcc/arm-none-eabi/4.8.4/armv6-m\libgcc.a(eqsf2.o)
                              c:/freescale/kds_v3/toolchain/bin/../lib/gcc/arm-none-eabi/4.8.4/armv6-m\libgcc.a(_arm_cmpsf2.o) (__eqsf2)
c:/freescale/kds_v3/toolchain/bin/../lib/gcc/arm-none-eabi/4.8.4/armv6-m\libgcc.a(gesf2.o)
                              c:/freescale/kds_v3/toolchain/bin/../lib/gcc/arm-none-eabi/4.8.4/armv6-m\libgcc.a(_arm_cmpsf2.o) (__gesf2)
c:/freescale/kds_v3/toolchain/bin/../lib/gcc/arm-none-eabi/4.8.4/armv6-m\libgcc.a(lesf2.o)
                              c:/freescale/kds_v3/toolchain/bin/../lib/gcc/arm-none-eabi/4.8.4/armv6-m\libgcc.a(_arm_cmpsf2.o) (__lesf2)
c:/freescale/kds_v3/toolchain/bin/../lib/gcc/arm-none-eabi/4.8.4/armv6-m\libgcc.a(mulsf3.o)
                              ./Generated_Code/UTIL1.o (__aeabi_fmul)
c:/freescale/kds_v3/toolchain/bin/../lib/gcc/arm-none-eabi/4.8.4/armv6-m\libgcc.a(subsf3.o)
                              ./Generated_Code/UTIL1.o (__aeabi_fsub)
c:/freescale/kds_v3/toolchain/bin/../lib/gcc/arm-none-eabi/4.8.4/armv6-m\libgcc.a(fixsfsi.o)
                              ./Generated_Code/UTIL1.o (__aeabi_f2iz)
c:/freescale/kds_v3/toolchain/bin/../lib/gcc/arm-none-eabi/4.8.4/armv6-m\libgcc.a(floatunsisf.o)
                              ./Generated_Code/UTIL1.o (__aeabi_ui2f)
c:/freescale/kds_v3/toolchain/bin/../lib/gcc/arm-none-eabi/4.8.4/armv6-m\libgcc.a(_clzsi2.o)
                              c:/freescale/kds_v3/toolchain/bin/../lib/gcc/arm-none-eabi/4.8.4/armv6-m\libgcc.a(mulsf3.o) (__clzsi2)
c:/freescale/kds_v3/toolchain/bin/../lib/gcc/arm-none-eabi/4.8.4/../../../../arm-none-eabi/lib/armv6-m\libg_s.a(lib_a-exit.o)
                              c:/freescale/kds_v3/toolchain/bin/../lib/gcc/arm-none-eabi/4.8.4/../../../../arm-none-eabi/lib/armv6-m/crt0.o (exit)
c:/freescale/kds_v3/toolchain/bin/../lib/gcc/arm-none-eabi/4.8.4/../../../../arm-none-eabi/lib/armv6-m\libg_s.a(lib_a-impure.o)
                              c:/freescale/kds_v3/toolchain/bin/../lib/gcc/arm-none-eabi/4.8.4/../../../../arm-none-eabi/lib/armv6-m\libg_s.a(lib_a-exit.o) (_global_impure_ptr)
c:/freescale/kds_v3/toolchain/bin/../lib/gcc/arm-none-eabi/4.8.4/../../../../arm-none-eabi/lib/armv6-m\libg_s.a(lib_a-init.o)
                              c:/freescale/kds_v3/toolchain/bin/../lib/gcc/arm-none-eabi/4.8.4/../../../../arm-none-eabi/lib/armv6-m/crt0.o (__libc_init_array)
c:/freescale/kds_v3/toolchain/bin/../lib/gcc/arm-none-eabi/4.8.4/../../../../arm-none-eabi/lib/armv6-m\libg_s.a(lib_a-memcpy-stub.o)
                              ./Generated_Code/queue.o (memcpy)
c:/freescale/kds_v3/toolchain/bin/../lib/gcc/arm-none-eabi/4.8.4/../../../../arm-none-eabi/lib/armv6-m\libg_s.a(lib_a-memset.o)
                              c:/freescale/kds_v3/toolchain/bin/../lib/gcc/arm-none-eabi/4.8.4/../../../../arm-none-eabi/lib/armv6-m/crt0.o (memset)
c:/freescale/kds_v3/toolchain/bin/../lib/gcc/arm-none-eabi/4.8.4/../../../../arm-none-eabi/lib/armv6-m\libg_s.a(lib_a-rand.o)
                              ./Generated_Code/UTIL1.o (srand)
c:/freescale/kds_v3/toolchain/bin/../lib/gcc/arm-none-eabi/4.8.4/../../../../arm-none-eabi/lib/armv6-m\libg_s.a(lib_a-strchr.o)
                              ./Generated_Code/UTIL1.o (strchr)
c:/freescale/kds_v3/toolchain/bin/../lib/gcc/arm-none-eabi/4.8.4/../../../../arm-none-eabi/lib/armv6-m\libg_s.a(lib_a-strlen.o)
                              ./Generated_Code/UTIL1.o (strlen)
c:/freescale/kds_v3/toolchain/bin/../lib/gcc/arm-none-eabi/4.8.4/../../../../arm-none-eabi/lib/armv6-m\libg_s.a(lib_a-strncmp.o)
                              ./Generated_Code/UTIL1.o (strncmp)
c:/freescale/kds_v3/toolchain/bin/../lib/gcc/arm-none-eabi/4.8.4/../../../../arm-none-eabi/lib/armv6-m\libg_s.a(lib_a-malloc.o)
                              c:/freescale/kds_v3/toolchain/bin/../lib/gcc/arm-none-eabi/4.8.4/../../../../arm-none-eabi/lib/armv6-m\libg_s.a(lib_a-rand.o) (malloc)
[...]
Memory Configuration

Name             Origin             Length             Attributes
m_interrupts     0x00000000         0x000000c0         xr
m_text           0x00000410         0x0001fbf0         xr
m_data           0x1ffff000         0x00004000         rw
m_cfmprotrom     0x00000400         0x00000010         xr
*default*        0x00000000         0xffffffff

Linker script and memory map

LOAD c:/freescale/kds_v3/toolchain/bin/../lib/gcc/arm-none-eabi/4.8.4/armv6-m/crti.o
LOAD c:/freescale/kds_v3/toolchain/bin/../lib/gcc/arm-none-eabi/4.8.4/armv6-m/crtbegin.o
LOAD c:/freescale/kds_v3/toolchain/bin/../lib/gcc/arm-none-eabi/4.8.4/../../../../arm-none-eabi/lib/armv6-m/crt0.o
LOAD ./Sources/Events.o
LOAD ./Sources/frtos_tasks.o
LOAD ./Sources/main.o
LOAD ./Project_Settings/Startup_Code/startup.o
LOAD ./Generated_Code/Bit1.o
LOAD ./Generated_Code/Bit2.o
LOAD ./Generated_Code/Bit3.o
LOAD ./Generated_Code/BitIoLdd1.o
LOAD ./Generated_Code/BitIoLdd2.o
LOAD ./Generated_Code/BitIoLdd3.o
LOAD ./Generated_Code/Cpu.o
LOAD ./Generated_Code/FRTOS1.o
LOAD ./Generated_Code/MCUC1.o
LOAD ./Generated_Code/PE_LDD.o
LOAD ./Generated_Code/TSK1.o
LOAD ./Generated_Code/UTIL1.o
LOAD ./Generated_Code/Vectors.o
LOAD ./Generated_Code/croutine.o
LOAD ./Generated_Code/event_groups.o
LOAD ./Generated_Code/heap_1.o
LOAD ./Generated_Code/heap_2.o
LOAD ./Generated_Code/heap_3.o
LOAD ./Generated_Code/heap_4.o
LOAD ./Generated_Code/heap_5.o
LOAD ./Generated_Code/heap_useNewlib.o
LOAD ./Generated_Code/list.o
LOAD ./Generated_Code/mpu_wrappers.o
LOAD ./Generated_Code/port.o
LOAD ./Generated_Code/queue.o
LOAD ./Generated_Code/tasks.o
LOAD ./Generated_Code/timers.o
LOAD c:/freescale/kds_v3/toolchain/bin/../lib/gcc/arm-none-eabi/4.8.4/../../../../arm-none-eabi/lib/armv6-m\libstdc++_s.a
LOAD c:/freescale/kds_v3/toolchain/bin/../lib/gcc/arm-none-eabi/4.8.4/../../../../arm-none-eabi/lib/armv6-m\libm.a
START GROUP
LOAD c:/freescale/kds_v3/toolchain/bin/../lib/gcc/arm-none-eabi/4.8.4/armv6-m\libgcc.a
LOAD c:/freescale/kds_v3/toolchain/bin/../lib/gcc/arm-none-eabi/4.8.4/../../../../arm-none-eabi/lib/armv6-m\libg_s.a
LOAD c:/freescale/kds_v3/toolchain/bin/../lib/gcc/arm-none-eabi/4.8.4/../../../../arm-none-eabi/lib/armv6-m\libc_s.a
END GROUP
START GROUP
LOAD c:/freescale/kds_v3/toolchain/bin/../lib/gcc/arm-none-eabi/4.8.4/armv6-m\libgcc.a
LOAD c:/freescale/kds_v3/toolchain/bin/../lib/gcc/arm-none-eabi/4.8.4/../../../../arm-none-eabi/lib/armv6-m\libc_s.a
LOAD c:/freescale/kds_v3/toolchain/bin/../lib/gcc/arm-none-eabi/4.8.4/../../../../arm-none-eabi/lib/armv6-m\libnosys.a
END GROUP
START GROUP
LOAD c:/freescale/kds_v3/toolchain/bin/../lib/gcc/arm-none-eabi/4.8.4/armv6-m\libgcc.a
LOAD c:/freescale/kds_v3/toolchain/bin/../lib/gcc/arm-none-eabi/4.8.4/../../../../arm-none-eabi/lib/armv6-m\libc_s.a
LOAD c:/freescale/kds_v3/toolchain/bin/../lib/gcc/arm-none-eabi/4.8.4/../../../../arm-none-eabi/lib/armv6-m\libnosys.a
END GROUP
LOAD c:/freescale/kds_v3/toolchain/bin/../lib/gcc/arm-none-eabi/4.8.4/armv6-m/crtend.o
LOAD c:/freescale/kds_v3/toolchain/bin/../lib/gcc/arm-none-eabi/4.8.4/armv6-m/crtn.o
                0x20003000                _estack = 0x20003000
                0x20003000                __SP_INIT = _estack
                0x20003000                __stack = _estack
                0x00000000                __heap_size = 0x0
                0x00000400                __stack_size = 0x400

.interrupts     0x00000000       0xc0
                0x00000000                __vector_table = .
                0x00000000                . = ALIGN (0x4)
 *(.vectortable)
 .vectortable   0x00000000       0xc0 ./Generated_Code/Vectors.o
                0x00000000                __vect_table
                0x000000c0                . = ALIGN (0x4)

.cfmprotect     0x00000400       0x10
                0x00000400                . = ALIGN (0x4)
 *(.cfmconfig)
 .cfmconfig     0x00000400       0x10 ./Generated_Code/Cpu.o
                0x00000400                _cfm
                0x00000410                . = ALIGN (0x4)

.text           0x00000410     0x179c
                0x00000410                . = ALIGN (0x4)
 *(.text)
 .text          0x00000410       0x60 c:/freescale/kds_v3/toolchain/bin/../lib/gcc/arm-none-eabi/4.8.4/armv6-m/crtbegin.o
 .text          0x00000470       0x78 c:/freescale/kds_v3/toolchain/bin/../lib/gcc/arm-none-eabi/4.8.4/../../../../arm-none-eabi/lib/armv6-m/crt0.o
                0x00000470                _start
                0x00000470                _mainCRTStartup
 *(.text*)
 .text.Cpu_OnNMIINT
                0x000004e8        0x8 ./Sources/Events.o
                0x000004e8                Cpu_OnNMIINT
 .text.FRTOS1_vApplicationStackOverflowHook
                0x000004f0       0x10 ./Sources/Events.o
                0x000004f0                FRTOS1_vApplicationStackOverflowHook
 .text.FRTOS1_vApplicationTickHook
                0x00000500        0x8 ./Sources/Events.o
                0x00000500                FRTOS1_vApplicationTickHook
 .text.FRTOS1_vApplicationIdleHook
                0x00000508        0x8 ./Sources/Events.o
                0x00000508                FRTOS1_vApplicationIdleHook
 .text.FRTOS1_vApplicationMallocFailedHook
                0x00000510        0x8 ./Sources/Events.o
                0x00000510                FRTOS1_vApplicationMallocFailedHook
 .text.Task_1   0x00000518       0x20 ./Sources/frtos_tasks.o
 .text.Task_2   0x00000538       0x20 ./Sources/frtos_tasks.o
 .text.Task_3   0x00000558       0x20 ./Sources/frtos_tasks.o
 .text.CreateTasks
                0x00000578       0x7c ./Sources/frtos_tasks.o
                0x00000578                CreateTasks
 .text.main     0x000005f4       0x10 ./Sources/main.o
                0x000005f4                main
 .text.__copy_rom_section
                0x00000604       0xd8 ./Project_Settings/Startup_Code/startup.o
                0x00000604                __copy_rom_section
 .text.__copy_rom_sections_to_ram
                0x000006dc       0x98 ./Project_Settings/Startup_Code/startup.o
                0x000006dc                __copy_rom_sections_to_ram
 .text.__init_registers
                0x00000774        0x8 ./Project_Settings/Startup_Code/startup.o
                0x00000774                __init_registers
 .text.__init_user
                0x0000077c        0x8 ./Project_Settings/Startup_Code/startup.o
                0x0000077c                __init_user
 .text.__thumb_startup
                0x00000784       0x30 ./Project_Settings/Startup_Code/startup.o
                0x00000784                __thumb_startup
 .text.BitIoLdd1_Init
                0x000007b4       0x64 ./Generated_Code/BitIoLdd1.o
                0x000007b4                BitIoLdd1_Init
 .text.BitIoLdd1_NegVal
                0x00000818       0x1c ./Generated_Code/BitIoLdd1.o
                0x00000818                BitIoLdd1_NegVal
 .text.BitIoLdd2_Init
                0x00000834       0x64 ./Generated_Code/BitIoLdd2.o
                0x00000834                BitIoLdd2_Init
 .text.BitIoLdd2_NegVal
                0x00000898       0x1c ./Generated_Code/BitIoLdd2.o
                0x00000898                BitIoLdd2_NegVal
 .text.BitIoLdd3_Init
                0x000008b4       0x60 ./Generated_Code/BitIoLdd3.o
                0x000008b4                BitIoLdd3_Init
 .text.BitIoLdd3_NegVal
                0x00000914       0x18 ./Generated_Code/BitIoLdd3.o
                0x00000914                BitIoLdd3_NegVal
 .text.Cpu_INT_NMIInterrupt
                0x0000092c        0xc ./Generated_Code/Cpu.o
                0x0000092c                Cpu_INT_NMIInterrupt
 .text.Cpu_Interrupt
                0x00000938        0xc ./Generated_Code/Cpu.o
                0x00000938                Cpu_Interrupt
 .text.__init_hardware
                0x00000944      0x110 ./Generated_Code/Cpu.o
                0x00000944                __init_hardware
 .text.PE_low_level_init
                0x00000a54       0xe0 ./Generated_Code/Cpu.o
                0x00000a54                PE_low_level_init
 .text.vApplicationGetIdleTaskMemory
                0x00000b34       0x2c ./Generated_Code/FRTOS1.o
                0x00000b34                vApplicationGetIdleTaskMemory
 .text.FRTOS1_Init
                0x00000b60       0x10 ./Generated_Code/FRTOS1.o
                0x00000b60                FRTOS1_Init
 .text.TSK1_CreateTasks
                0x00000b70        0xc ./Generated_Code/TSK1.o
                0x00000b70                TSK1_CreateTasks
 .text.pvPortMalloc
                0x00000b7c      0x160 ./Generated_Code/heap_4.o
                0x00000b7c                pvPortMalloc
 .text.vPortFree
                0x00000cdc       0x94 ./Generated_Code/heap_4.o
                0x00000cdc                vPortFree
 .text.prvHeapInit
                0x00000d70       0xc4 ./Generated_Code/heap_4.o
 .text.prvInsertBlockIntoFreeList
                0x00000e34       0xac ./Generated_Code/heap_4.o
 .text.vListInitialise
                0x00000ee0       0x3c ./Generated_Code/list.o
                0x00000ee0                vListInitialise
 .text.vListInitialiseItem
                0x00000f1c       0x14 ./Generated_Code/list.o
                0x00000f1c                vListInitialiseItem
 .text.vListInsertEnd
                0x00000f30       0x44 ./Generated_Code/list.o
                0x00000f30                vListInsertEnd
 .text.vListInsert
                0x00000f74       0x6c ./Generated_Code/list.o
                0x00000f74                vListInsert
 .text.uxListRemove
                0x00000fe0       0x50 ./Generated_Code/list.o
                0x00000fe0                uxListRemove
 .text.pxPortInitialiseStack
                0x00001030       0x50 ./Generated_Code/port.o
                0x00001030                pxPortInitialiseStack
 .text.vPortInitTickTimer
                0x00001080       0x44 ./Generated_Code/port.o
                0x00001080                vPortInitTickTimer
 .text.vPortStartTickTimer
                0x000010c4       0x14 ./Generated_Code/port.o
                0x000010c4                vPortStartTickTimer
 .text.vPortStopTickTimer
                0x000010d8       0x14 ./Generated_Code/port.o
                0x000010d8                vPortStopTickTimer
 .text.xPortStartScheduler
                0x000010ec       0x34 ./Generated_Code/port.o
                0x000010ec                xPortStartScheduler
 .text.vPortEnterCritical
                0x00001120       0x20 ./Generated_Code/port.o
                0x00001120                vPortEnterCritical
 .text.vPortExitCritical
                0x00001140       0x20 ./Generated_Code/port.o
                0x00001140                vPortExitCritical
 .text.vPortYieldFromISR
                0x00001160       0x1c ./Generated_Code/port.o
                0x00001160                vPortYieldFromISR
 .text.vPortTickHandler
                0x0000117c       0x1c ./Generated_Code/port.o
                0x0000117c                vPortTickHandler
 *fill*         0x00001198        0x8 
 .text.vPortStartFirstTask
                0x000011a0       0x40 ./Generated_Code/port.o
                0x000011a0                vPortStartFirstTask
 .text.vPortPendSVHandler
                0x000011e0       0x44 ./Generated_Code/port.o
                0x000011e0                vPortPendSVHandler
 .text.xTaskCreateStatic
                0x00001224       0x84 ./Generated_Code/tasks.o
                0x00001224                xTaskCreateStatic
 .text.xTaskCreate
                0x000012a8       0x98 ./Generated_Code/tasks.o
                0x000012a8                xTaskCreate
 .text.prvInitialiseNewTask
                0x00001340      0x108 ./Generated_Code/tasks.o
 .text.prvAddNewTaskToReadyList
                0x00001448       0xc4 ./Generated_Code/tasks.o
 .text.vTaskDelay
                0x0000150c       0x48 ./Generated_Code/tasks.o
                0x0000150c                vTaskDelay
 .text.vTaskStartScheduler
                0x00001554       0xa0 ./Generated_Code/tasks.o
                0x00001554                vTaskStartScheduler
 .text.vTaskSuspendAll
                0x000015f4       0x18 ./Generated_Code/tasks.o
                0x000015f4                vTaskSuspendAll
 .text.xTaskResumeAll
                0x0000160c      0x118 ./Generated_Code/tasks.o
                0x0000160c                xTaskResumeAll
 .text.xTaskIncrementTick
                0x00001724      0x178 ./Generated_Code/tasks.o
                0x00001724                xTaskIncrementTick
 .text.vTaskSwitchContext
                0x0000189c       0xc4 ./Generated_Code/tasks.o
                0x0000189c                vTaskSwitchContext
 .text.prvIdleTask
                0x00001960       0x24 ./Generated_Code/tasks.o
 .text.prvInitialiseTaskLists
                0x00001984       0x7c ./Generated_Code/tasks.o
 .text.prvCheckTasksWaitingTermination
                0x00001a00        0x8 ./Generated_Code/tasks.o
 .text.prvResetNextTaskUnblockTime
                0x00001a08       0x44 ./Generated_Code/tasks.o
 .text.prvAddCurrentTaskToDelayedList
                0x00001a4c       0xa8 ./Generated_Code/tasks.o
 .text.exit     0x00001af4       0x2c c:/freescale/kds_v3/toolchain/bin/../lib/gcc/arm-none-eabi/4.8.4/../../../../arm-none-eabi/lib/armv6-m\libg_s.a(lib_a-exit.o)
                0x00001af4                exit
 .text.__libc_init_array
                0x00001b20       0x4c c:/freescale/kds_v3/toolchain/bin/../lib/gcc/arm-none-eabi/4.8.4/../../../../arm-none-eabi/lib/armv6-m\libg_s.a(lib_a-init.o)
                0x00001b20                __libc_init_array
 .text.memset   0x00001b6c       0x10 c:/freescale/kds_v3/toolchain/bin/../lib/gcc/arm-none-eabi/4.8.4/../../../../arm-none-eabi/lib/armv6-m\libg_s.a(lib_a-memset.o)
                0x00001b6c                memset
 .text._exit    0x00001b7c        0x4 c:/freescale/kds_v3/toolchain/bin/../lib/gcc/arm-none-eabi/4.8.4/../../../../arm-none-eabi/lib/armv6-m\libnosys.a(_exit.o)
                0x00001b7c                _exit
 *(.rodata)
 .rodata        0x00001b80        0x4 ./Sources/frtos_tasks.o
 .rodata        0x00001b84        0x8 ./Generated_Code/tasks.o
 *(.rodata*)
 .rodata.str1.1
                0x00001b8c        0x2 c:/freescale/kds_v3/toolchain/bin/../lib/gcc/arm-none-eabi/4.8.4/../../../../arm-none-eabi/lib/armv6-m\libg_s.a(lib_a-impure.o)
 *fill*         0x00001b8e        0x2 
 .rodata._global_impure_ptr
                0x00001b90        0x4 c:/freescale/kds_v3/toolchain/bin/../lib/gcc/arm-none-eabi/4.8.4/../../../../arm-none-eabi/lib/armv6-m\libg_s.a(lib_a-impure.o)
                0x00001b90                _global_impure_ptr
 *(.glue_7)
 .glue_7        0x00000000        0x0 linker stubs
 *(.glue_7t)
 .glue_7t       0x00000000        0x0 linker stubs
 *(.eh_frame)
 .eh_frame      0x00001b94        0x0 c:/freescale/kds_v3/toolchain/bin/../lib/gcc/arm-none-eabi/4.8.4/armv6-m/crtbegin.o
 *(.init)
 .init          0x00001b94        0x4 c:/freescale/kds_v3/toolchain/bin/../lib/gcc/arm-none-eabi/4.8.4/armv6-m/crti.o
                0x00001b94                _init
 .init          0x00001b98        0x8 c:/freescale/kds_v3/toolchain/bin/../lib/gcc/arm-none-eabi/4.8.4/armv6-m/crtn.o
 *(.fini)
 .fini          0x00001ba0        0x4 c:/freescale/kds_v3/toolchain/bin/../lib/gcc/arm-none-eabi/4.8.4/armv6-m/crti.o
                0x00001ba0                _fini
 .fini          0x00001ba4        0x8 c:/freescale/kds_v3/toolchain/bin/../lib/gcc/arm-none-eabi/4.8.4/armv6-m/crtn.o
                0x00001bac                . = ALIGN (0x4)
                0x00001bac                _etext = .

.vfp11_veneer   0x00001bac        0x0
 .vfp11_veneer  0x00000000        0x0 linker stubs

.v4_bx          0x00001bac        0x0
 .v4_bx         0x00000000        0x0 linker stubs

.iplt           0x00001bac        0x0
 .iplt          0x00000000        0x0 c:/freescale/kds_v3/toolchain/bin/../lib/gcc/arm-none-eabi/4.8.4/armv6-m/crtbegin.o

.ARM.extab
 *(.ARM.extab* .gnu.linkonce.armextab.*)

.ARM            0x00001bac        0x8
                0x00001bac                __exidx_start = .
 *(.ARM.exidx*)
 .ARM.exidx     0x00001bac        0x8 c:/freescale/kds_v3/toolchain/bin/../lib/gcc/arm-none-eabi/4.8.4/../../../../arm-none-eabi/lib/armv6-m/crt0.o
                0x00001bb4                __exidx_end = .

.rel.dyn        0x00001bb4        0x0
 .rel.iplt      0x00000000        0x0 c:/freescale/kds_v3/toolchain/bin/../lib/gcc/arm-none-eabi/4.8.4/armv6-m/crtbegin.o

.ctors          0x00001bb4        0x0
                0x00001bb4                __CTOR_LIST__ = .
 *crtbegin.o(.ctors)
 *(EXCLUDE_FILE(*crtend.o) .ctors)
 *(SORT(.ctors.*))
 *(.ctors)
                0x00001bb4                __CTOR_END__ = .

.dtors          0x00001bb4        0x0
                0x00001bb4                __DTOR_LIST__ = .
 *crtbegin.o(.dtors)
 *(EXCLUDE_FILE(*crtend.o) .dtors)
 *(SORT(.dtors.*))
 *(.dtors)
                0x00001bb4                __DTOR_END__ = .

.preinit_array  0x00001bb4        0x0
                0x00001bb4                PROVIDE (__preinit_array_start, .)
 *(.preinit_array*)
                0x00001bb4                PROVIDE (__preinit_array_end, .)

.init_array     0x00001bb4        0x4
                0x00001bb4                PROVIDE (__init_array_start, .)
 *(SORT(.init_array.*))
 *(.init_array*)
 .init_array    0x00001bb4        0x4 c:/freescale/kds_v3/toolchain/bin/../lib/gcc/arm-none-eabi/4.8.4/armv6-m/crtbegin.o
                0x00001bb8                PROVIDE (__init_array_end, .)

.fini_array     0x00001bb8        0x4
                0x00001bb8                PROVIDE (__fini_array_start, .)
 *(SORT(.fini_array.*))
 *(.fini_array*)
 .fini_array    0x00001bb8        0x4 c:/freescale/kds_v3/toolchain/bin/../lib/gcc/arm-none-eabi/4.8.4/armv6-m/crtbegin.o
                0x00001bbc                PROVIDE (__fini_array_end, .)
                0x00001bbc                ___ROM_AT = .

.mtb            0x1ffff000        0x0
                0x1ffff000                . = ALIGN (0x8)
                0x1ffff000                _mtb_start = .
 *(.mtb_buf)
                0x1ffff000                . = ALIGN (0x8)
                0x1ffff000                _mtb_end = .

.data           0x1ffff000       0x68 load address 0x00001bbc
                0x1ffff000                . = ALIGN (0x4)
                0x1ffff000                _sdata = .
 *(.data)
 *(.data*)
 .data.xHeapStructSize
                0x1ffff000        0x4 ./Generated_Code/heap_4.o
 .data.uxCriticalNesting
                0x1ffff004        0x4 ./Generated_Code/port.o
 .data.impure_data
                0x1ffff008       0x60 c:/freescale/kds_v3/toolchain/bin/../lib/gcc/arm-none-eabi/4.8.4/../../../../arm-none-eabi/lib/armv6-m\libg_s.a(lib_a-impure.o)
                0x1ffff068                . = ALIGN (0x4)
                0x1ffff068                _edata = .
                0x00000068                ___data_size = (_edata - _sdata)

.jcr            0x1ffff068        0x0 load address 0x00001c24
 .jcr           0x1ffff068        0x0 c:/freescale/kds_v3/toolchain/bin/../lib/gcc/arm-none-eabi/4.8.4/armv6-m/crtbegin.o

.igot.plt       0x1ffff068        0x0 load address 0x00001c24
 .igot.plt      0x00000000        0x0 c:/freescale/kds_v3/toolchain/bin/../lib/gcc/arm-none-eabi/4.8.4/armv6-m/crtbegin.o
                0x1ffff068                . = ALIGN (0x4)

.bss            0x1ffff068      0xcc0 load address 0x00001c24
                0x1ffff068                __START_BSS = .
                0x1ffff068                PROVIDE (__bss_start__, __START_BSS)
 *(.bss)
 .bss           0x1ffff068       0x1c c:/freescale/kds_v3/toolchain/bin/../lib/gcc/arm-none-eabi/4.8.4/armv6-m/crtbegin.o
 *(.bss*)
 .bss.DeviceDataPrv__DEFAULT_RTOS_ALLOC
                0x1ffff084        0x4 ./Generated_Code/BitIoLdd1.o
 .bss.DeviceDataPrv__DEFAULT_RTOS_ALLOC
                0x1ffff088        0x4 ./Generated_Code/BitIoLdd2.o
 .bss.DeviceDataPrv__DEFAULT_RTOS_ALLOC
                0x1ffff08c        0x4 ./Generated_Code/BitIoLdd3.o
 .bss.xIdleTaskTCBBuffer
                0x1ffff090       0x54 ./Generated_Code/FRTOS1.o
 .bss.xIdleStack
                0x1ffff0e4      0x320 ./Generated_Code/FRTOS1.o
 .bss.PE_LDD_DeviceDataList
                0x1ffff404        0xc ./Generated_Code/PE_LDD.o
                0x1ffff404                PE_LDD_DeviceDataList
 .bss.ucHeap    0x1ffff410      0x800 ./Generated_Code/heap_4.o
 .bss.xStart    0x1ffffc10        0x8 ./Generated_Code/heap_4.o
 .bss.pxEnd     0x1ffffc18        0x4 ./Generated_Code/heap_4.o
 .bss.xFreeBytesRemaining
                0x1ffffc1c        0x4 ./Generated_Code/heap_4.o
 .bss.xMinimumEverFreeBytesRemaining
                0x1ffffc20        0x4 ./Generated_Code/heap_4.o
 .bss.xBlockAllocatedBit
                0x1ffffc24        0x4 ./Generated_Code/heap_4.o
 .bss.pxCurrentTCB
                0x1ffffc28        0x4 ./Generated_Code/tasks.o
                0x1ffffc28                pxCurrentTCB
 .bss.pxReadyTasksLists
                0x1ffffc2c       0x78 ./Generated_Code/tasks.o
 .bss.xDelayedTaskList1
                0x1ffffca4       0x14 ./Generated_Code/tasks.o
 .bss.xDelayedTaskList2
                0x1ffffcb8       0x14 ./Generated_Code/tasks.o
 .bss.pxDelayedTaskList
                0x1ffffccc        0x4 ./Generated_Code/tasks.o
 .bss.pxOverflowDelayedTaskList
                0x1ffffcd0        0x4 ./Generated_Code/tasks.o
 .bss.xPendingReadyList
                0x1ffffcd4       0x14 ./Generated_Code/tasks.o
 .bss.xSuspendedTaskList
                0x1ffffce8       0x14 ./Generated_Code/tasks.o
 .bss.uxCurrentNumberOfTasks
                0x1ffffcfc        0x4 ./Generated_Code/tasks.o
 .bss.xTickCount
                0x1ffffd00        0x4 ./Generated_Code/tasks.o
 .bss.uxTopReadyPriority
                0x1ffffd04        0x4 ./Generated_Code/tasks.o
 .bss.xSchedulerRunning
                0x1ffffd08        0x4 ./Generated_Code/tasks.o
 .bss.uxPendedTicks
                0x1ffffd0c        0x4 ./Generated_Code/tasks.o
 .bss.xYieldPending
                0x1ffffd10        0x4 ./Generated_Code/tasks.o
 .bss.xNumOfOverflows
                0x1ffffd14        0x4 ./Generated_Code/tasks.o
 .bss.uxTaskNumber
                0x1ffffd18        0x4 ./Generated_Code/tasks.o
 .bss.xNextTaskUnblockTime
                0x1ffffd1c        0x4 ./Generated_Code/tasks.o
 .bss.xIdleTaskHandle
                0x1ffffd20        0x4 ./Generated_Code/tasks.o
 .bss.uxSchedulerSuspended
                0x1ffffd24        0x4 ./Generated_Code/tasks.o
 *(COMMON)
                0x1ffffd28                . = ALIGN (0x4)
                0x1ffffd28                __END_BSS = .
                0x1ffffd28                PROVIDE (__bss_end__, __END_BSS)
                0x00001c24                _romp_at = (___ROM_AT + SIZEOF (.data))

.romp           0x1ffffd28       0x18 load address 0x00001c24
                0x00001c24                __S_romp = _romp_at
                0x1ffffd28        0x4 LONG 0x1bbc ___ROM_AT
                0x1ffffd2c        0x4 LONG 0x1ffff000 _sdata
                0x1ffffd30        0x4 LONG 0x68 ___data_size
                0x1ffffd34        0x4 LONG 0x0
                0x1ffffd38        0x4 LONG 0x0
                0x1ffffd3c        0x4 LONG 0x0
                0x00020000                text_end = (ORIGIN (m_text) + 0x1fbf0)
                0x00001c3c                data_init_end = ((___ROM_AT + SIZEOF (.data)) + SIZEOF (.romp))
                0x00000001                ASSERT ((data_init_end <= text_end), region m_text overflowed with text and data)

._user_heap_stack
                0x1ffffd40      0x400 load address 0x00001c3c
                0x1ffffd40                . = ALIGN (0x4)
                0x1ffffd40                PROVIDE (end, .)
                0x1ffffd40                PROVIDE (_end, .)
                0x1ffffd40                PROVIDE (__end__, .)
                0x1ffffd40                __heap_addr = .
                0x1ffffd40                __HeapBase = .
                0x1ffffd40                . = (. + __heap_size)
                0x1ffffd40                __HeapLimit = .
                0x20000140                . = (. + __stack_size)
 *fill*         0x1ffffd40      0x400 
                0x20000140                . = ALIGN (0x4)

.ARM.attributes
                0x00000000       0x28
 *(.ARM.attributes)
 .ARM.attributes
                0x00000000       0x1e c:/freescale/kds_v3/toolchain/bin/../lib/gcc/arm-none-eabi/4.8.4/armv6-m/crti.o
 .ARM.attributes
                0x0000001e       0x2c c:/freescale/kds_v3/toolchain/bin/../lib/gcc/arm-none-eabi/4.8.4/armv6-m/crtbegin.o
 .ARM.attributes
                0x0000004a       0x1b c:/freescale/kds_v3/toolchain/bin/../lib/gcc/arm-none-eabi/4.8.4/../../../../arm-none-eabi/lib/armv6-m/crt0.o
 .ARM.attributes
                0x00000065       0x32 ./Sources/Events.o
 .ARM.attributes
                0x00000097       0x32 ./Sources/frtos_tasks.o
 .ARM.attributes
                0x000000c9       0x32 ./Sources/main.o
 .ARM.attributes
                0x000000fb       0x32 ./Project_Settings/Startup_Code/startup.o
 .ARM.attributes
                0x0000012d       0x32 ./Generated_Code/BitIoLdd1.o
 .ARM.attributes
                0x0000015f       0x32 ./Generated_Code/BitIoLdd2.o
 .ARM.attributes
                0x00000191       0x32 ./Generated_Code/BitIoLdd3.o
 .ARM.attributes
                0x000001c3       0x32 ./Generated_Code/Cpu.o
 .ARM.attributes
                0x000001f5       0x32 ./Generated_Code/FRTOS1.o
 .ARM.attributes
                0x00000227       0x32 ./Generated_Code/PE_LDD.o
 .ARM.attributes
                0x00000259       0x32 ./Generated_Code/TSK1.o
 .ARM.attributes
                0x0000028b       0x32 ./Generated_Code/Vectors.o
 .ARM.attributes
                0x000002bd       0x32 ./Generated_Code/heap_4.o
 .ARM.attributes
                0x000002ef       0x32 ./Generated_Code/list.o
 .ARM.attributes
                0x00000321       0x32 ./Generated_Code/port.o
 .ARM.attributes
                0x00000353       0x32 ./Generated_Code/tasks.o
 .ARM.attributes
                0x00000385       0x2c c:/freescale/kds_v3/toolchain/bin/../lib/gcc/arm-none-eabi/4.8.4/../../../../arm-none-eabi/lib/armv6-m\libg_s.a(lib_a-exit.o)
 .ARM.attributes
                0x000003b1       0x2c c:/freescale/kds_v3/toolchain/bin/../lib/gcc/arm-none-eabi/4.8.4/../../../../arm-none-eabi/lib/armv6-m\libg_s.a(lib_a-impure.o)
 .ARM.attributes
                0x000003dd       0x2c c:/freescale/kds_v3/toolchain/bin/../lib/gcc/arm-none-eabi/4.8.4/../../../../arm-none-eabi/lib/armv6-m\libg_s.a(lib_a-init.o)
 .ARM.attributes
                0x00000409       0x2c c:/freescale/kds_v3/toolchain/bin/../lib/gcc/arm-none-eabi/4.8.4/../../../../arm-none-eabi/lib/armv6-m\libg_s.a(lib_a-memset.o)
 .ARM.attributes
                0x00000435       0x2c c:/freescale/kds_v3/toolchain/bin/../lib/gcc/arm-none-eabi/4.8.4/../../../../arm-none-eabi/lib/armv6-m\libnosys.a(_exit.o)
 .ARM.attributes
                0x00000461       0x1e c:/freescale/kds_v3/toolchain/bin/../lib/gcc/arm-none-eabi/4.8.4/armv6-m/crtn.o
OUTPUT(EX07_FreeRTOS.elf elf32-littlearm)

.debug_info     0x00000000     0x3f1b
 .debug_info    0x00000000      0x10e ./Sources/Events.o
 .debug_info    0x0000010e      0x169 ./Sources/frtos_tasks.o
 .debug_info    0x00000277       0x9a ./Sources/main.o
 .debug_info    0x00000311      0x20a ./Project_Settings/Startup_Code/startup.o
 .debug_info    0x0000051b      0x3dc ./Generated_Code/BitIoLdd1.o
 .debug_info    0x000008f7      0x3dc ./Generated_Code/BitIoLdd2.o
 .debug_info    0x00000cd3      0x3dc ./Generated_Code/BitIoLdd3.o
 .debug_info    0x000010af      0x842 ./Generated_Code/Cpu.o
 .debug_info    0x000018f1      0x2b4 ./Generated_Code/FRTOS1.o
 .debug_info    0x00001ba5      0x251 ./Generated_Code/PE_LDD.o
 .debug_info    0x00001df6       0x96 ./Generated_Code/TSK1.o
 .debug_info    0x00001e8c      0x10e ./Generated_Code/Vectors.o
 .debug_info    0x00001f9a      0x306 ./Generated_Code/heap_4.o
 .debug_info    0x000022a0      0x2a8 ./Generated_Code/list.o
 .debug_info    0x00002548      0x253 ./Generated_Code/port.o
 .debug_info    0x0000279b     0x1780 ./Generated_Code/tasks.o

.debug_abbrev   0x00000000     0x1091
 .debug_abbrev  0x00000000       0x8b ./Sources/Events.o
 .debug_abbrev  0x0000008b       0xb3 ./Sources/frtos_tasks.o
 .debug_abbrev  0x0000013e       0x47 ./Sources/main.o
 .debug_abbrev  0x00000185      0x11e ./Project_Settings/Startup_Code/startup.o
 .debug_abbrev  0x000002a3      0x15f ./Generated_Code/BitIoLdd1.o
 .debug_abbrev  0x00000402      0x15f ./Generated_Code/BitIoLdd2.o
 .debug_abbrev  0x00000561      0x15f ./Generated_Code/BitIoLdd3.o
 .debug_abbrev  0x000006c0      0x14f ./Generated_Code/Cpu.o
 .debug_abbrev  0x0000080f      0x109 ./Generated_Code/FRTOS1.o
 .debug_abbrev  0x00000918      0x10d ./Generated_Code/PE_LDD.o
 .debug_abbrev  0x00000a25       0x45 ./Generated_Code/TSK1.o
 .debug_abbrev  0x00000a6a       0xa4 ./Generated_Code/Vectors.o
 .debug_abbrev  0x00000b0e      0x17c ./Generated_Code/heap_4.o
 .debug_abbrev  0x00000c8a       0xc1 ./Generated_Code/list.o
 .debug_abbrev  0x00000d4b      0x10c ./Generated_Code/port.o
 .debug_abbrev  0x00000e57      0x23a ./Generated_Code/tasks.o

.debug_aranges  0x00000000      0x598
 .debug_aranges
                0x00000000       0x40 ./Sources/Events.o
 .debug_aranges
                0x00000040       0x38 ./Sources/frtos_tasks.o
 .debug_aranges
                0x00000078       0x20 ./Sources/main.o
 .debug_aranges
                0x00000098       0x50 ./Project_Settings/Startup_Code/startup.o
 .debug_aranges
                0x000000e8       0x50 ./Generated_Code/BitIoLdd1.o
 .debug_aranges
                0x00000138       0x50 ./Generated_Code/BitIoLdd2.o
 .debug_aranges
                0x00000188       0x50 ./Generated_Code/BitIoLdd3.o
 .debug_aranges
                0x000001d8       0x38 ./Generated_Code/Cpu.o
 .debug_aranges
                0x00000210       0x38 ./Generated_Code/FRTOS1.o
 .debug_aranges
                0x00000248       0x30 ./Generated_Code/PE_LDD.o
 .debug_aranges
                0x00000278       0x20 ./Generated_Code/TSK1.o
 .debug_aranges
                0x00000298       0x18 ./Generated_Code/Vectors.o
 .debug_aranges
                0x000002b0       0x50 ./Generated_Code/heap_4.o
 .debug_aranges
                0x00000300       0x40 ./Generated_Code/list.o
 .debug_aranges
                0x00000340       0x90 ./Generated_Code/port.o
 .debug_aranges
                0x000003d0      0x1c8 ./Generated_Code/tasks.o

.debug_ranges   0x00000000      0x490
 .debug_ranges  0x00000000       0x30 ./Sources/Events.o
 .debug_ranges  0x00000030       0x28 ./Sources/frtos_tasks.o
 .debug_ranges  0x00000058       0x10 ./Sources/main.o
 .debug_ranges  0x00000068       0x40 ./Project_Settings/Startup_Code/startup.o
 .debug_ranges  0x000000a8       0x40 ./Generated_Code/BitIoLdd1.o
 .debug_ranges  0x000000e8       0x40 ./Generated_Code/BitIoLdd2.o
 .debug_ranges  0x00000128       0x40 ./Generated_Code/BitIoLdd3.o
 .debug_ranges  0x00000168       0x28 ./Generated_Code/Cpu.o
 .debug_ranges  0x00000190       0x28 ./Generated_Code/FRTOS1.o
 .debug_ranges  0x000001b8       0x20 ./Generated_Code/PE_LDD.o
 .debug_ranges  0x000001d8       0x10 ./Generated_Code/TSK1.o
 .debug_ranges  0x000001e8       0x40 ./Generated_Code/heap_4.o
 .debug_ranges  0x00000228       0x30 ./Generated_Code/list.o
 .debug_ranges  0x00000258       0x80 ./Generated_Code/port.o
 .debug_ranges  0x000002d8      0x1b8 ./Generated_Code/tasks.o

.debug_macro    0x00000000    0x141d4
 .debug_macro   0x00000000      0x2c5 ./Sources/Events.o
 .debug_macro   0x000002c5      0x802 ./Sources/Events.o
 .debug_macro   0x00000ac7       0x16 ./Sources/Events.o
 .debug_macro   0x00000add       0x44 ./Sources/Events.o
 .debug_macro   0x00000b21      0x209 ./Sources/Events.o
 .debug_macro   0x00000d2a     0x157d ./Sources/Events.o
 .debug_macro   0x000022a7      0x14e ./Sources/Events.o
 .debug_macro   0x000023f5       0x64 ./Sources/Events.o
 .debug_macro   0x00002459     0x6691 ./Sources/Events.o
 .debug_macro   0x00008aea       0x94 ./Sources/Events.o
 .debug_macro   0x00008b7e       0x64 ./Sources/Events.o
 .debug_macro   0x00008be2       0xe2 ./Sources/Events.o
 .debug_macro   0x00008cc4      0x260 ./Sources/Events.o
 .debug_macro   0x00008f24      0x166 ./Sources/Events.o
 .debug_macro   0x0000908a      0x168 ./Sources/Events.o
 .debug_macro   0x000091f2       0xe2 ./Sources/Events.o
 .debug_macro   0x000092d4       0x10 ./Sources/Events.o
 .debug_macro   0x000092e4       0x1f ./Sources/Events.o
 .debug_macro   0x00009303      0x36f ./Sources/Events.o
 .debug_macro   0x00009672       0xc0 ./Sources/Events.o
 .debug_macro   0x00009732       0x8c ./Sources/Events.o
 .debug_macro   0x000097be       0x9b ./Sources/Events.o
 .debug_macro   0x00009859       0x9b ./Sources/Events.o
 .debug_macro   0x000098f4       0x97 ./Sources/Events.o
 .debug_macro   0x0000998b       0x19 ./Sources/Events.o
 .debug_macro   0x000099a4      0x314 ./Sources/Events.o
 .debug_macro   0x00009cb8       0x58 ./Sources/Events.o
 .debug_macro   0x00009d10       0x35 ./Sources/Events.o
 .debug_macro   0x00009d45       0xa3 ./Sources/Events.o
 .debug_macro   0x00009de8       0x52 ./Sources/Events.o
 .debug_macro   0x00009e3a       0x16 ./Sources/Events.o
 .debug_macro   0x00009e50       0x43 ./Sources/Events.o
 .debug_macro   0x00009e93      0x180 ./Sources/Events.o
 .debug_macro   0x0000a013      0x2a6 ./Sources/Events.o
 .debug_macro   0x0000a2b9       0x10 ./Sources/Events.o
 .debug_macro   0x0000a2c9       0x35 ./Sources/Events.o
 .debug_macro   0x0000a2fe       0x19 ./Sources/Events.o
 .debug_macro   0x0000a317       0x94 ./Sources/Events.o
 .debug_macro   0x0000a3ab      0x12c ./Sources/Events.o
 .debug_macro   0x0000a4d7       0x4c ./Sources/Events.o
 .debug_macro   0x0000a523       0x2d ./Sources/Events.o
 .debug_macro   0x0000a550       0x52 ./Sources/Events.o
 .debug_macro   0x0000a5a2       0x2d ./Sources/Events.o
 .debug_macro   0x0000a5cf       0x52 ./Sources/Events.o
 .debug_macro   0x0000a621       0x2d ./Sources/Events.o
 .debug_macro   0x0000a64e      0x1d8 ./Sources/frtos_tasks.o
 .debug_macro   0x0000a826       0x9a ./Sources/frtos_tasks.o
 .debug_macro   0x0000a8c0      0x2c5 ./Sources/main.o
 .debug_macro   0x0000ab85      0x121 ./Project_Settings/Startup_Code/startup.o
 .debug_macro   0x0000aca6       0x4a ./Project_Settings/Startup_Code/startup.o
 .debug_macro   0x0000acf0       0x16 ./Project_Settings/Startup_Code/startup.o
 .debug_macro   0x0000ad06       0x22 ./Project_Settings/Startup_Code/startup.o
 .debug_macro   0x0000ad28       0x10 ./Project_Settings/Startup_Code/startup.o
 .debug_macro   0x0000ad38      0x20f ./Project_Settings/Startup_Code/startup.o
 .debug_macro   0x0000af47     0x6685 ./Project_Settings/Startup_Code/startup.o
 .debug_macro   0x000115cc      0x11e ./Generated_Code/BitIoLdd1.o
 .debug_macro   0x000116ea     0x1577 ./Generated_Code/BitIoLdd1.o
 .debug_macro   0x00012c61      0x11e ./Generated_Code/BitIoLdd2.o
 .debug_macro   0x00012d7f      0x11e ./Generated_Code/BitIoLdd3.o
 .debug_macro   0x00012e9d      0x2d9 ./Generated_Code/Cpu.o
 .debug_macro   0x00013176      0x16c ./Generated_Code/FRTOS1.o
 .debug_macro   0x000132e2       0x1c ./Generated_Code/FRTOS1.o
 .debug_macro   0x000132fe      0x299 ./Generated_Code/PE_LDD.o
 .debug_macro   0x00013597      0x16e ./Generated_Code/TSK1.o
 .debug_macro   0x00013705      0x2d5 ./Generated_Code/Vectors.o
 .debug_macro   0x000139da      0x1c5 ./Generated_Code/heap_4.o
 .debug_macro   0x00013b9f      0x192 ./Generated_Code/list.o
 .debug_macro   0x00013d31      0x20f ./Generated_Code/port.o
 .debug_macro   0x00013f40      0x284 ./Generated_Code/tasks.o
 .debug_macro   0x000141c4       0x10 ./Generated_Code/tasks.o

.debug_line     0x00000000     0x56b2
 .debug_line    0x00000000      0x5e7 ./Sources/Events.o
 .debug_line    0x000005e7      0x52f ./Sources/frtos_tasks.o
 .debug_line    0x00000b16      0x59f ./Sources/main.o
 .debug_line    0x000010b5      0x448 ./Project_Settings/Startup_Code/startup.o
 .debug_line    0x000014fd      0x415 ./Generated_Code/BitIoLdd1.o
 .debug_line    0x00001912      0x415 ./Generated_Code/BitIoLdd2.o
 .debug_line    0x00001d27      0x415 ./Generated_Code/BitIoLdd3.o
 .debug_line    0x0000213c      0x722 ./Generated_Code/Cpu.o
 .debug_line    0x0000285e      0x38d ./Generated_Code/FRTOS1.o
 .debug_line    0x00002beb      0x557 ./Generated_Code/PE_LDD.o
 .debug_line    0x00003142      0x3d3 ./Generated_Code/TSK1.o
 .debug_line    0x00003515      0x6b2 ./Generated_Code/Vectors.o
 .debug_line    0x00003bc7      0x48a ./Generated_Code/heap_4.o
 .debug_line    0x00004051      0x3e1 ./Generated_Code/list.o
 .debug_line    0x00004432      0x445 ./Generated_Code/port.o
 .debug_line    0x00004877      0xe3b ./Generated_Code/tasks.o

.debug_str      0x00000000    0x3a8a6
 .debug_str     0x00000000    0x37cbe ./Sources/Events.o
                              0x381ce (size before relaxing)
 .debug_str     0x00037cbe       0x89 ./Sources/frtos_tasks.o
                              0x35f3d (size before relaxing)
 .debug_str     0x00037d47       0x17 ./Sources/main.o
                              0x38124 (size before relaxing)
 .debug_str     0x00037d5e      0x1a6 ./Project_Settings/Startup_Code/startup.o
                              0x2734d (size before relaxing)
 .debug_str     0x00037f04      0x196 ./Generated_Code/BitIoLdd1.o
                              0x306d3 (size before relaxing)
 .debug_str     0x0003809a       0xc2 ./Generated_Code/BitIoLdd2.o
                              0x306d3 (size before relaxing)
 .debug_str     0x0003815c       0xc2 ./Generated_Code/BitIoLdd3.o
                              0x306cd (size before relaxing)
 .debug_str     0x0003821e      0x2b5 ./Generated_Code/Cpu.o
                              0x38424 (size before relaxing)
 .debug_str     0x000384d3      0x215 ./Generated_Code/FRTOS1.o
                              0x34993 (size before relaxing)
 .debug_str     0x000386e8      0x17e ./Generated_Code/PE_LDD.o
                              0x382d8 (size before relaxing)
 .debug_str     0x00038866       0x2a ./Generated_Code/TSK1.o
                              0x3476b (size before relaxing)
 .debug_str     0x00038890       0x1c ./Generated_Code/Vectors.o
                              0x38176 (size before relaxing)
 .debug_str     0x000388ac      0x277 ./Generated_Code/heap_4.o
                              0x31924 (size before relaxing)
 .debug_str     0x00038b23      0x124 ./Generated_Code/list.o
                              0x31218 (size before relaxing)
 .debug_str     0x00038c47      0x916 ./Generated_Code/port.o
                              0x30cdb (size before relaxing)
 .debug_str     0x0003955d     0x1349 ./Generated_Code/tasks.o
                              0x34382 (size before relaxing)

.comment        0x00000000       0x70
 .comment       0x00000000       0x70 ./Sources/Events.o
                                 0x71 (size before relaxing)
 .comment       0x00000000       0x71 ./Sources/frtos_tasks.o
 .comment       0x00000000       0x71 ./Sources/main.o
 .comment       0x00000000       0x71 ./Project_Settings/Startup_Code/startup.o
 .comment       0x00000000       0x71 ./Generated_Code/BitIoLdd1.o
 .comment       0x00000000       0x71 ./Generated_Code/BitIoLdd2.o
 .comment       0x00000000       0x71 ./Generated_Code/BitIoLdd3.o
 .comment       0x00000000       0x71 ./Generated_Code/Cpu.o
 .comment       0x00000000       0x71 ./Generated_Code/FRTOS1.o
 .comment       0x00000000       0x71 ./Generated_Code/PE_LDD.o
 .comment       0x00000000       0x71 ./Generated_Code/TSK1.o
 .comment       0x00000000       0x71 ./Generated_Code/Vectors.o
 .comment       0x00000000       0x71 ./Generated_Code/heap_4.o
 .comment       0x00000000       0x71 ./Generated_Code/list.o
 .comment       0x00000000       0x71 ./Generated_Code/port.o
 .comment       0x00000000       0x71 ./Generated_Code/tasks.o

.debug_frame    0x00000000     0x1120
 .debug_frame   0x00000000       0xa0 ./Sources/Events.o
 .debug_frame   0x000000a0       0x90 ./Sources/frtos_tasks.o
 .debug_frame   0x00000130       0x2c ./Sources/main.o
 .debug_frame   0x0000015c       0xd0 ./Project_Settings/Startup_Code/startup.o
 .debug_frame   0x0000022c       0xf0 ./Generated_Code/BitIoLdd1.o
 .debug_frame   0x0000031c       0xf0 ./Generated_Code/BitIoLdd2.o
 .debug_frame   0x0000040c       0xf0 ./Generated_Code/BitIoLdd3.o
 .debug_frame   0x000004fc       0x80 ./Generated_Code/Cpu.o
 .debug_frame   0x0000057c       0x84 ./Generated_Code/FRTOS1.o
 .debug_frame   0x00000600       0x6c ./Generated_Code/PE_LDD.o
 .debug_frame   0x0000066c       0x2c ./Generated_Code/TSK1.o
 .debug_frame   0x00000698       0xe4 ./Generated_Code/heap_4.o
 .debug_frame   0x0000077c       0xb0 ./Generated_Code/list.o
 .debug_frame   0x0000082c      0x1a4 ./Generated_Code/port.o
 .debug_frame   0x000009d0      0x6bc ./Generated_Code/tasks.o
 .debug_frame   0x0000108c       0x28 c:/freescale/kds_v3/toolchain/bin/../lib/gcc/arm-none-eabi/4.8.4/../../../../arm-none-eabi/lib/armv6-m\libg_s.a(lib_a-exit.o)
 .debug_frame   0x000010b4       0x2c c:/freescale/kds_v3/toolchain/bin/../lib/gcc/arm-none-eabi/4.8.4/../../../../arm-none-eabi/lib/armv6-m\libg_s.a(lib_a-init.o)
 .debug_frame   0x000010e0       0x20 c:/freescale/kds_v3/toolchain/bin/../lib/gcc/arm-none-eabi/4.8.4/../../../../arm-none-eabi/lib/armv6-m\libg_s.a(lib_a-memset.o)
 .debug_frame   0x00001100       0x20 c:/freescale/kds_v3/toolchain/bin/../lib/gcc/arm-none-eabi/4.8.4/../../../../arm-none-eabi/lib/armv6-m\libnosys.a(_exit.o)
