Archive member included because of file (symbol)

c:/freescale/kds_v3/toolchain/bin/../lib/gcc/arm-none-eabi/4.8.4/../../../../arm-none-eabi/lib/armv6-m\libg_s.a(lib_a-exit.o)
                              c:/freescale/kds_v3/toolchain/bin/../lib/gcc/arm-none-eabi/4.8.4/../../../../arm-none-eabi/lib/armv6-m/crt0.o (exit)
c:/freescale/kds_v3/toolchain/bin/../lib/gcc/arm-none-eabi/4.8.4/../../../../arm-none-eabi/lib/armv6-m\libg_s.a(lib_a-impure.o)
                              c:/freescale/kds_v3/toolchain/bin/../lib/gcc/arm-none-eabi/4.8.4/../../../../arm-none-eabi/lib/armv6-m\libg_s.a(lib_a-exit.o) (_global_impure_ptr)
c:/freescale/kds_v3/toolchain/bin/../lib/gcc/arm-none-eabi/4.8.4/../../../../arm-none-eabi/lib/armv6-m\libg_s.a(lib_a-init.o)
                              c:/freescale/kds_v3/toolchain/bin/../lib/gcc/arm-none-eabi/4.8.4/../../../../arm-none-eabi/lib/armv6-m/crt0.o (__libc_init_array)
c:/freescale/kds_v3/toolchain/bin/../lib/gcc/arm-none-eabi/4.8.4/../../../../arm-none-eabi/lib/armv6-m\libg_s.a(lib_a-memset.o)
                              c:/freescale/kds_v3/toolchain/bin/../lib/gcc/arm-none-eabi/4.8.4/../../../../arm-none-eabi/lib/armv6-m/crt0.o (memset)
c:/freescale/kds_v3/toolchain/bin/../lib/gcc/arm-none-eabi/4.8.4/../../../../arm-none-eabi/lib/armv6-m\libnosys.a(_exit.o)
                              c:/freescale/kds_v3/toolchain/bin/../lib/gcc/arm-none-eabi/4.8.4/../../../../arm-none-eabi/lib/armv6-m\libg_s.a(lib_a-exit.o) (_exit)

Allocating common symbols
Common symbol       size              file

SR_reg              0x1               ./Generated_Code/Cpu.o

Discarded input sections

 .text          0x00000000        0x0 c:/freescale/kds_v3/toolchain/bin/../lib/gcc/arm-none-eabi/4.8.4/armv6-m/crti.o
 .data          0x00000000        0x0 c:/freescale/kds_v3/toolchain/bin/../lib/gcc/arm-none-eabi/4.8.4/armv6-m/crti.o
 .bss           0x00000000        0x0 c:/freescale/kds_v3/toolchain/bin/../lib/gcc/arm-none-eabi/4.8.4/armv6-m/crti.o
 .data          0x00000000        0x4 c:/freescale/kds_v3/toolchain/bin/../lib/gcc/arm-none-eabi/4.8.4/armv6-m/crtbegin.o
 .data          0x00000000        0x0 c:/freescale/kds_v3/toolchain/bin/../lib/gcc/arm-none-eabi/4.8.4/../../../../arm-none-eabi/lib/armv6-m/crt0.o
 .bss           0x00000000        0x0 c:/freescale/kds_v3/toolchain/bin/../lib/gcc/arm-none-eabi/4.8.4/../../../../arm-none-eabi/lib/armv6-m/crt0.o
 .ARM.extab     0x00000000        0x0 c:/freescale/kds_v3/toolchain/bin/../lib/gcc/arm-none-eabi/4.8.4/../../../../arm-none-eabi/lib/armv6-m/crt0.o
 .group         0x00000000        0x8 ./Sources/Events.o
 .group         0x00000000        0x8 ./Sources/Events.o
 .group         0x00000000        0x8 ./Sources/Events.o
 .group         0x00000000        0x8 ./Sources/Events.o
 .group         0x00000000        0x8 ./Sources/Events.o
 .group         0x00000000        0x8 ./Sources/Events.o
 .group         0x00000000        0x8 ./Sources/Events.o
 .group         0x00000000        0x8 ./Sources/Events.o
 .group         0x00000000        0x8 ./Sources/Events.o
 .group         0x00000000        0x8 ./Sources/Events.o
 .group         0x00000000        0x8 ./Sources/Events.o
 .group         0x00000000        0x8 ./Sources/Events.o
 .group         0x00000000        0x8 ./Sources/Events.o
 .group         0x00000000        0x8 ./Sources/Events.o
 .group         0x00000000        0x8 ./Sources/Events.o
 .group         0x00000000        0x8 ./Sources/Events.o
 .group         0x00000000        0x8 ./Sources/Events.o
 .group         0x00000000        0x8 ./Sources/Events.o
 .text          0x00000000        0x0 ./Sources/Events.o
 .data          0x00000000        0x0 ./Sources/Events.o
 .bss           0x00000000        0x0 ./Sources/Events.o
 .group         0x00000000        0x8 ./Sources/MMA8451.o
 .group         0x00000000        0x8 ./Sources/MMA8451.o
 .group         0x00000000        0x8 ./Sources/MMA8451.o
 .group         0x00000000        0x8 ./Sources/MMA8451.o
 .group         0x00000000        0x8 ./Sources/MMA8451.o
 .group         0x00000000        0x8 ./Sources/MMA8451.o
 .group         0x00000000        0x8 ./Sources/MMA8451.o
 .group         0x00000000        0x8 ./Sources/MMA8451.o
 .group         0x00000000        0x8 ./Sources/MMA8451.o
 .group         0x00000000        0x8 ./Sources/MMA8451.o
 .group         0x00000000        0x8 ./Sources/MMA8451.o
 .group         0x00000000        0x8 ./Sources/MMA8451.o
 .group         0x00000000        0x8 ./Sources/MMA8451.o
 .group         0x00000000        0x8 ./Sources/MMA8451.o
 .group         0x00000000        0x8 ./Sources/MMA8451.o
 .group         0x00000000        0x8 ./Sources/MMA8451.o
 .group         0x00000000        0x8 ./Sources/MMA8451.o
 .group         0x00000000        0x8 ./Sources/MMA8451.o
 .text          0x00000000        0x0 ./Sources/MMA8451.o
 .data          0x00000000        0x0 ./Sources/MMA8451.o
 .bss           0x00000000        0x0 ./Sources/MMA8451.o
 .debug_macro   0x00000000      0x802 ./Sources/MMA8451.o
 .debug_macro   0x00000000       0x16 ./Sources/MMA8451.o
 .debug_macro   0x00000000       0x44 ./Sources/MMA8451.o
 .debug_macro   0x00000000      0x209 ./Sources/MMA8451.o
 .debug_macro   0x00000000     0x1584 ./Sources/MMA8451.o
 .debug_macro   0x00000000      0x14e ./Sources/MMA8451.o
 .debug_macro   0x00000000       0x64 ./Sources/MMA8451.o
 .debug_macro   0x00000000     0x6691 ./Sources/MMA8451.o
 .debug_macro   0x00000000       0x94 ./Sources/MMA8451.o
 .debug_macro   0x00000000      0x12c ./Sources/MMA8451.o
 .debug_macro   0x00000000       0x4c ./Sources/MMA8451.o
 .debug_macro   0x00000000       0x2d ./Sources/MMA8451.o
 .debug_macro   0x00000000       0x52 ./Sources/MMA8451.o
 .debug_macro   0x00000000       0x2d ./Sources/MMA8451.o
 .debug_macro   0x00000000       0x52 ./Sources/MMA8451.o
 .debug_macro   0x00000000       0x2d ./Sources/MMA8451.o
 .debug_macro   0x00000000       0x3c ./Sources/MMA8451.o
 .group         0x00000000        0x8 ./Sources/main.o
 .group         0x00000000        0x8 ./Sources/main.o
 .group         0x00000000        0x8 ./Sources/main.o
 .group         0x00000000        0x8 ./Sources/main.o
 .group         0x00000000        0x8 ./Sources/main.o
 .group         0x00000000        0x8 ./Sources/main.o
 .group         0x00000000        0x8 ./Sources/main.o
 .group         0x00000000        0x8 ./Sources/main.o
 .group         0x00000000        0x8 ./Sources/main.o
 .group         0x00000000        0x8 ./Sources/main.o
 .group         0x00000000        0x8 ./Sources/main.o
 .group         0x00000000        0x8 ./Sources/main.o
 .group         0x00000000        0x8 ./Sources/main.o
 .group         0x00000000        0x8 ./Sources/main.o
 .group         0x00000000        0x8 ./Sources/main.o
 .group         0x00000000        0x8 ./Sources/main.o
 .group         0x00000000        0x8 ./Sources/main.o
 .group         0x00000000        0x8 ./Sources/main.o
 .text          0x00000000        0x0 ./Sources/main.o
 .data          0x00000000        0x0 ./Sources/main.o
 .bss           0x00000000        0x0 ./Sources/main.o
 .debug_macro   0x00000000      0x802 ./Sources/main.o
 .debug_macro   0x00000000       0x16 ./Sources/main.o
 .debug_macro   0x00000000       0x44 ./Sources/main.o
 .debug_macro   0x00000000      0x209 ./Sources/main.o
 .debug_macro   0x00000000     0x1584 ./Sources/main.o
 .debug_macro   0x00000000      0x14e ./Sources/main.o
 .debug_macro   0x00000000       0x64 ./Sources/main.o
 .debug_macro   0x00000000     0x6691 ./Sources/main.o
 .debug_macro   0x00000000       0x94 ./Sources/main.o
 .debug_macro   0x00000000       0x94 ./Sources/main.o
 .debug_macro   0x00000000      0x12c ./Sources/main.o
 .debug_macro   0x00000000       0x4c ./Sources/main.o
 .debug_macro   0x00000000       0x2d ./Sources/main.o
 .debug_macro   0x00000000       0x52 ./Sources/main.o
 .debug_macro   0x00000000       0x2d ./Sources/main.o
 .debug_macro   0x00000000       0x52 ./Sources/main.o
 .debug_macro   0x00000000       0x2d ./Sources/main.o
 .debug_macro   0x00000000       0x3c ./Sources/main.o
 .group         0x00000000        0x8 ./Project_Settings/Startup_Code/startup.o
 .group         0x00000000        0x8 ./Project_Settings/Startup_Code/startup.o
 .group         0x00000000        0x8 ./Project_Settings/Startup_Code/startup.o
 .group         0x00000000        0x8 ./Project_Settings/Startup_Code/startup.o
 .group         0x00000000        0x8 ./Project_Settings/Startup_Code/startup.o
 .group         0x00000000        0x8 ./Project_Settings/Startup_Code/startup.o
 .group         0x00000000        0x8 ./Project_Settings/Startup_Code/startup.o
 .group         0x00000000        0x8 ./Project_Settings/Startup_Code/startup.o
 .group         0x00000000        0x8 ./Project_Settings/Startup_Code/startup.o
 .group         0x00000000        0x8 ./Project_Settings/Startup_Code/startup.o
 .group         0x00000000        0x8 ./Project_Settings/Startup_Code/startup.o
 .group         0x00000000        0x8 ./Project_Settings/Startup_Code/startup.o
 .group         0x00000000        0x8 ./Project_Settings/Startup_Code/startup.o
 .group         0x00000000        0x8 ./Project_Settings/Startup_Code/startup.o
 .group         0x00000000        0x8 ./Project_Settings/Startup_Code/startup.o
 .group         0x00000000        0x8 ./Project_Settings/Startup_Code/startup.o
 .group         0x00000000        0x8 ./Project_Settings/Startup_Code/startup.o
 .group         0x00000000        0x8 ./Project_Settings/Startup_Code/startup.o
 .group         0x00000000        0x8 ./Project_Settings/Startup_Code/startup.o
 .text          0x00000000        0x0 ./Project_Settings/Startup_Code/startup.o
 .data          0x00000000        0x0 ./Project_Settings/Startup_Code/startup.o
 .bss           0x00000000        0x0 ./Project_Settings/Startup_Code/startup.o
 .text.__init_hardware
                0x00000000        0x8 ./Project_Settings/Startup_Code/startup.o
 .text.__iar_program_start
                0x00000000        0xc ./Project_Settings/Startup_Code/startup.o
 .debug_macro   0x00000000      0x802 ./Project_Settings/Startup_Code/startup.o
 .debug_macro   0x00000000       0x16 ./Project_Settings/Startup_Code/startup.o
 .group         0x00000000        0x8 ./Generated_Code/BitIoLdd1.o
 .group         0x00000000        0x8 ./Generated_Code/BitIoLdd1.o
 .group         0x00000000        0x8 ./Generated_Code/BitIoLdd1.o
 .group         0x00000000        0x8 ./Generated_Code/BitIoLdd1.o
 .group         0x00000000        0x8 ./Generated_Code/BitIoLdd1.o
 .group         0x00000000        0x8 ./Generated_Code/BitIoLdd1.o
 .group         0x00000000        0x8 ./Generated_Code/BitIoLdd1.o
 .group         0x00000000        0x8 ./Generated_Code/BitIoLdd1.o
 .group         0x00000000        0x8 ./Generated_Code/BitIoLdd1.o
 .group         0x00000000        0x8 ./Generated_Code/BitIoLdd1.o
 .group         0x00000000        0x8 ./Generated_Code/BitIoLdd1.o
 .group         0x00000000        0x8 ./Generated_Code/BitIoLdd1.o
 .text          0x00000000        0x0 ./Generated_Code/BitIoLdd1.o
 .data          0x00000000        0x0 ./Generated_Code/BitIoLdd1.o
 .bss           0x00000000        0x0 ./Generated_Code/BitIoLdd1.o
 .text.BitIoLdd1_SetDir
                0x00000000       0x40 ./Generated_Code/BitIoLdd1.o
 .text.BitIoLdd1_GetVal
                0x00000000       0x44 ./Generated_Code/BitIoLdd1.o
 .text.BitIoLdd1_ClrVal
                0x00000000       0x1c ./Generated_Code/BitIoLdd1.o
 .text.BitIoLdd1_SetVal
                0x00000000       0x1c ./Generated_Code/BitIoLdd1.o
 .text.BitIoLdd1_NegVal
                0x00000000       0x1c ./Generated_Code/BitIoLdd1.o
 .debug_macro   0x00000000      0x802 ./Generated_Code/BitIoLdd1.o
 .debug_macro   0x00000000       0x16 ./Generated_Code/BitIoLdd1.o
 .debug_macro   0x00000000       0x44 ./Generated_Code/BitIoLdd1.o
 .debug_macro   0x00000000      0x209 ./Generated_Code/BitIoLdd1.o
 .debug_macro   0x00000000     0x1584 ./Generated_Code/BitIoLdd1.o
 .debug_macro   0x00000000      0x14e ./Generated_Code/BitIoLdd1.o
 .debug_macro   0x00000000       0x64 ./Generated_Code/BitIoLdd1.o
 .debug_macro   0x00000000     0x6691 ./Generated_Code/BitIoLdd1.o
 .debug_macro   0x00000000       0x94 ./Generated_Code/BitIoLdd1.o
 .debug_macro   0x00000000      0x12c ./Generated_Code/BitIoLdd1.o
 .debug_macro   0x00000000       0x9a ./Generated_Code/BitIoLdd1.o
 .debug_macro   0x00000000       0x4c ./Generated_Code/BitIoLdd1.o
 .group         0x00000000        0x8 ./Generated_Code/BitIoLdd2.o
 .group         0x00000000        0x8 ./Generated_Code/BitIoLdd2.o
 .group         0x00000000        0x8 ./Generated_Code/BitIoLdd2.o
 .group         0x00000000        0x8 ./Generated_Code/BitIoLdd2.o
 .group         0x00000000        0x8 ./Generated_Code/BitIoLdd2.o
 .group         0x00000000        0x8 ./Generated_Code/BitIoLdd2.o
 .group         0x00000000        0x8 ./Generated_Code/BitIoLdd2.o
 .group         0x00000000        0x8 ./Generated_Code/BitIoLdd2.o
 .group         0x00000000        0x8 ./Generated_Code/BitIoLdd2.o
 .group         0x00000000        0x8 ./Generated_Code/BitIoLdd2.o
 .group         0x00000000        0x8 ./Generated_Code/BitIoLdd2.o
 .group         0x00000000        0x8 ./Generated_Code/BitIoLdd2.o
 .text          0x00000000        0x0 ./Generated_Code/BitIoLdd2.o
 .data          0x00000000        0x0 ./Generated_Code/BitIoLdd2.o
 .bss           0x00000000        0x0 ./Generated_Code/BitIoLdd2.o
 .text.BitIoLdd2_SetDir
                0x00000000       0x40 ./Generated_Code/BitIoLdd2.o
 .text.BitIoLdd2_GetVal
                0x00000000       0x44 ./Generated_Code/BitIoLdd2.o
 .text.BitIoLdd2_ClrVal
                0x00000000       0x1c ./Generated_Code/BitIoLdd2.o
 .text.BitIoLdd2_SetVal
                0x00000000       0x1c ./Generated_Code/BitIoLdd2.o
 .text.BitIoLdd2_NegVal
                0x00000000       0x1c ./Generated_Code/BitIoLdd2.o
 .debug_macro   0x00000000      0x802 ./Generated_Code/BitIoLdd2.o
 .debug_macro   0x00000000       0x16 ./Generated_Code/BitIoLdd2.o
 .debug_macro   0x00000000       0x44 ./Generated_Code/BitIoLdd2.o
 .debug_macro   0x00000000      0x209 ./Generated_Code/BitIoLdd2.o
 .debug_macro   0x00000000     0x1584 ./Generated_Code/BitIoLdd2.o
 .debug_macro   0x00000000      0x14e ./Generated_Code/BitIoLdd2.o
 .debug_macro   0x00000000       0x64 ./Generated_Code/BitIoLdd2.o
 .debug_macro   0x00000000     0x6691 ./Generated_Code/BitIoLdd2.o
 .debug_macro   0x00000000       0x94 ./Generated_Code/BitIoLdd2.o
 .debug_macro   0x00000000      0x12c ./Generated_Code/BitIoLdd2.o
 .debug_macro   0x00000000       0x9a ./Generated_Code/BitIoLdd2.o
 .group         0x00000000        0x8 ./Generated_Code/BitIoLdd3.o
 .group         0x00000000        0x8 ./Generated_Code/BitIoLdd3.o
 .group         0x00000000        0x8 ./Generated_Code/BitIoLdd3.o
 .group         0x00000000        0x8 ./Generated_Code/BitIoLdd3.o
 .group         0x00000000        0x8 ./Generated_Code/BitIoLdd3.o
 .group         0x00000000        0x8 ./Generated_Code/BitIoLdd3.o
 .group         0x00000000        0x8 ./Generated_Code/BitIoLdd3.o
 .group         0x00000000        0x8 ./Generated_Code/BitIoLdd3.o
 .group         0x00000000        0x8 ./Generated_Code/BitIoLdd3.o
 .group         0x00000000        0x8 ./Generated_Code/BitIoLdd3.o
 .group         0x00000000        0x8 ./Generated_Code/BitIoLdd3.o
 .group         0x00000000        0x8 ./Generated_Code/BitIoLdd3.o
 .text          0x00000000        0x0 ./Generated_Code/BitIoLdd3.o
 .data          0x00000000        0x0 ./Generated_Code/BitIoLdd3.o
 .bss           0x00000000        0x0 ./Generated_Code/BitIoLdd3.o
 .text.BitIoLdd3_SetDir
                0x00000000       0x3c ./Generated_Code/BitIoLdd3.o
 .text.BitIoLdd3_GetVal
                0x00000000       0x3c ./Generated_Code/BitIoLdd3.o
 .text.BitIoLdd3_ClrVal
                0x00000000       0x18 ./Generated_Code/BitIoLdd3.o
 .text.BitIoLdd3_SetVal
                0x00000000       0x18 ./Generated_Code/BitIoLdd3.o
 .text.BitIoLdd3_NegVal
                0x00000000       0x18 ./Generated_Code/BitIoLdd3.o
 .debug_macro   0x00000000      0x802 ./Generated_Code/BitIoLdd3.o
 .debug_macro   0x00000000       0x16 ./Generated_Code/BitIoLdd3.o
 .debug_macro   0x00000000       0x44 ./Generated_Code/BitIoLdd3.o
 .debug_macro   0x00000000      0x209 ./Generated_Code/BitIoLdd3.o
 .debug_macro   0x00000000     0x1584 ./Generated_Code/BitIoLdd3.o
 .debug_macro   0x00000000      0x14e ./Generated_Code/BitIoLdd3.o
 .debug_macro   0x00000000       0x64 ./Generated_Code/BitIoLdd3.o
 .debug_macro   0x00000000     0x6691 ./Generated_Code/BitIoLdd3.o
 .debug_macro   0x00000000       0x94 ./Generated_Code/BitIoLdd3.o
 .debug_macro   0x00000000      0x12c ./Generated_Code/BitIoLdd3.o
 .debug_macro   0x00000000       0x9a ./Generated_Code/BitIoLdd3.o
 .group         0x00000000        0x8 ./Generated_Code/Cpu.o
 .group         0x00000000        0x8 ./Generated_Code/Cpu.o
 .group         0x00000000        0x8 ./Generated_Code/Cpu.o
 .group         0x00000000        0x8 ./Generated_Code/Cpu.o
 .group         0x00000000        0x8 ./Generated_Code/Cpu.o
 .group         0x00000000        0x8 ./Generated_Code/Cpu.o
 .group         0x00000000        0x8 ./Generated_Code/Cpu.o
 .group         0x00000000        0x8 ./Generated_Code/Cpu.o
 .group         0x00000000        0x8 ./Generated_Code/Cpu.o
 .group         0x00000000        0x8 ./Generated_Code/Cpu.o
 .group         0x00000000        0x8 ./Generated_Code/Cpu.o
 .group         0x00000000        0x8 ./Generated_Code/Cpu.o
 .group         0x00000000        0x8 ./Generated_Code/Cpu.o
 .group         0x00000000        0x8 ./Generated_Code/Cpu.o
 .group         0x00000000        0x8 ./Generated_Code/Cpu.o
 .group         0x00000000        0x8 ./Generated_Code/Cpu.o
 .group         0x00000000        0x8 ./Generated_Code/Cpu.o
 .group         0x00000000        0x8 ./Generated_Code/Cpu.o
 .text          0x00000000        0x0 ./Generated_Code/Cpu.o
 .data          0x00000000        0x0 ./Generated_Code/Cpu.o
 .bss           0x00000000        0x0 ./Generated_Code/Cpu.o
 .debug_macro   0x00000000      0x802 ./Generated_Code/Cpu.o
 .debug_macro   0x00000000       0x16 ./Generated_Code/Cpu.o
 .debug_macro   0x00000000       0x44 ./Generated_Code/Cpu.o
 .debug_macro   0x00000000      0x209 ./Generated_Code/Cpu.o
 .debug_macro   0x00000000     0x1584 ./Generated_Code/Cpu.o
 .debug_macro   0x00000000      0x14e ./Generated_Code/Cpu.o
 .debug_macro   0x00000000       0x64 ./Generated_Code/Cpu.o
 .debug_macro   0x00000000     0x6691 ./Generated_Code/Cpu.o
 .debug_macro   0x00000000       0x94 ./Generated_Code/Cpu.o
 .debug_macro   0x00000000      0x12c ./Generated_Code/Cpu.o
 .debug_macro   0x00000000       0x9a ./Generated_Code/Cpu.o
 .debug_macro   0x00000000       0x4c ./Generated_Code/Cpu.o
 .debug_macro   0x00000000       0x2d ./Generated_Code/Cpu.o
 .debug_macro   0x00000000       0x52 ./Generated_Code/Cpu.o
 .debug_macro   0x00000000       0x2d ./Generated_Code/Cpu.o
 .debug_macro   0x00000000       0x52 ./Generated_Code/Cpu.o
 .debug_macro   0x00000000       0x2d ./Generated_Code/Cpu.o
 .debug_macro   0x00000000       0x3c ./Generated_Code/Cpu.o
 .group         0x00000000        0x8 ./Generated_Code/I2C2.o
 .group         0x00000000        0x8 ./Generated_Code/I2C2.o
 .group         0x00000000        0x8 ./Generated_Code/I2C2.o
 .group         0x00000000        0x8 ./Generated_Code/I2C2.o
 .group         0x00000000        0x8 ./Generated_Code/I2C2.o
 .group         0x00000000        0x8 ./Generated_Code/I2C2.o
 .group         0x00000000        0x8 ./Generated_Code/I2C2.o
 .group         0x00000000        0x8 ./Generated_Code/I2C2.o
 .group         0x00000000        0x8 ./Generated_Code/I2C2.o
 .group         0x00000000        0x8 ./Generated_Code/I2C2.o
 .group         0x00000000        0x8 ./Generated_Code/I2C2.o
 .group         0x00000000        0x8 ./Generated_Code/I2C2.o
 .group         0x00000000        0x8 ./Generated_Code/I2C2.o
 .group         0x00000000        0x8 ./Generated_Code/I2C2.o
 .group         0x00000000        0x8 ./Generated_Code/I2C2.o
 .group         0x00000000        0x8 ./Generated_Code/I2C2.o
 .group         0x00000000        0x8 ./Generated_Code/I2C2.o
 .group         0x00000000        0x8 ./Generated_Code/I2C2.o
 .group         0x00000000        0x8 ./Generated_Code/I2C2.o
 .group         0x00000000        0x8 ./Generated_Code/I2C2.o
 .text          0x00000000        0x0 ./Generated_Code/I2C2.o
 .data          0x00000000        0x0 ./Generated_Code/I2C2.o
 .bss           0x00000000        0x0 ./Generated_Code/I2C2.o
 .debug_macro   0x00000000      0x802 ./Generated_Code/I2C2.o
 .debug_macro   0x00000000       0x16 ./Generated_Code/I2C2.o
 .debug_macro   0x00000000       0x44 ./Generated_Code/I2C2.o
 .debug_macro   0x00000000      0x209 ./Generated_Code/I2C2.o
 .debug_macro   0x00000000     0x1584 ./Generated_Code/I2C2.o
 .debug_macro   0x00000000      0x14e ./Generated_Code/I2C2.o
 .debug_macro   0x00000000       0x64 ./Generated_Code/I2C2.o
 .debug_macro   0x00000000     0x6691 ./Generated_Code/I2C2.o
 .debug_macro   0x00000000       0x94 ./Generated_Code/I2C2.o
 .debug_macro   0x00000000      0x12c ./Generated_Code/I2C2.o
 .debug_macro   0x00000000       0x9a ./Generated_Code/I2C2.o
 .debug_macro   0x00000000       0x4c ./Generated_Code/I2C2.o
 .debug_macro   0x00000000       0x2d ./Generated_Code/I2C2.o
 .debug_macro   0x00000000       0x52 ./Generated_Code/I2C2.o
 .debug_macro   0x00000000       0x2d ./Generated_Code/I2C2.o
 .debug_macro   0x00000000       0x52 ./Generated_Code/I2C2.o
 .debug_macro   0x00000000       0x2d ./Generated_Code/I2C2.o
 .debug_macro   0x00000000       0x3c ./Generated_Code/I2C2.o
 .group         0x00000000        0x8 ./Generated_Code/LED_1.o
 .group         0x00000000        0x8 ./Generated_Code/LED_1.o
 .group         0x00000000        0x8 ./Generated_Code/LED_1.o
 .group         0x00000000        0x8 ./Generated_Code/LED_1.o
 .group         0x00000000        0x8 ./Generated_Code/LED_1.o
 .group         0x00000000        0x8 ./Generated_Code/LED_1.o
 .group         0x00000000        0x8 ./Generated_Code/LED_1.o
 .group         0x00000000        0x8 ./Generated_Code/LED_1.o
 .group         0x00000000        0x8 ./Generated_Code/LED_1.o
 .group         0x00000000        0x8 ./Generated_Code/LED_1.o
 .group         0x00000000        0x8 ./Generated_Code/LED_1.o
 .group         0x00000000        0x8 ./Generated_Code/LED_1.o
 .group         0x00000000        0x8 ./Generated_Code/LED_1.o
 .text          0x00000000        0x0 ./Generated_Code/LED_1.o
 .data          0x00000000        0x0 ./Generated_Code/LED_1.o
 .bss           0x00000000        0x0 ./Generated_Code/LED_1.o
 .debug_info    0x00000000       0x7d ./Generated_Code/LED_1.o
 .debug_abbrev  0x00000000       0x29 ./Generated_Code/LED_1.o
 .debug_aranges
                0x00000000       0x18 ./Generated_Code/LED_1.o
 .debug_macro   0x00000000       0xb5 ./Generated_Code/LED_1.o
 .debug_macro   0x00000000      0x802 ./Generated_Code/LED_1.o
 .debug_macro   0x00000000       0x16 ./Generated_Code/LED_1.o
 .debug_macro   0x00000000       0x44 ./Generated_Code/LED_1.o
 .debug_macro   0x00000000      0x209 ./Generated_Code/LED_1.o
 .debug_macro   0x00000000     0x1584 ./Generated_Code/LED_1.o
 .debug_macro   0x00000000      0x14e ./Generated_Code/LED_1.o
 .debug_macro   0x00000000       0x64 ./Generated_Code/LED_1.o
 .debug_macro   0x00000000     0x6691 ./Generated_Code/LED_1.o
 .debug_macro   0x00000000       0x94 ./Generated_Code/LED_1.o
 .debug_macro   0x00000000      0x12c ./Generated_Code/LED_1.o
 .debug_macro   0x00000000       0x9a ./Generated_Code/LED_1.o
 .debug_macro   0x00000000       0x4c ./Generated_Code/LED_1.o
 .debug_macro   0x00000000       0x2d ./Generated_Code/LED_1.o
 .debug_line    0x00000000      0x2d4 ./Generated_Code/LED_1.o
 .debug_str     0x00000000    0x2cb9f ./Generated_Code/LED_1.o
 .comment       0x00000000       0x71 ./Generated_Code/LED_1.o
 .ARM.attributes
                0x00000000       0x32 ./Generated_Code/LED_1.o
 .group         0x00000000        0x8 ./Generated_Code/LED_2.o
 .group         0x00000000        0x8 ./Generated_Code/LED_2.o
 .group         0x00000000        0x8 ./Generated_Code/LED_2.o
 .group         0x00000000        0x8 ./Generated_Code/LED_2.o
 .group         0x00000000        0x8 ./Generated_Code/LED_2.o
 .group         0x00000000        0x8 ./Generated_Code/LED_2.o
 .group         0x00000000        0x8 ./Generated_Code/LED_2.o
 .group         0x00000000        0x8 ./Generated_Code/LED_2.o
 .group         0x00000000        0x8 ./Generated_Code/LED_2.o
 .group         0x00000000        0x8 ./Generated_Code/LED_2.o
 .group         0x00000000        0x8 ./Generated_Code/LED_2.o
 .group         0x00000000        0x8 ./Generated_Code/LED_2.o
 .group         0x00000000        0x8 ./Generated_Code/LED_2.o
 .text          0x00000000        0x0 ./Generated_Code/LED_2.o
 .data          0x00000000        0x0 ./Generated_Code/LED_2.o
 .bss           0x00000000        0x0 ./Generated_Code/LED_2.o
 .debug_info    0x00000000       0x7d ./Generated_Code/LED_2.o
 .debug_abbrev  0x00000000       0x29 ./Generated_Code/LED_2.o
 .debug_aranges
                0x00000000       0x18 ./Generated_Code/LED_2.o
 .debug_macro   0x00000000       0xb5 ./Generated_Code/LED_2.o
 .debug_macro   0x00000000      0x802 ./Generated_Code/LED_2.o
 .debug_macro   0x00000000       0x16 ./Generated_Code/LED_2.o
 .debug_macro   0x00000000       0x44 ./Generated_Code/LED_2.o
 .debug_macro   0x00000000      0x209 ./Generated_Code/LED_2.o
 .debug_macro   0x00000000     0x1584 ./Generated_Code/LED_2.o
 .debug_macro   0x00000000      0x14e ./Generated_Code/LED_2.o
 .debug_macro   0x00000000       0x64 ./Generated_Code/LED_2.o
 .debug_macro   0x00000000     0x6691 ./Generated_Code/LED_2.o
 .debug_macro   0x00000000       0x94 ./Generated_Code/LED_2.o
 .debug_macro   0x00000000      0x12c ./Generated_Code/LED_2.o
 .debug_macro   0x00000000       0x9a ./Generated_Code/LED_2.o
 .debug_macro   0x00000000       0x4c ./Generated_Code/LED_2.o
 .debug_macro   0x00000000       0x2d ./Generated_Code/LED_2.o
 .debug_line    0x00000000      0x2d4 ./Generated_Code/LED_2.o
 .debug_str     0x00000000    0x2cb9f ./Generated_Code/LED_2.o
 .comment       0x00000000       0x71 ./Generated_Code/LED_2.o
 .ARM.attributes
                0x00000000       0x32 ./Generated_Code/LED_2.o
 .group         0x00000000        0x8 ./Generated_Code/LED_3.o
 .group         0x00000000        0x8 ./Generated_Code/LED_3.o
 .group         0x00000000        0x8 ./Generated_Code/LED_3.o
 .group         0x00000000        0x8 ./Generated_Code/LED_3.o
 .group         0x00000000        0x8 ./Generated_Code/LED_3.o
 .group         0x00000000        0x8 ./Generated_Code/LED_3.o
 .group         0x00000000        0x8 ./Generated_Code/LED_3.o
 .group         0x00000000        0x8 ./Generated_Code/LED_3.o
 .group         0x00000000        0x8 ./Generated_Code/LED_3.o
 .group         0x00000000        0x8 ./Generated_Code/LED_3.o
 .group         0x00000000        0x8 ./Generated_Code/LED_3.o
 .group         0x00000000        0x8 ./Generated_Code/LED_3.o
 .group         0x00000000        0x8 ./Generated_Code/LED_3.o
 .text          0x00000000        0x0 ./Generated_Code/LED_3.o
 .data          0x00000000        0x0 ./Generated_Code/LED_3.o
 .bss           0x00000000        0x0 ./Generated_Code/LED_3.o
 .debug_info    0x00000000       0x7d ./Generated_Code/LED_3.o
 .debug_abbrev  0x00000000       0x29 ./Generated_Code/LED_3.o
 .debug_aranges
                0x00000000       0x18 ./Generated_Code/LED_3.o
 .debug_macro   0x00000000       0xb5 ./Generated_Code/LED_3.o
 .debug_macro   0x00000000      0x802 ./Generated_Code/LED_3.o
 .debug_macro   0x00000000       0x16 ./Generated_Code/LED_3.o
 .debug_macro   0x00000000       0x44 ./Generated_Code/LED_3.o
 .debug_macro   0x00000000      0x209 ./Generated_Code/LED_3.o
 .debug_macro   0x00000000     0x1584 ./Generated_Code/LED_3.o
 .debug_macro   0x00000000      0x14e ./Generated_Code/LED_3.o
 .debug_macro   0x00000000       0x64 ./Generated_Code/LED_3.o
 .debug_macro   0x00000000     0x6691 ./Generated_Code/LED_3.o
 .debug_macro   0x00000000       0x94 ./Generated_Code/LED_3.o
 .debug_macro   0x00000000      0x12c ./Generated_Code/LED_3.o
 .debug_macro   0x00000000       0x9a ./Generated_Code/LED_3.o
 .debug_macro   0x00000000       0x4c ./Generated_Code/LED_3.o
 .debug_macro   0x00000000       0x2d ./Generated_Code/LED_3.o
 .debug_line    0x00000000      0x2d4 ./Generated_Code/LED_3.o
 .debug_str     0x00000000    0x2cb99 ./Generated_Code/LED_3.o
 .comment       0x00000000       0x71 ./Generated_Code/LED_3.o
 .ARM.attributes
                0x00000000       0x32 ./Generated_Code/LED_3.o
 .group         0x00000000        0x8 ./Generated_Code/PE_LDD.o
 .group         0x00000000        0x8 ./Generated_Code/PE_LDD.o
 .group         0x00000000        0x8 ./Generated_Code/PE_LDD.o
 .group         0x00000000        0x8 ./Generated_Code/PE_LDD.o
 .group         0x00000000        0x8 ./Generated_Code/PE_LDD.o
 .group         0x00000000        0x8 ./Generated_Code/PE_LDD.o
 .group         0x00000000        0x8 ./Generated_Code/PE_LDD.o
 .group         0x00000000        0x8 ./Generated_Code/PE_LDD.o
 .group         0x00000000        0x8 ./Generated_Code/PE_LDD.o
 .group         0x00000000        0x8 ./Generated_Code/PE_LDD.o
 .group         0x00000000        0x8 ./Generated_Code/PE_LDD.o
 .group         0x00000000        0x8 ./Generated_Code/PE_LDD.o
 .group         0x00000000        0x8 ./Generated_Code/PE_LDD.o
 .group         0x00000000        0x8 ./Generated_Code/PE_LDD.o
 .group         0x00000000        0x8 ./Generated_Code/PE_LDD.o
 .group         0x00000000        0x8 ./Generated_Code/PE_LDD.o
 .group         0x00000000        0x8 ./Generated_Code/PE_LDD.o
 .group         0x00000000        0x8 ./Generated_Code/PE_LDD.o
 .text          0x00000000        0x0 ./Generated_Code/PE_LDD.o
 .data          0x00000000        0x0 ./Generated_Code/PE_LDD.o
 .bss           0x00000000        0x0 ./Generated_Code/PE_LDD.o
 .rodata.PE_CpuClockConfigurations
                0x00000000       0x28 ./Generated_Code/PE_LDD.o
 .text.PE_FillMemory
                0x00000000       0x24 ./Generated_Code/PE_LDD.o
 .text.PE_PeripheralUsed
                0x00000000       0x4c ./Generated_Code/PE_LDD.o
 .text.LDD_SetClockConfiguration
                0x00000000       0x14 ./Generated_Code/PE_LDD.o
 .debug_macro   0x00000000      0x802 ./Generated_Code/PE_LDD.o
 .debug_macro   0x00000000       0x16 ./Generated_Code/PE_LDD.o
 .debug_macro   0x00000000       0x44 ./Generated_Code/PE_LDD.o
 .debug_macro   0x00000000      0x209 ./Generated_Code/PE_LDD.o
 .debug_macro   0x00000000     0x1584 ./Generated_Code/PE_LDD.o
 .debug_macro   0x00000000      0x14e ./Generated_Code/PE_LDD.o
 .debug_macro   0x00000000       0x64 ./Generated_Code/PE_LDD.o
 .debug_macro   0x00000000     0x6691 ./Generated_Code/PE_LDD.o
 .debug_macro   0x00000000       0x94 ./Generated_Code/PE_LDD.o
 .debug_macro   0x00000000      0x12c ./Generated_Code/PE_LDD.o
 .debug_macro   0x00000000       0x9a ./Generated_Code/PE_LDD.o
 .debug_macro   0x00000000       0x4c ./Generated_Code/PE_LDD.o
 .debug_macro   0x00000000       0x2d ./Generated_Code/PE_LDD.o
 .debug_macro   0x00000000       0x52 ./Generated_Code/PE_LDD.o
 .debug_macro   0x00000000       0x2d ./Generated_Code/PE_LDD.o
 .debug_macro   0x00000000       0x52 ./Generated_Code/PE_LDD.o
 .debug_macro   0x00000000       0x2d ./Generated_Code/PE_LDD.o
 .debug_macro   0x00000000       0x3c ./Generated_Code/PE_LDD.o
 .group         0x00000000        0x8 ./Generated_Code/Vectors.o
 .group         0x00000000        0x8 ./Generated_Code/Vectors.o
 .group         0x00000000        0x8 ./Generated_Code/Vectors.o
 .group         0x00000000        0x8 ./Generated_Code/Vectors.o
 .group         0x00000000        0x8 ./Generated_Code/Vectors.o
 .group         0x00000000        0x8 ./Generated_Code/Vectors.o
 .group         0x00000000        0x8 ./Generated_Code/Vectors.o
 .group         0x00000000        0x8 ./Generated_Code/Vectors.o
 .group         0x00000000        0x8 ./Generated_Code/Vectors.o
 .group         0x00000000        0x8 ./Generated_Code/Vectors.o
 .group         0x00000000        0x8 ./Generated_Code/Vectors.o
 .group         0x00000000        0x8 ./Generated_Code/Vectors.o
 .group         0x00000000        0x8 ./Generated_Code/Vectors.o
 .group         0x00000000        0x8 ./Generated_Code/Vectors.o
 .group         0x00000000        0x8 ./Generated_Code/Vectors.o
 .group         0x00000000        0x8 ./Generated_Code/Vectors.o
 .group         0x00000000        0x8 ./Generated_Code/Vectors.o
 .group         0x00000000        0x8 ./Generated_Code/Vectors.o
 .text          0x00000000        0x0 ./Generated_Code/Vectors.o
 .data          0x00000000        0x0 ./Generated_Code/Vectors.o
 .bss           0x00000000        0x0 ./Generated_Code/Vectors.o
 .debug_macro   0x00000000      0x802 ./Generated_Code/Vectors.o
 .debug_macro   0x00000000       0x16 ./Generated_Code/Vectors.o
 .debug_macro   0x00000000       0x44 ./Generated_Code/Vectors.o
 .debug_macro   0x00000000      0x209 ./Generated_Code/Vectors.o
 .debug_macro   0x00000000     0x1584 ./Generated_Code/Vectors.o
 .debug_macro   0x00000000      0x14e ./Generated_Code/Vectors.o
 .debug_macro   0x00000000       0x64 ./Generated_Code/Vectors.o
 .debug_macro   0x00000000     0x6691 ./Generated_Code/Vectors.o
 .debug_macro   0x00000000       0x94 ./Generated_Code/Vectors.o
 .debug_macro   0x00000000       0x94 ./Generated_Code/Vectors.o
 .debug_macro   0x00000000      0x12c ./Generated_Code/Vectors.o
 .debug_macro   0x00000000       0x4c ./Generated_Code/Vectors.o
 .debug_macro   0x00000000       0x2d ./Generated_Code/Vectors.o
 .debug_macro   0x00000000       0x52 ./Generated_Code/Vectors.o
 .debug_macro   0x00000000       0x2d ./Generated_Code/Vectors.o
 .debug_macro   0x00000000       0x52 ./Generated_Code/Vectors.o
 .debug_macro   0x00000000       0x2d ./Generated_Code/Vectors.o
 .debug_macro   0x00000000       0x3c ./Generated_Code/Vectors.o
 .text          0x00000000        0x0 c:/freescale/kds_v3/toolchain/bin/../lib/gcc/arm-none-eabi/4.8.4/../../../../arm-none-eabi/lib/armv6-m\libg_s.a(lib_a-exit.o)
 .data          0x00000000        0x0 c:/freescale/kds_v3/toolchain/bin/../lib/gcc/arm-none-eabi/4.8.4/../../../../arm-none-eabi/lib/armv6-m\libg_s.a(lib_a-exit.o)
 .bss           0x00000000        0x0 c:/freescale/kds_v3/toolchain/bin/../lib/gcc/arm-none-eabi/4.8.4/../../../../arm-none-eabi/lib/armv6-m\libg_s.a(lib_a-exit.o)
 .text          0x00000000        0x0 c:/freescale/kds_v3/toolchain/bin/../lib/gcc/arm-none-eabi/4.8.4/../../../../arm-none-eabi/lib/armv6-m\libg_s.a(lib_a-impure.o)
 .data          0x00000000        0x0 c:/freescale/kds_v3/toolchain/bin/../lib/gcc/arm-none-eabi/4.8.4/../../../../arm-none-eabi/lib/armv6-m\libg_s.a(lib_a-impure.o)
 .bss           0x00000000        0x0 c:/freescale/kds_v3/toolchain/bin/../lib/gcc/arm-none-eabi/4.8.4/../../../../arm-none-eabi/lib/armv6-m\libg_s.a(lib_a-impure.o)
 .data._impure_ptr
                0x00000000        0x4 c:/freescale/kds_v3/toolchain/bin/../lib/gcc/arm-none-eabi/4.8.4/../../../../arm-none-eabi/lib/armv6-m\libg_s.a(lib_a-impure.o)
 .text          0x00000000        0x0 c:/freescale/kds_v3/toolchain/bin/../lib/gcc/arm-none-eabi/4.8.4/../../../../arm-none-eabi/lib/armv6-m\libg_s.a(lib_a-init.o)
 .data          0x00000000        0x0 c:/freescale/kds_v3/toolchain/bin/../lib/gcc/arm-none-eabi/4.8.4/../../../../arm-none-eabi/lib/armv6-m\libg_s.a(lib_a-init.o)
 .bss           0x00000000        0x0 c:/freescale/kds_v3/toolchain/bin/../lib/gcc/arm-none-eabi/4.8.4/../../../../arm-none-eabi/lib/armv6-m\libg_s.a(lib_a-init.o)
 .text          0x00000000        0x0 c:/freescale/kds_v3/toolchain/bin/../lib/gcc/arm-none-eabi/4.8.4/../../../../arm-none-eabi/lib/armv6-m\libg_s.a(lib_a-memset.o)
 .data          0x00000000        0x0 c:/freescale/kds_v3/toolchain/bin/../lib/gcc/arm-none-eabi/4.8.4/../../../../arm-none-eabi/lib/armv6-m\libg_s.a(lib_a-memset.o)
 .bss           0x00000000        0x0 c:/freescale/kds_v3/toolchain/bin/../lib/gcc/arm-none-eabi/4.8.4/../../../../arm-none-eabi/lib/armv6-m\libg_s.a(lib_a-memset.o)
 .text          0x00000000        0x0 c:/freescale/kds_v3/toolchain/bin/../lib/gcc/arm-none-eabi/4.8.4/../../../../arm-none-eabi/lib/armv6-m\libnosys.a(_exit.o)
 .data          0x00000000        0x0 c:/freescale/kds_v3/toolchain/bin/../lib/gcc/arm-none-eabi/4.8.4/../../../../arm-none-eabi/lib/armv6-m\libnosys.a(_exit.o)
 .bss           0x00000000        0x0 c:/freescale/kds_v3/toolchain/bin/../lib/gcc/arm-none-eabi/4.8.4/../../../../arm-none-eabi/lib/armv6-m\libnosys.a(_exit.o)
 .text          0x00000000        0x0 c:/freescale/kds_v3/toolchain/bin/../lib/gcc/arm-none-eabi/4.8.4/armv6-m/crtend.o
 .data          0x00000000        0x0 c:/freescale/kds_v3/toolchain/bin/../lib/gcc/arm-none-eabi/4.8.4/armv6-m/crtend.o
 .bss           0x00000000        0x0 c:/freescale/kds_v3/toolchain/bin/../lib/gcc/arm-none-eabi/4.8.4/armv6-m/crtend.o
 .eh_frame      0x00000000        0x4 c:/freescale/kds_v3/toolchain/bin/../lib/gcc/arm-none-eabi/4.8.4/armv6-m/crtend.o
 .jcr           0x00000000        0x4 c:/freescale/kds_v3/toolchain/bin/../lib/gcc/arm-none-eabi/4.8.4/armv6-m/crtend.o
 .ARM.attributes
                0x00000000       0x2c c:/freescale/kds_v3/toolchain/bin/../lib/gcc/arm-none-eabi/4.8.4/armv6-m/crtend.o
 .text          0x00000000        0x0 c:/freescale/kds_v3/toolchain/bin/../lib/gcc/arm-none-eabi/4.8.4/armv6-m/crtn.o
 .data          0x00000000        0x0 c:/freescale/kds_v3/toolchain/bin/../lib/gcc/arm-none-eabi/4.8.4/armv6-m/crtn.o
 .bss           0x00000000        0x0 c:/freescale/kds_v3/toolchain/bin/../lib/gcc/arm-none-eabi/4.8.4/armv6-m/crtn.o

Memory Configuration

Name             Origin             Length             Attributes
m_interrupts     0x00000000         0x000000c0         xr
m_text           0x00000410         0x0001fbf0         xr
m_data           0x1ffff000         0x00004000         rw
m_cfmprotrom     0x00000400         0x00000010         xr
*default*        0x00000000         0xffffffff

Linker script and memory map

LOAD c:/freescale/kds_v3/toolchain/bin/../lib/gcc/arm-none-eabi/4.8.4/armv6-m/crti.o
LOAD c:/freescale/kds_v3/toolchain/bin/../lib/gcc/arm-none-eabi/4.8.4/armv6-m/crtbegin.o
LOAD c:/freescale/kds_v3/toolchain/bin/../lib/gcc/arm-none-eabi/4.8.4/../../../../arm-none-eabi/lib/armv6-m/crt0.o
LOAD ./Sources/Events.o
LOAD ./Sources/MMA8451.o
LOAD ./Sources/main.o
LOAD ./Project_Settings/Startup_Code/startup.o
LOAD ./Generated_Code/BitIoLdd1.o
LOAD ./Generated_Code/BitIoLdd2.o
LOAD ./Generated_Code/BitIoLdd3.o
LOAD ./Generated_Code/Cpu.o
LOAD ./Generated_Code/I2C2.o
LOAD ./Generated_Code/LED_1.o
LOAD ./Generated_Code/LED_2.o
LOAD ./Generated_Code/LED_3.o
LOAD ./Generated_Code/PE_LDD.o
LOAD ./Generated_Code/Vectors.o
LOAD c:/freescale/kds_v3/toolchain/bin/../lib/gcc/arm-none-eabi/4.8.4/../../../../arm-none-eabi/lib/armv6-m\libstdc++_s.a
LOAD c:/freescale/kds_v3/toolchain/bin/../lib/gcc/arm-none-eabi/4.8.4/../../../../arm-none-eabi/lib/armv6-m\libm.a
START GROUP
LOAD c:/freescale/kds_v3/toolchain/bin/../lib/gcc/arm-none-eabi/4.8.4/armv6-m\libgcc.a
LOAD c:/freescale/kds_v3/toolchain/bin/../lib/gcc/arm-none-eabi/4.8.4/../../../../arm-none-eabi/lib/armv6-m\libg_s.a
LOAD c:/freescale/kds_v3/toolchain/bin/../lib/gcc/arm-none-eabi/4.8.4/../../../../arm-none-eabi/lib/armv6-m\libc_s.a
END GROUP
START GROUP
LOAD c:/freescale/kds_v3/toolchain/bin/../lib/gcc/arm-none-eabi/4.8.4/armv6-m\libgcc.a
LOAD c:/freescale/kds_v3/toolchain/bin/../lib/gcc/arm-none-eabi/4.8.4/../../../../arm-none-eabi/lib/armv6-m\libc_s.a
LOAD c:/freescale/kds_v3/toolchain/bin/../lib/gcc/arm-none-eabi/4.8.4/../../../../arm-none-eabi/lib/armv6-m\libnosys.a
END GROUP
START GROUP
LOAD c:/freescale/kds_v3/toolchain/bin/../lib/gcc/arm-none-eabi/4.8.4/armv6-m\libgcc.a
LOAD c:/freescale/kds_v3/toolchain/bin/../lib/gcc/arm-none-eabi/4.8.4/../../../../arm-none-eabi/lib/armv6-m\libc_s.a
LOAD c:/freescale/kds_v3/toolchain/bin/../lib/gcc/arm-none-eabi/4.8.4/../../../../arm-none-eabi/lib/armv6-m\libnosys.a
END GROUP
LOAD c:/freescale/kds_v3/toolchain/bin/../lib/gcc/arm-none-eabi/4.8.4/armv6-m/crtend.o
LOAD c:/freescale/kds_v3/toolchain/bin/../lib/gcc/arm-none-eabi/4.8.4/armv6-m/crtn.o
                0x20003000                _estack = 0x20003000
                0x20003000                __SP_INIT = _estack
                0x20003000                __stack = _estack
                0x00000000                __heap_size = 0x0
                0x00000400                __stack_size = 0x400

.interrupts     0x00000000       0xc0
                0x00000000                __vector_table = .
                0x00000000                . = ALIGN (0x4)
 *(.vectortable)
 .vectortable   0x00000000       0xc0 ./Generated_Code/Vectors.o
                0x00000000                __vect_table
                0x000000c0                . = ALIGN (0x4)

.cfmprotect     0x00000400       0x10
                0x00000400                . = ALIGN (0x4)
 *(.cfmconfig)
 .cfmconfig     0x00000400       0x10 ./Generated_Code/Cpu.o
                0x00000400                _cfm
                0x00000410                . = ALIGN (0x4)

.text           0x00000410      0xf24
                0x00000410                . = ALIGN (0x4)
 *(.text)
 .text          0x00000410       0x60 c:/freescale/kds_v3/toolchain/bin/../lib/gcc/arm-none-eabi/4.8.4/armv6-m/crtbegin.o
 .text          0x00000470       0x78 c:/freescale/kds_v3/toolchain/bin/../lib/gcc/arm-none-eabi/4.8.4/../../../../arm-none-eabi/lib/armv6-m/crt0.o
                0x00000470                _start
                0x00000470                _mainCRTStartup
 *(.text*)
 .text.Cpu_OnNMIINT
                0x000004e8        0x8 ./Sources/Events.o
                0x000004e8                Cpu_OnNMIINT
 .text.I2C2_OnMasterBlockSent
                0x000004f0       0x18 ./Sources/Events.o
                0x000004f0                I2C2_OnMasterBlockSent
 .text.I2C2_OnMasterBlockReceived
                0x00000508       0x18 ./Sources/Events.o
                0x00000508                I2C2_OnMasterBlockReceived
 .text.MMA8451_ReadReg
                0x00000520       0x9c ./Sources/MMA8451.o
                0x00000520                MMA8451_ReadReg
 .text.MMA8451_WriteReg
                0x000005bc       0x74 ./Sources/MMA8451.o
                0x000005bc                MMA8451_WriteReg
 .text.MMA8451_Run
                0x00000630       0xf8 ./Sources/MMA8451.o
                0x00000630                MMA8451_Run
 .text.main     0x00000728       0x10 ./Sources/main.o
                0x00000728                main
 .text.__copy_rom_section
                0x00000738       0xd8 ./Project_Settings/Startup_Code/startup.o
                0x00000738                __copy_rom_section
 .text.__copy_rom_sections_to_ram
                0x00000810       0x98 ./Project_Settings/Startup_Code/startup.o
                0x00000810                __copy_rom_sections_to_ram
 .text.__init_registers
                0x000008a8        0x8 ./Project_Settings/Startup_Code/startup.o
                0x000008a8                __init_registers
 .text.__init_user
                0x000008b0        0x8 ./Project_Settings/Startup_Code/startup.o
                0x000008b0                __init_user
 .text.__thumb_startup
                0x000008b8       0x30 ./Project_Settings/Startup_Code/startup.o
                0x000008b8                __thumb_startup
 .text.BitIoLdd1_Init
                0x000008e8       0x64 ./Generated_Code/BitIoLdd1.o
                0x000008e8                BitIoLdd1_Init
 .text.BitIoLdd1_PutVal
                0x0000094c       0x34 ./Generated_Code/BitIoLdd1.o
                0x0000094c                BitIoLdd1_PutVal
 .text.BitIoLdd2_Init
                0x00000980       0x64 ./Generated_Code/BitIoLdd2.o
                0x00000980                BitIoLdd2_Init
 .text.BitIoLdd2_PutVal
                0x000009e4       0x34 ./Generated_Code/BitIoLdd2.o
                0x000009e4                BitIoLdd2_PutVal
 .text.BitIoLdd3_Init
                0x00000a18       0x60 ./Generated_Code/BitIoLdd3.o
                0x00000a18                BitIoLdd3_Init
 .text.BitIoLdd3_PutVal
                0x00000a78       0x30 ./Generated_Code/BitIoLdd3.o
                0x00000a78                BitIoLdd3_PutVal
 .text.Cpu_INT_NMIInterrupt
                0x00000aa8        0xc ./Generated_Code/Cpu.o
                0x00000aa8                Cpu_INT_NMIInterrupt
 .text.Cpu_Interrupt
                0x00000ab4        0xc ./Generated_Code/Cpu.o
                0x00000ab4                Cpu_Interrupt
 .text.__init_hardware
                0x00000ac0      0x110 ./Generated_Code/Cpu.o
                0x00000ac0                __init_hardware
 .text.PE_low_level_init
                0x00000bd0       0xdc ./Generated_Code/Cpu.o
                0x00000bd0                PE_low_level_init
 .text.I2C2_Interrupt
                0x00000cac      0x208 ./Generated_Code/I2C2.o
                0x00000cac                I2C2_Interrupt
 .text.I2C2_Init
                0x00000eb4      0x110 ./Generated_Code/I2C2.o
                0x00000eb4                I2C2_Init
 .text.I2C2_Deinit
                0x00000fc4       0x40 ./Generated_Code/I2C2.o
                0x00000fc4                I2C2_Deinit
 .text.I2C2_MasterSendBlock
                0x00001004      0x13c ./Generated_Code/I2C2.o
                0x00001004                I2C2_MasterSendBlock
 .text.I2C2_MasterReceiveBlock
                0x00001140      0x148 ./Generated_Code/I2C2.o
                0x00001140                I2C2_MasterReceiveBlock
 .text.exit     0x00001288       0x2c c:/freescale/kds_v3/toolchain/bin/../lib/gcc/arm-none-eabi/4.8.4/../../../../arm-none-eabi/lib/armv6-m\libg_s.a(lib_a-exit.o)
                0x00001288                exit
 .text.__libc_init_array
                0x000012b4       0x4c c:/freescale/kds_v3/toolchain/bin/../lib/gcc/arm-none-eabi/4.8.4/../../../../arm-none-eabi/lib/armv6-m\libg_s.a(lib_a-init.o)
                0x000012b4                __libc_init_array
 .text.memset   0x00001300       0x10 c:/freescale/kds_v3/toolchain/bin/../lib/gcc/arm-none-eabi/4.8.4/../../../../arm-none-eabi/lib/armv6-m\libg_s.a(lib_a-memset.o)
                0x00001300                memset
 .text._exit    0x00001310        0x4 c:/freescale/kds_v3/toolchain/bin/../lib/gcc/arm-none-eabi/4.8.4/../../../../arm-none-eabi/lib/armv6-m\libnosys.a(_exit.o)
                0x00001310                _exit
 *(.rodata)
 *(.rodata*)
 .rodata.str1.1
                0x00001314        0x2 c:/freescale/kds_v3/toolchain/bin/../lib/gcc/arm-none-eabi/4.8.4/../../../../arm-none-eabi/lib/armv6-m\libg_s.a(lib_a-impure.o)
 *fill*         0x00001316        0x2 
 .rodata._global_impure_ptr
                0x00001318        0x4 c:/freescale/kds_v3/toolchain/bin/../lib/gcc/arm-none-eabi/4.8.4/../../../../arm-none-eabi/lib/armv6-m\libg_s.a(lib_a-impure.o)
                0x00001318                _global_impure_ptr
 *(.glue_7)
 .glue_7        0x00000000        0x0 linker stubs
 *(.glue_7t)
 .glue_7t       0x00000000        0x0 linker stubs
 *(.eh_frame)
 .eh_frame      0x0000131c        0x0 c:/freescale/kds_v3/toolchain/bin/../lib/gcc/arm-none-eabi/4.8.4/armv6-m/crtbegin.o
 *(.init)
 .init          0x0000131c        0x4 c:/freescale/kds_v3/toolchain/bin/../lib/gcc/arm-none-eabi/4.8.4/armv6-m/crti.o
                0x0000131c                _init
 .init          0x00001320        0x8 c:/freescale/kds_v3/toolchain/bin/../lib/gcc/arm-none-eabi/4.8.4/armv6-m/crtn.o
 *(.fini)
 .fini          0x00001328        0x4 c:/freescale/kds_v3/toolchain/bin/../lib/gcc/arm-none-eabi/4.8.4/armv6-m/crti.o
                0x00001328                _fini
 .fini          0x0000132c        0x8 c:/freescale/kds_v3/toolchain/bin/../lib/gcc/arm-none-eabi/4.8.4/armv6-m/crtn.o
                0x00001334                . = ALIGN (0x4)
                0x00001334                _etext = .

.vfp11_veneer   0x00001334        0x0
 .vfp11_veneer  0x00000000        0x0 linker stubs

.v4_bx          0x00001334        0x0
 .v4_bx         0x00000000        0x0 linker stubs

.iplt           0x00001334        0x0
 .iplt          0x00000000        0x0 c:/freescale/kds_v3/toolchain/bin/../lib/gcc/arm-none-eabi/4.8.4/armv6-m/crtbegin.o

.ARM.extab
 *(.ARM.extab* .gnu.linkonce.armextab.*)

.ARM            0x00001334        0x8
                0x00001334                __exidx_start = .
 *(.ARM.exidx*)
 .ARM.exidx     0x00001334        0x8 c:/freescale/kds_v3/toolchain/bin/../lib/gcc/arm-none-eabi/4.8.4/../../../../arm-none-eabi/lib/armv6-m/crt0.o
                0x0000133c                __exidx_end = .

.rel.dyn        0x0000133c        0x0
 .rel.iplt      0x00000000        0x0 c:/freescale/kds_v3/toolchain/bin/../lib/gcc/arm-none-eabi/4.8.4/armv6-m/crtbegin.o

.ctors          0x0000133c        0x0
                0x0000133c                __CTOR_LIST__ = .
 *crtbegin.o(.ctors)
 *(EXCLUDE_FILE(*crtend.o) .ctors)
 *(SORT(.ctors.*))
 *(.ctors)
                0x0000133c                __CTOR_END__ = .

.dtors          0x0000133c        0x0
                0x0000133c                __DTOR_LIST__ = .
 *crtbegin.o(.dtors)
 *(EXCLUDE_FILE(*crtend.o) .dtors)
 *(SORT(.dtors.*))
 *(.dtors)
                0x0000133c                __DTOR_END__ = .

.preinit_array  0x0000133c        0x0
                0x0000133c                PROVIDE (__preinit_array_start, .)
 *(.preinit_array*)
                0x0000133c                PROVIDE (__preinit_array_end, .)

.init_array     0x0000133c        0x4
                0x0000133c                PROVIDE (__init_array_start, .)
 *(SORT(.init_array.*))
 *(.init_array*)
 .init_array    0x0000133c        0x4 c:/freescale/kds_v3/toolchain/bin/../lib/gcc/arm-none-eabi/4.8.4/armv6-m/crtbegin.o
                0x00001340                PROVIDE (__init_array_end, .)

.fini_array     0x00001340        0x4
                0x00001340                PROVIDE (__fini_array_start, .)
 *(SORT(.fini_array.*))
 *(.fini_array*)
 .fini_array    0x00001340        0x4 c:/freescale/kds_v3/toolchain/bin/../lib/gcc/arm-none-eabi/4.8.4/armv6-m/crtbegin.o
                0x00001344                PROVIDE (__fini_array_end, .)
                0x00001344                ___ROM_AT = .

.mtb            0x1ffff000        0x0
                0x1ffff000                . = ALIGN (0x8)
                0x1ffff000                _mtb_start = .
 *(.mtb_buf)
                0x1ffff000                . = ALIGN (0x8)
                0x1ffff000                _mtb_end = .

.data           0x1ffff000       0x60 load address 0x00001344
                0x1ffff000                . = ALIGN (0x4)
                0x1ffff000                _sdata = .
 *(.data)
 *(.data*)
 .data.impure_data
                0x1ffff000       0x60 c:/freescale/kds_v3/toolchain/bin/../lib/gcc/arm-none-eabi/4.8.4/../../../../arm-none-eabi/lib/armv6-m\libg_s.a(lib_a-impure.o)
                0x1ffff060                . = ALIGN (0x4)
                0x1ffff060                _edata = .
                0x00000060                ___data_size = (_edata - _sdata)

.jcr            0x1ffff060        0x0 load address 0x000013a4
 .jcr           0x1ffff060        0x0 c:/freescale/kds_v3/toolchain/bin/../lib/gcc/arm-none-eabi/4.8.4/armv6-m/crtbegin.o

.igot.plt       0x1ffff060        0x0 load address 0x000013a4
 .igot.plt      0x00000000        0x0 c:/freescale/kds_v3/toolchain/bin/../lib/gcc/arm-none-eabi/4.8.4/armv6-m/crtbegin.o
                0x1ffff060                . = ALIGN (0x4)

.bss            0x1ffff060       0x68 load address 0x000013a4
                0x1ffff060                __START_BSS = .
                0x1ffff060                PROVIDE (__bss_start__, __START_BSS)
 *(.bss)
 .bss           0x1ffff060       0x1c c:/freescale/kds_v3/toolchain/bin/../lib/gcc/arm-none-eabi/4.8.4/armv6-m/crtbegin.o
 *(.bss*)
 .bss.deviceData
                0x1ffff07c        0x8 ./Sources/MMA8451.o
 .bss.xyz       0x1ffff084        0x8 ./Sources/MMA8451.o
 .bss.DeviceDataPrv__DEFAULT_RTOS_ALLOC
                0x1ffff08c        0x4 ./Generated_Code/BitIoLdd1.o
 .bss.DeviceDataPrv__DEFAULT_RTOS_ALLOC
                0x1ffff090        0x4 ./Generated_Code/BitIoLdd2.o
 .bss.DeviceDataPrv__DEFAULT_RTOS_ALLOC
                0x1ffff094        0x4 ./Generated_Code/BitIoLdd3.o
 .bss.SR_lock   0x1ffff098        0x1 ./Generated_Code/Cpu.o
                0x1ffff098                SR_lock
 *fill*         0x1ffff099        0x3 
 .bss.DeviceDataPrv__DEFAULT_RTOS_ALLOC
                0x1ffff09c       0x14 ./Generated_Code/I2C2.o
 .bss.INT_I2C0__DEFAULT_RTOS_ISRPARAM
                0x1ffff0b0        0x4 ./Generated_Code/I2C2.o
 .bss.PE_LDD_DeviceDataList
                0x1ffff0b4       0x10 ./Generated_Code/PE_LDD.o
                0x1ffff0b4                PE_LDD_DeviceDataList
 *(COMMON)
 COMMON         0x1ffff0c4        0x1 ./Generated_Code/Cpu.o
                0x1ffff0c4                SR_reg
                0x1ffff0c8                . = ALIGN (0x4)
 *fill*         0x1ffff0c5        0x3 
                0x1ffff0c8                __END_BSS = .
                0x1ffff0c8                PROVIDE (__bss_end__, __END_BSS)
                0x000013a4                _romp_at = (___ROM_AT + SIZEOF (.data))

.romp           0x1ffff0c8       0x18 load address 0x000013a4
                0x000013a4                __S_romp = _romp_at
                0x1ffff0c8        0x4 LONG 0x1344 ___ROM_AT
                0x1ffff0cc        0x4 LONG 0x1ffff000 _sdata
                0x1ffff0d0        0x4 LONG 0x60 ___data_size
                0x1ffff0d4        0x4 LONG 0x0
                0x1ffff0d8        0x4 LONG 0x0
                0x1ffff0dc        0x4 LONG 0x0
                0x00020000                text_end = (ORIGIN (m_text) + 0x1fbf0)
                0x000013bc                data_init_end = ((___ROM_AT + SIZEOF (.data)) + SIZEOF (.romp))
                0x00000001                ASSERT ((data_init_end <= text_end), region m_text overflowed with text and data)

._user_heap_stack
                0x1ffff0e0      0x400 load address 0x000013bc
                0x1ffff0e0                . = ALIGN (0x4)
                0x1ffff0e0                PROVIDE (end, .)
                0x1ffff0e0                PROVIDE (_end, .)
                0x1ffff0e0                PROVIDE (__end__, .)
                0x1ffff0e0                __heap_addr = .
                0x1ffff0e0                __HeapBase = .
                0x1ffff0e0                . = (. + __heap_size)
                0x1ffff0e0                __HeapLimit = .
                0x1ffff4e0                . = (. + __stack_size)
 *fill*         0x1ffff0e0      0x400 
                0x1ffff4e0                . = ALIGN (0x4)

.ARM.attributes
                0x00000000       0x28
 *(.ARM.attributes)
 .ARM.attributes
                0x00000000       0x1e c:/freescale/kds_v3/toolchain/bin/../lib/gcc/arm-none-eabi/4.8.4/armv6-m/crti.o
 .ARM.attributes
                0x0000001e       0x2c c:/freescale/kds_v3/toolchain/bin/../lib/gcc/arm-none-eabi/4.8.4/armv6-m/crtbegin.o
 .ARM.attributes
                0x0000004a       0x1b c:/freescale/kds_v3/toolchain/bin/../lib/gcc/arm-none-eabi/4.8.4/../../../../arm-none-eabi/lib/armv6-m/crt0.o
 .ARM.attributes
                0x00000065       0x32 ./Sources/Events.o
 .ARM.attributes
                0x00000097       0x32 ./Sources/MMA8451.o
 .ARM.attributes
                0x000000c9       0x32 ./Sources/main.o
 .ARM.attributes
                0x000000fb       0x32 ./Project_Settings/Startup_Code/startup.o
 .ARM.attributes
                0x0000012d       0x32 ./Generated_Code/BitIoLdd1.o
 .ARM.attributes
                0x0000015f       0x32 ./Generated_Code/BitIoLdd2.o
 .ARM.attributes
                0x00000191       0x32 ./Generated_Code/BitIoLdd3.o
 .ARM.attributes
                0x000001c3       0x32 ./Generated_Code/Cpu.o
 .ARM.attributes
                0x000001f5       0x32 ./Generated_Code/I2C2.o
 .ARM.attributes
                0x00000227       0x32 ./Generated_Code/PE_LDD.o
 .ARM.attributes
                0x00000259       0x32 ./Generated_Code/Vectors.o
 .ARM.attributes
                0x0000028b       0x2c c:/freescale/kds_v3/toolchain/bin/../lib/gcc/arm-none-eabi/4.8.4/../../../../arm-none-eabi/lib/armv6-m\libg_s.a(lib_a-exit.o)
 .ARM.attributes
                0x000002b7       0x2c c:/freescale/kds_v3/toolchain/bin/../lib/gcc/arm-none-eabi/4.8.4/../../../../arm-none-eabi/lib/armv6-m\libg_s.a(lib_a-impure.o)
 .ARM.attributes
                0x000002e3       0x2c c:/freescale/kds_v3/toolchain/bin/../lib/gcc/arm-none-eabi/4.8.4/../../../../arm-none-eabi/lib/armv6-m\libg_s.a(lib_a-init.o)
 .ARM.attributes
                0x0000030f       0x2c c:/freescale/kds_v3/toolchain/bin/../lib/gcc/arm-none-eabi/4.8.4/../../../../arm-none-eabi/lib/armv6-m\libg_s.a(lib_a-memset.o)
 .ARM.attributes
                0x0000033b       0x2c c:/freescale/kds_v3/toolchain/bin/../lib/gcc/arm-none-eabi/4.8.4/../../../../arm-none-eabi/lib/armv6-m\libnosys.a(_exit.o)
 .ARM.attributes
                0x00000367       0x1e c:/freescale/kds_v3/toolchain/bin/../lib/gcc/arm-none-eabi/4.8.4/armv6-m/crtn.o
OUTPUT(EX06_ACEL.elf elf32-littlearm)

.debug_info     0x00000000     0x254c
 .debug_info    0x00000000      0x15e ./Sources/Events.o
 .debug_info    0x0000015e      0x294 ./Sources/MMA8451.o
 .debug_info    0x000003f2       0x9a ./Sources/main.o
 .debug_info    0x0000048c      0x20a ./Project_Settings/Startup_Code/startup.o
 .debug_info    0x00000696      0x3dc ./Generated_Code/BitIoLdd1.o
 .debug_info    0x00000a72      0x3dc ./Generated_Code/BitIoLdd2.o
 .debug_info    0x00000e4e      0x3dc ./Generated_Code/BitIoLdd3.o
 .debug_info    0x0000122a      0x842 ./Generated_Code/Cpu.o
 .debug_info    0x00001a6c      0x781 ./Generated_Code/I2C2.o
 .debug_info    0x000021ed      0x251 ./Generated_Code/PE_LDD.o
 .debug_info    0x0000243e      0x10e ./Generated_Code/Vectors.o

.debug_abbrev   0x00000000      0xc2e
 .debug_abbrev  0x00000000       0xd9 ./Sources/Events.o
 .debug_abbrev  0x000000d9      0x12e ./Sources/MMA8451.o
 .debug_abbrev  0x00000207       0x47 ./Sources/main.o
 .debug_abbrev  0x0000024e      0x11e ./Project_Settings/Startup_Code/startup.o
 .debug_abbrev  0x0000036c      0x15f ./Generated_Code/BitIoLdd1.o
 .debug_abbrev  0x000004cb      0x15f ./Generated_Code/BitIoLdd2.o
 .debug_abbrev  0x0000062a      0x15f ./Generated_Code/BitIoLdd3.o
 .debug_abbrev  0x00000789      0x14f ./Generated_Code/Cpu.o
 .debug_abbrev  0x000008d8      0x1a5 ./Generated_Code/I2C2.o
 .debug_abbrev  0x00000a7d      0x10d ./Generated_Code/PE_LDD.o
 .debug_abbrev  0x00000b8a       0xa4 ./Generated_Code/Vectors.o

.debug_aranges  0x00000000      0x280
 .debug_aranges
                0x00000000       0x30 ./Sources/Events.o
 .debug_aranges
                0x00000030       0x30 ./Sources/MMA8451.o
 .debug_aranges
                0x00000060       0x20 ./Sources/main.o
 .debug_aranges
                0x00000080       0x50 ./Project_Settings/Startup_Code/startup.o
 .debug_aranges
                0x000000d0       0x50 ./Generated_Code/BitIoLdd1.o
 .debug_aranges
                0x00000120       0x50 ./Generated_Code/BitIoLdd2.o
 .debug_aranges
                0x00000170       0x50 ./Generated_Code/BitIoLdd3.o
 .debug_aranges
                0x000001c0       0x38 ./Generated_Code/Cpu.o
 .debug_aranges
                0x000001f8       0x40 ./Generated_Code/I2C2.o
 .debug_aranges
                0x00000238       0x30 ./Generated_Code/PE_LDD.o
 .debug_aranges
                0x00000268       0x18 ./Generated_Code/Vectors.o

.debug_ranges   0x00000000      0x1c8
 .debug_ranges  0x00000000       0x20 ./Sources/Events.o
 .debug_ranges  0x00000020       0x20 ./Sources/MMA8451.o
 .debug_ranges  0x00000040       0x10 ./Sources/main.o
 .debug_ranges  0x00000050       0x40 ./Project_Settings/Startup_Code/startup.o
 .debug_ranges  0x00000090       0x40 ./Generated_Code/BitIoLdd1.o
 .debug_ranges  0x000000d0       0x40 ./Generated_Code/BitIoLdd2.o
 .debug_ranges  0x00000110       0x40 ./Generated_Code/BitIoLdd3.o
 .debug_ranges  0x00000150       0x28 ./Generated_Code/Cpu.o
 .debug_ranges  0x00000178       0x30 ./Generated_Code/I2C2.o
 .debug_ranges  0x000001a8       0x20 ./Generated_Code/PE_LDD.o

.debug_macro    0x00000000    0x11125
 .debug_macro   0x00000000      0x142 ./Sources/Events.o
 .debug_macro   0x00000142      0x802 ./Sources/Events.o
 .debug_macro   0x00000944       0x16 ./Sources/Events.o
 .debug_macro   0x0000095a       0x44 ./Sources/Events.o
 .debug_macro   0x0000099e      0x209 ./Sources/Events.o
 .debug_macro   0x00000ba7     0x1584 ./Sources/Events.o
 .debug_macro   0x0000212b      0x14e ./Sources/Events.o
 .debug_macro   0x00002279       0x64 ./Sources/Events.o
 .debug_macro   0x000022dd     0x6691 ./Sources/Events.o
 .debug_macro   0x0000896e       0x94 ./Sources/Events.o
 .debug_macro   0x00008a02       0x94 ./Sources/Events.o
 .debug_macro   0x00008a96      0x12c ./Sources/Events.o
 .debug_macro   0x00008bc2       0x4c ./Sources/Events.o
 .debug_macro   0x00008c0e       0x2d ./Sources/Events.o
 .debug_macro   0x00008c3b       0x52 ./Sources/Events.o
 .debug_macro   0x00008c8d       0x2d ./Sources/Events.o
 .debug_macro   0x00008cba       0x52 ./Sources/Events.o
 .debug_macro   0x00008d0c       0x2d ./Sources/Events.o
 .debug_macro   0x00008d39       0x3c ./Sources/Events.o
 .debug_macro   0x00008d75      0x14c ./Sources/MMA8451.o
 .debug_macro   0x00008ec1       0x9a ./Sources/MMA8451.o
 .debug_macro   0x00008f5b      0x142 ./Sources/main.o
 .debug_macro   0x0000909d      0x121 ./Project_Settings/Startup_Code/startup.o
 .debug_macro   0x000091be       0x58 ./Project_Settings/Startup_Code/startup.o
 .debug_macro   0x00009216       0x35 ./Project_Settings/Startup_Code/startup.o
 .debug_macro   0x0000924b       0xa3 ./Project_Settings/Startup_Code/startup.o
 .debug_macro   0x000092ee      0x166 ./Project_Settings/Startup_Code/startup.o
 .debug_macro   0x00009454       0x4a ./Project_Settings/Startup_Code/startup.o
 .debug_macro   0x0000949e       0x52 ./Project_Settings/Startup_Code/startup.o
 .debug_macro   0x000094f0       0x16 ./Project_Settings/Startup_Code/startup.o
 .debug_macro   0x00009506       0x43 ./Project_Settings/Startup_Code/startup.o
 .debug_macro   0x00009549      0x180 ./Project_Settings/Startup_Code/startup.o
 .debug_macro   0x000096c9      0x2a6 ./Project_Settings/Startup_Code/startup.o
 .debug_macro   0x0000996f       0x10 ./Project_Settings/Startup_Code/startup.o
 .debug_macro   0x0000997f       0x35 ./Project_Settings/Startup_Code/startup.o
 .debug_macro   0x000099b4       0x16 ./Project_Settings/Startup_Code/startup.o
 .debug_macro   0x000099ca       0x22 ./Project_Settings/Startup_Code/startup.o
 .debug_macro   0x000099ec       0x10 ./Project_Settings/Startup_Code/startup.o
 .debug_macro   0x000099fc      0x20f ./Project_Settings/Startup_Code/startup.o
 .debug_macro   0x00009c0b     0x6685 ./Project_Settings/Startup_Code/startup.o
 .debug_macro   0x00010290       0xa6 ./Generated_Code/BitIoLdd1.o
 .debug_macro   0x00010336       0xa6 ./Generated_Code/BitIoLdd2.o
 .debug_macro   0x000103dc       0x4c ./Generated_Code/BitIoLdd2.o
 .debug_macro   0x00010428       0xa6 ./Generated_Code/BitIoLdd3.o
 .debug_macro   0x000104ce       0x4c ./Generated_Code/BitIoLdd3.o
 .debug_macro   0x0001051a      0x129 ./Generated_Code/Cpu.o
 .debug_macro   0x00010643      0x141 ./Generated_Code/I2C2.o
 .debug_macro   0x00010784      0x4ea ./Generated_Code/I2C2.o
 .debug_macro   0x00010c6e      0x295 ./Generated_Code/I2C2.o
 .debug_macro   0x00010f03       0xf8 ./Generated_Code/PE_LDD.o
 .debug_macro   0x00010ffb      0x12a ./Generated_Code/Vectors.o

.debug_line     0x00000000     0x2c41
 .debug_line    0x00000000      0x3de ./Sources/Events.o
 .debug_line    0x000003de      0x419 ./Sources/MMA8451.o
 .debug_line    0x000007f7      0x3c0 ./Sources/main.o
 .debug_line    0x00000bb7      0x440 ./Project_Settings/Startup_Code/startup.o
 .debug_line    0x00000ff7      0x358 ./Generated_Code/BitIoLdd1.o
 .debug_line    0x0000134f      0x358 ./Generated_Code/BitIoLdd2.o
 .debug_line    0x000016a7      0x358 ./Generated_Code/BitIoLdd3.o
 .debug_line    0x000019ff      0x503 ./Generated_Code/Cpu.o
 .debug_line    0x00001f02      0x547 ./Generated_Code/I2C2.o
 .debug_line    0x00002449      0x363 ./Generated_Code/PE_LDD.o
 .debug_line    0x000027ac      0x495 ./Generated_Code/Vectors.o

.debug_str      0x00000000    0x36633
 .debug_str     0x00000000    0x2d044 ./Sources/Events.o
                              0x2d43a (size before relaxing)
 .debug_str     0x0002d044      0x196 ./Sources/MMA8451.o
                              0x2d56e (size before relaxing)
 .debug_str     0x0002d1da       0x17 ./Sources/main.o
                              0x2d392 (size before relaxing)
 .debug_str     0x0002d1f1     0x25ec ./Project_Settings/Startup_Code/startup.o
                              0x27349 (size before relaxing)
 .debug_str     0x0002f7dd      0x178 ./Generated_Code/BitIoLdd1.o
                              0x2cc17 (size before relaxing)
 .debug_str     0x0002f955       0xc2 ./Generated_Code/BitIoLdd2.o
                              0x2cc17 (size before relaxing)
 .debug_str     0x0002fa17       0xc2 ./Generated_Code/BitIoLdd3.o
                              0x2cc11 (size before relaxing)
 .debug_str     0x0002fad9      0x2b5 ./Generated_Code/Cpu.o
                              0x2d685 (size before relaxing)
 .debug_str     0x0002fd8e     0x6717 ./Generated_Code/I2C2.o
                              0x33cb5 (size before relaxing)
 .debug_str     0x000364a5      0x172 ./Generated_Code/PE_LDD.o
                              0x2d539 (size before relaxing)
 .debug_str     0x00036617       0x1c ./Generated_Code/Vectors.o
                              0x2d3cc (size before relaxing)

.comment        0x00000000       0x70
 .comment       0x00000000       0x70 ./Sources/Events.o
                                 0x71 (size before relaxing)
 .comment       0x00000000       0x71 ./Sources/MMA8451.o
 .comment       0x00000000       0x71 ./Sources/main.o
 .comment       0x00000000       0x71 ./Project_Settings/Startup_Code/startup.o
 .comment       0x00000000       0x71 ./Generated_Code/BitIoLdd1.o
 .comment       0x00000000       0x71 ./Generated_Code/BitIoLdd2.o
 .comment       0x00000000       0x71 ./Generated_Code/BitIoLdd3.o
 .comment       0x00000000       0x71 ./Generated_Code/Cpu.o
 .comment       0x00000000       0x71 ./Generated_Code/I2C2.o
 .comment       0x00000000       0x71 ./Generated_Code/PE_LDD.o
 .comment       0x00000000       0x71 ./Generated_Code/Vectors.o

.debug_frame    0x00000000      0x6d8
 .debug_frame   0x00000000       0x6c ./Sources/Events.o
 .debug_frame   0x0000006c       0x70 ./Sources/MMA8451.o
 .debug_frame   0x000000dc       0x2c ./Sources/main.o
 .debug_frame   0x00000108       0xd0 ./Project_Settings/Startup_Code/startup.o
 .debug_frame   0x000001d8       0xf0 ./Generated_Code/BitIoLdd1.o
 .debug_frame   0x000002c8       0xf0 ./Generated_Code/BitIoLdd2.o
 .debug_frame   0x000003b8       0xf0 ./Generated_Code/BitIoLdd3.o
 .debug_frame   0x000004a8       0x80 ./Generated_Code/Cpu.o
 .debug_frame   0x00000528       0xb0 ./Generated_Code/I2C2.o
 .debug_frame   0x000005d8       0x6c ./Generated_Code/PE_LDD.o
 .debug_frame   0x00000644       0x28 c:/freescale/kds_v3/toolchain/bin/../lib/gcc/arm-none-eabi/4.8.4/../../../../arm-none-eabi/lib/armv6-m\libg_s.a(lib_a-exit.o)
 .debug_frame   0x0000066c       0x2c c:/freescale/kds_v3/toolchain/bin/../lib/gcc/arm-none-eabi/4.8.4/../../../../arm-none-eabi/lib/armv6-m\libg_s.a(lib_a-init.o)
 .debug_frame   0x00000698       0x20 c:/freescale/kds_v3/toolchain/bin/../lib/gcc/arm-none-eabi/4.8.4/../../../../arm-none-eabi/lib/armv6-m\libg_s.a(lib_a-memset.o)
 .debug_frame   0x000006b8       0x20 c:/freescale/kds_v3/toolchain/bin/../lib/gcc/arm-none-eabi/4.8.4/../../../../arm-none-eabi/lib/armv6-m\libnosys.a(_exit.o)
