Archive member included because of file (symbol)

c:/freescale/kds_v3/toolchain/bin/../lib/gcc/arm-none-eabi/4.8.4/../../../../arm-none-eabi/lib/armv6-m\libg_s.a(lib_a-exit.o)
                              c:/freescale/kds_v3/toolchain/bin/../lib/gcc/arm-none-eabi/4.8.4/../../../../arm-none-eabi/lib/armv6-m/crt0.o (exit)
c:/freescale/kds_v3/toolchain/bin/../lib/gcc/arm-none-eabi/4.8.4/../../../../arm-none-eabi/lib/armv6-m\libg_s.a(lib_a-impure.o)
                              c:/freescale/kds_v3/toolchain/bin/../lib/gcc/arm-none-eabi/4.8.4/../../../../arm-none-eabi/lib/armv6-m\libg_s.a(lib_a-exit.o) (_global_impure_ptr)
c:/freescale/kds_v3/toolchain/bin/../lib/gcc/arm-none-eabi/4.8.4/../../../../arm-none-eabi/lib/armv6-m\libg_s.a(lib_a-init.o)
                              c:/freescale/kds_v3/toolchain/bin/../lib/gcc/arm-none-eabi/4.8.4/../../../../arm-none-eabi/lib/armv6-m/crt0.o (__libc_init_array)
c:/freescale/kds_v3/toolchain/bin/../lib/gcc/arm-none-eabi/4.8.4/../../../../arm-none-eabi/lib/armv6-m\libg_s.a(lib_a-memset.o)
                              c:/freescale/kds_v3/toolchain/bin/../lib/gcc/arm-none-eabi/4.8.4/../../../../arm-none-eabi/lib/armv6-m/crt0.o (memset)
c:/freescale/kds_v3/toolchain/bin/../lib/gcc/arm-none-eabi/4.8.4/../../../../arm-none-eabi/lib/armv6-m\libnosys.a(_exit.o)
                              c:/freescale/kds_v3/toolchain/bin/../lib/gcc/arm-none-eabi/4.8.4/../../../../arm-none-eabi/lib/armv6-m\libg_s.a(lib_a-exit.o) (_exit)

Allocating common symbols
Common symbol       size              file

SR_reg              0x1               ./Generated_Code/Cpu.o

Discarded input sections

 .text          0x00000000        0x0 c:/freescale/kds_v3/toolchain/bin/../lib/gcc/arm-none-eabi/4.8.4/armv6-m/crti.o
 .data          0x00000000        0x0 c:/freescale/kds_v3/toolchain/bin/../lib/gcc/arm-none-eabi/4.8.4/armv6-m/crti.o
 .bss           0x00000000        0x0 c:/freescale/kds_v3/toolchain/bin/../lib/gcc/arm-none-eabi/4.8.4/armv6-m/crti.o
 .data          0x00000000        0x4 c:/freescale/kds_v3/toolchain/bin/../lib/gcc/arm-none-eabi/4.8.4/armv6-m/crtbegin.o
 .data          0x00000000        0x0 c:/freescale/kds_v3/toolchain/bin/../lib/gcc/arm-none-eabi/4.8.4/../../../../arm-none-eabi/lib/armv6-m/crt0.o
 .bss           0x00000000        0x0 c:/freescale/kds_v3/toolchain/bin/../lib/gcc/arm-none-eabi/4.8.4/../../../../arm-none-eabi/lib/armv6-m/crt0.o
 .ARM.extab     0x00000000        0x0 c:/freescale/kds_v3/toolchain/bin/../lib/gcc/arm-none-eabi/4.8.4/../../../../arm-none-eabi/lib/armv6-m/crt0.o
 .group         0x00000000        0x8 ./Sources/Events.o
 .group         0x00000000        0x8 ./Sources/Events.o
 .group         0x00000000        0x8 ./Sources/Events.o
 .group         0x00000000        0x8 ./Sources/Events.o
 .group         0x00000000        0x8 ./Sources/Events.o
 .group         0x00000000        0x8 ./Sources/Events.o
 .group         0x00000000        0x8 ./Sources/Events.o
 .group         0x00000000        0x8 ./Sources/Events.o
 .group         0x00000000        0x8 ./Sources/Events.o
 .group         0x00000000        0x8 ./Sources/Events.o
 .group         0x00000000        0x8 ./Sources/Events.o
 .group         0x00000000        0x8 ./Sources/Events.o
 .group         0x00000000        0x8 ./Sources/Events.o
 .group         0x00000000        0x8 ./Sources/Events.o
 .group         0x00000000        0x8 ./Sources/Events.o
 .group         0x00000000        0x8 ./Sources/Events.o
 .text          0x00000000        0x0 ./Sources/Events.o
 .data          0x00000000        0x0 ./Sources/Events.o
 .bss           0x00000000        0x0 ./Sources/Events.o
 .text.TSS1_fOnFault
                0x00000000       0x14 ./Sources/Events.o
 .text.TSS1_fOnInit
                0x00000000        0x8 ./Sources/Events.o
 .group         0x00000000        0x8 ./Sources/main.o
 .group         0x00000000        0x8 ./Sources/main.o
 .group         0x00000000        0x8 ./Sources/main.o
 .group         0x00000000        0x8 ./Sources/main.o
 .group         0x00000000        0x8 ./Sources/main.o
 .group         0x00000000        0x8 ./Sources/main.o
 .group         0x00000000        0x8 ./Sources/main.o
 .group         0x00000000        0x8 ./Sources/main.o
 .group         0x00000000        0x8 ./Sources/main.o
 .group         0x00000000        0x8 ./Sources/main.o
 .group         0x00000000        0x8 ./Sources/main.o
 .group         0x00000000        0x8 ./Sources/main.o
 .group         0x00000000        0x8 ./Sources/main.o
 .group         0x00000000        0x8 ./Sources/main.o
 .group         0x00000000        0x8 ./Sources/main.o
 .group         0x00000000        0x8 ./Sources/main.o
 .text          0x00000000        0x0 ./Sources/main.o
 .data          0x00000000        0x0 ./Sources/main.o
 .bss           0x00000000        0x0 ./Sources/main.o
 .debug_macro   0x00000000      0x802 ./Sources/main.o
 .debug_macro   0x00000000       0x16 ./Sources/main.o
 .debug_macro   0x00000000       0x44 ./Sources/main.o
 .debug_macro   0x00000000      0x209 ./Sources/main.o
 .debug_macro   0x00000000     0x157d ./Sources/main.o
 .debug_macro   0x00000000      0x14e ./Sources/main.o
 .debug_macro   0x00000000       0x64 ./Sources/main.o
 .debug_macro   0x00000000     0x6691 ./Sources/main.o
 .debug_macro   0x00000000       0x94 ./Sources/main.o
 .debug_macro   0x00000000       0x94 ./Sources/main.o
 .debug_macro   0x00000000      0x12c ./Sources/main.o
 .debug_macro   0x00000000       0x4c ./Sources/main.o
 .debug_macro   0x00000000       0x2d ./Sources/main.o
 .debug_macro   0x00000000      0x25b ./Sources/main.o
 .debug_macro   0x00000000       0x4a ./Sources/main.o
 .debug_macro   0x00000000       0x1c ./Sources/main.o
 .group         0x00000000        0x8 ./Project_Settings/Startup_Code/startup.o
 .group         0x00000000        0x8 ./Project_Settings/Startup_Code/startup.o
 .group         0x00000000        0x8 ./Project_Settings/Startup_Code/startup.o
 .group         0x00000000        0x8 ./Project_Settings/Startup_Code/startup.o
 .group         0x00000000        0x8 ./Project_Settings/Startup_Code/startup.o
 .group         0x00000000        0x8 ./Project_Settings/Startup_Code/startup.o
 .group         0x00000000        0x8 ./Project_Settings/Startup_Code/startup.o
 .group         0x00000000        0x8 ./Project_Settings/Startup_Code/startup.o
 .group         0x00000000        0x8 ./Project_Settings/Startup_Code/startup.o
 .group         0x00000000        0x8 ./Project_Settings/Startup_Code/startup.o
 .group         0x00000000        0x8 ./Project_Settings/Startup_Code/startup.o
 .group         0x00000000        0x8 ./Project_Settings/Startup_Code/startup.o
 .group         0x00000000        0x8 ./Project_Settings/Startup_Code/startup.o
 .group         0x00000000        0x8 ./Project_Settings/Startup_Code/startup.o
 .group         0x00000000        0x8 ./Project_Settings/Startup_Code/startup.o
 .group         0x00000000        0x8 ./Project_Settings/Startup_Code/startup.o
 .group         0x00000000        0x8 ./Project_Settings/Startup_Code/startup.o
 .group         0x00000000        0x8 ./Project_Settings/Startup_Code/startup.o
 .group         0x00000000        0x8 ./Project_Settings/Startup_Code/startup.o
 .text          0x00000000        0x0 ./Project_Settings/Startup_Code/startup.o
 .data          0x00000000        0x0 ./Project_Settings/Startup_Code/startup.o
 .bss           0x00000000        0x0 ./Project_Settings/Startup_Code/startup.o
 .text.__init_hardware
                0x00000000        0x8 ./Project_Settings/Startup_Code/startup.o
 .text.__iar_program_start
                0x00000000        0xc ./Project_Settings/Startup_Code/startup.o
 .debug_macro   0x00000000      0x802 ./Project_Settings/Startup_Code/startup.o
 .debug_macro   0x00000000       0x16 ./Project_Settings/Startup_Code/startup.o
 .group         0x00000000        0x8 ./Generated_Code/BitIoLdd1.o
 .group         0x00000000        0x8 ./Generated_Code/BitIoLdd1.o
 .group         0x00000000        0x8 ./Generated_Code/BitIoLdd1.o
 .group         0x00000000        0x8 ./Generated_Code/BitIoLdd1.o
 .group         0x00000000        0x8 ./Generated_Code/BitIoLdd1.o
 .group         0x00000000        0x8 ./Generated_Code/BitIoLdd1.o
 .group         0x00000000        0x8 ./Generated_Code/BitIoLdd1.o
 .group         0x00000000        0x8 ./Generated_Code/BitIoLdd1.o
 .group         0x00000000        0x8 ./Generated_Code/BitIoLdd1.o
 .group         0x00000000        0x8 ./Generated_Code/BitIoLdd1.o
 .group         0x00000000        0x8 ./Generated_Code/BitIoLdd1.o
 .group         0x00000000        0x8 ./Generated_Code/BitIoLdd1.o
 .text          0x00000000        0x0 ./Generated_Code/BitIoLdd1.o
 .data          0x00000000        0x0 ./Generated_Code/BitIoLdd1.o
 .bss           0x00000000        0x0 ./Generated_Code/BitIoLdd1.o
 .text.BitIoLdd1_SetDir
                0x00000000       0x3c ./Generated_Code/BitIoLdd1.o
 .text.BitIoLdd1_GetVal
                0x00000000       0x3c ./Generated_Code/BitIoLdd1.o
 .text.BitIoLdd1_PutVal
                0x00000000       0x30 ./Generated_Code/BitIoLdd1.o
 .text.BitIoLdd1_ClrVal
                0x00000000       0x18 ./Generated_Code/BitIoLdd1.o
 .text.BitIoLdd1_SetVal
                0x00000000       0x18 ./Generated_Code/BitIoLdd1.o
 .debug_macro   0x00000000      0x802 ./Generated_Code/BitIoLdd1.o
 .debug_macro   0x00000000       0x16 ./Generated_Code/BitIoLdd1.o
 .debug_macro   0x00000000       0x44 ./Generated_Code/BitIoLdd1.o
 .debug_macro   0x00000000      0x209 ./Generated_Code/BitIoLdd1.o
 .debug_macro   0x00000000     0x157d ./Generated_Code/BitIoLdd1.o
 .debug_macro   0x00000000      0x14e ./Generated_Code/BitIoLdd1.o
 .debug_macro   0x00000000       0x64 ./Generated_Code/BitIoLdd1.o
 .debug_macro   0x00000000     0x6691 ./Generated_Code/BitIoLdd1.o
 .debug_macro   0x00000000       0x94 ./Generated_Code/BitIoLdd1.o
 .debug_macro   0x00000000      0x12c ./Generated_Code/BitIoLdd1.o
 .debug_macro   0x00000000       0x4c ./Generated_Code/BitIoLdd1.o
 .group         0x00000000        0x8 ./Generated_Code/Cpu.o
 .group         0x00000000        0x8 ./Generated_Code/Cpu.o
 .group         0x00000000        0x8 ./Generated_Code/Cpu.o
 .group         0x00000000        0x8 ./Generated_Code/Cpu.o
 .group         0x00000000        0x8 ./Generated_Code/Cpu.o
 .group         0x00000000        0x8 ./Generated_Code/Cpu.o
 .group         0x00000000        0x8 ./Generated_Code/Cpu.o
 .group         0x00000000        0x8 ./Generated_Code/Cpu.o
 .group         0x00000000        0x8 ./Generated_Code/Cpu.o
 .group         0x00000000        0x8 ./Generated_Code/Cpu.o
 .group         0x00000000        0x8 ./Generated_Code/Cpu.o
 .group         0x00000000        0x8 ./Generated_Code/Cpu.o
 .group         0x00000000        0x8 ./Generated_Code/Cpu.o
 .group         0x00000000        0x8 ./Generated_Code/Cpu.o
 .group         0x00000000        0x8 ./Generated_Code/Cpu.o
 .group         0x00000000        0x8 ./Generated_Code/Cpu.o
 .text          0x00000000        0x0 ./Generated_Code/Cpu.o
 .data          0x00000000        0x0 ./Generated_Code/Cpu.o
 .bss           0x00000000        0x0 ./Generated_Code/Cpu.o
 .bss.SR_lock   0x00000000        0x1 ./Generated_Code/Cpu.o
 .debug_macro   0x00000000      0x802 ./Generated_Code/Cpu.o
 .debug_macro   0x00000000       0x16 ./Generated_Code/Cpu.o
 .debug_macro   0x00000000       0x44 ./Generated_Code/Cpu.o
 .debug_macro   0x00000000      0x209 ./Generated_Code/Cpu.o
 .debug_macro   0x00000000     0x157d ./Generated_Code/Cpu.o
 .debug_macro   0x00000000      0x14e ./Generated_Code/Cpu.o
 .debug_macro   0x00000000       0x64 ./Generated_Code/Cpu.o
 .debug_macro   0x00000000     0x6691 ./Generated_Code/Cpu.o
 .debug_macro   0x00000000       0x94 ./Generated_Code/Cpu.o
 .debug_macro   0x00000000      0x12c ./Generated_Code/Cpu.o
 .debug_macro   0x00000000       0x9a ./Generated_Code/Cpu.o
 .debug_macro   0x00000000       0x4c ./Generated_Code/Cpu.o
 .debug_macro   0x00000000       0x2d ./Generated_Code/Cpu.o
 .debug_macro   0x00000000      0x25b ./Generated_Code/Cpu.o
 .debug_macro   0x00000000       0x4a ./Generated_Code/Cpu.o
 .debug_macro   0x00000000       0x1c ./Generated_Code/Cpu.o
 COMMON         0x00000000        0x1 ./Generated_Code/Cpu.o
 .group         0x00000000        0x8 ./Generated_Code/LED.o
 .group         0x00000000        0x8 ./Generated_Code/LED.o
 .group         0x00000000        0x8 ./Generated_Code/LED.o
 .group         0x00000000        0x8 ./Generated_Code/LED.o
 .group         0x00000000        0x8 ./Generated_Code/LED.o
 .group         0x00000000        0x8 ./Generated_Code/LED.o
 .group         0x00000000        0x8 ./Generated_Code/LED.o
 .group         0x00000000        0x8 ./Generated_Code/LED.o
 .group         0x00000000        0x8 ./Generated_Code/LED.o
 .group         0x00000000        0x8 ./Generated_Code/LED.o
 .group         0x00000000        0x8 ./Generated_Code/LED.o
 .group         0x00000000        0x8 ./Generated_Code/LED.o
 .group         0x00000000        0x8 ./Generated_Code/LED.o
 .text          0x00000000        0x0 ./Generated_Code/LED.o
 .data          0x00000000        0x0 ./Generated_Code/LED.o
 .bss           0x00000000        0x0 ./Generated_Code/LED.o
 .debug_info    0x00000000       0x7d ./Generated_Code/LED.o
 .debug_abbrev  0x00000000       0x29 ./Generated_Code/LED.o
 .debug_aranges
                0x00000000       0x18 ./Generated_Code/LED.o
 .debug_macro   0x00000000       0xb5 ./Generated_Code/LED.o
 .debug_macro   0x00000000      0x802 ./Generated_Code/LED.o
 .debug_macro   0x00000000       0x16 ./Generated_Code/LED.o
 .debug_macro   0x00000000       0x44 ./Generated_Code/LED.o
 .debug_macro   0x00000000      0x209 ./Generated_Code/LED.o
 .debug_macro   0x00000000     0x157d ./Generated_Code/LED.o
 .debug_macro   0x00000000      0x14e ./Generated_Code/LED.o
 .debug_macro   0x00000000       0x64 ./Generated_Code/LED.o
 .debug_macro   0x00000000     0x6691 ./Generated_Code/LED.o
 .debug_macro   0x00000000       0x94 ./Generated_Code/LED.o
 .debug_macro   0x00000000      0x12c ./Generated_Code/LED.o
 .debug_macro   0x00000000       0x9a ./Generated_Code/LED.o
 .debug_macro   0x00000000       0x4c ./Generated_Code/LED.o
 .debug_macro   0x00000000       0x2d ./Generated_Code/LED.o
 .debug_line    0x00000000      0x2d2 ./Generated_Code/LED.o
 .debug_str     0x00000000    0x2cb68 ./Generated_Code/LED.o
 .comment       0x00000000       0x71 ./Generated_Code/LED.o
 .ARM.attributes
                0x00000000       0x32 ./Generated_Code/LED.o
 .group         0x00000000        0x8 ./Generated_Code/PE_LDD.o
 .group         0x00000000        0x8 ./Generated_Code/PE_LDD.o
 .group         0x00000000        0x8 ./Generated_Code/PE_LDD.o
 .group         0x00000000        0x8 ./Generated_Code/PE_LDD.o
 .group         0x00000000        0x8 ./Generated_Code/PE_LDD.o
 .group         0x00000000        0x8 ./Generated_Code/PE_LDD.o
 .group         0x00000000        0x8 ./Generated_Code/PE_LDD.o
 .group         0x00000000        0x8 ./Generated_Code/PE_LDD.o
 .group         0x00000000        0x8 ./Generated_Code/PE_LDD.o
 .group         0x00000000        0x8 ./Generated_Code/PE_LDD.o
 .group         0x00000000        0x8 ./Generated_Code/PE_LDD.o
 .group         0x00000000        0x8 ./Generated_Code/PE_LDD.o
 .group         0x00000000        0x8 ./Generated_Code/PE_LDD.o
 .group         0x00000000        0x8 ./Generated_Code/PE_LDD.o
 .group         0x00000000        0x8 ./Generated_Code/PE_LDD.o
 .group         0x00000000        0x8 ./Generated_Code/PE_LDD.o
 .text          0x00000000        0x0 ./Generated_Code/PE_LDD.o
 .data          0x00000000        0x0 ./Generated_Code/PE_LDD.o
 .bss           0x00000000        0x0 ./Generated_Code/PE_LDD.o
 .rodata.PE_CpuClockConfigurations
                0x00000000       0x28 ./Generated_Code/PE_LDD.o
 .text.PE_FillMemory
                0x00000000       0x24 ./Generated_Code/PE_LDD.o
 .text.PE_PeripheralUsed
                0x00000000       0x40 ./Generated_Code/PE_LDD.o
 .text.LDD_SetClockConfiguration
                0x00000000       0x14 ./Generated_Code/PE_LDD.o
 .debug_macro   0x00000000      0x802 ./Generated_Code/PE_LDD.o
 .debug_macro   0x00000000       0x16 ./Generated_Code/PE_LDD.o
 .debug_macro   0x00000000       0x44 ./Generated_Code/PE_LDD.o
 .debug_macro   0x00000000      0x209 ./Generated_Code/PE_LDD.o
 .debug_macro   0x00000000     0x157d ./Generated_Code/PE_LDD.o
 .debug_macro   0x00000000      0x14e ./Generated_Code/PE_LDD.o
 .debug_macro   0x00000000       0x64 ./Generated_Code/PE_LDD.o
 .debug_macro   0x00000000     0x6691 ./Generated_Code/PE_LDD.o
 .debug_macro   0x00000000       0x94 ./Generated_Code/PE_LDD.o
 .debug_macro   0x00000000      0x12c ./Generated_Code/PE_LDD.o
 .debug_macro   0x00000000       0x9a ./Generated_Code/PE_LDD.o
 .debug_macro   0x00000000       0x4c ./Generated_Code/PE_LDD.o
 .debug_macro   0x00000000       0x2d ./Generated_Code/PE_LDD.o
 .debug_macro   0x00000000      0x25b ./Generated_Code/PE_LDD.o
 .debug_macro   0x00000000       0x4a ./Generated_Code/PE_LDD.o
 .debug_macro   0x00000000       0x1c ./Generated_Code/PE_LDD.o
 .group         0x00000000        0x8 ./Generated_Code/TI1.o
 .group         0x00000000        0x8 ./Generated_Code/TI1.o
 .group         0x00000000        0x8 ./Generated_Code/TI1.o
 .group         0x00000000        0x8 ./Generated_Code/TI1.o
 .group         0x00000000        0x8 ./Generated_Code/TI1.o
 .group         0x00000000        0x8 ./Generated_Code/TI1.o
 .group         0x00000000        0x8 ./Generated_Code/TI1.o
 .group         0x00000000        0x8 ./Generated_Code/TI1.o
 .group         0x00000000        0x8 ./Generated_Code/TI1.o
 .group         0x00000000        0x8 ./Generated_Code/TI1.o
 .group         0x00000000        0x8 ./Generated_Code/TI1.o
 .group         0x00000000        0x8 ./Generated_Code/TI1.o
 .group         0x00000000        0x8 ./Generated_Code/TI1.o
 .group         0x00000000        0x8 ./Generated_Code/TI1.o
 .group         0x00000000        0x8 ./Generated_Code/TI1.o
 .group         0x00000000        0x8 ./Generated_Code/TI1.o
 .text          0x00000000        0x0 ./Generated_Code/TI1.o
 .data          0x00000000        0x0 ./Generated_Code/TI1.o
 .bss           0x00000000        0x0 ./Generated_Code/TI1.o
 .debug_macro   0x00000000      0x802 ./Generated_Code/TI1.o
 .debug_macro   0x00000000       0x16 ./Generated_Code/TI1.o
 .debug_macro   0x00000000       0x44 ./Generated_Code/TI1.o
 .debug_macro   0x00000000      0x209 ./Generated_Code/TI1.o
 .debug_macro   0x00000000     0x157d ./Generated_Code/TI1.o
 .debug_macro   0x00000000      0x14e ./Generated_Code/TI1.o
 .debug_macro   0x00000000       0x64 ./Generated_Code/TI1.o
 .debug_macro   0x00000000     0x6691 ./Generated_Code/TI1.o
 .debug_macro   0x00000000       0x94 ./Generated_Code/TI1.o
 .debug_macro   0x00000000      0x12c ./Generated_Code/TI1.o
 .debug_macro   0x00000000       0x9a ./Generated_Code/TI1.o
 .debug_macro   0x00000000       0x4c ./Generated_Code/TI1.o
 .debug_macro   0x00000000       0x2d ./Generated_Code/TI1.o
 .debug_macro   0x00000000      0x25b ./Generated_Code/TI1.o
 .debug_macro   0x00000000       0x4a ./Generated_Code/TI1.o
 .debug_macro   0x00000000       0x1c ./Generated_Code/TI1.o
 .group         0x00000000        0x8 ./Generated_Code/TU1.o
 .group         0x00000000        0x8 ./Generated_Code/TU1.o
 .group         0x00000000        0x8 ./Generated_Code/TU1.o
 .group         0x00000000        0x8 ./Generated_Code/TU1.o
 .group         0x00000000        0x8 ./Generated_Code/TU1.o
 .group         0x00000000        0x8 ./Generated_Code/TU1.o
 .group         0x00000000        0x8 ./Generated_Code/TU1.o
 .group         0x00000000        0x8 ./Generated_Code/TU1.o
 .group         0x00000000        0x8 ./Generated_Code/TU1.o
 .group         0x00000000        0x8 ./Generated_Code/TU1.o
 .group         0x00000000        0x8 ./Generated_Code/TU1.o
 .group         0x00000000        0x8 ./Generated_Code/TU1.o
 .group         0x00000000        0x8 ./Generated_Code/TU1.o
 .text          0x00000000        0x0 ./Generated_Code/TU1.o
 .data          0x00000000        0x0 ./Generated_Code/TU1.o
 .bss           0x00000000        0x0 ./Generated_Code/TU1.o
 .debug_macro   0x00000000      0x802 ./Generated_Code/TU1.o
 .debug_macro   0x00000000       0x16 ./Generated_Code/TU1.o
 .debug_macro   0x00000000       0x44 ./Generated_Code/TU1.o
 .debug_macro   0x00000000      0x209 ./Generated_Code/TU1.o
 .debug_macro   0x00000000     0x157d ./Generated_Code/TU1.o
 .debug_macro   0x00000000      0x14e ./Generated_Code/TU1.o
 .debug_macro   0x00000000       0x64 ./Generated_Code/TU1.o
 .debug_macro   0x00000000     0x6691 ./Generated_Code/TU1.o
 .debug_macro   0x00000000       0x94 ./Generated_Code/TU1.o
 .debug_macro   0x00000000       0x9a ./Generated_Code/TU1.o
 .debug_macro   0x00000000       0x4a ./Generated_Code/TU1.o
 .debug_macro   0x00000000       0x1c ./Generated_Code/TU1.o
 .group         0x00000000        0x8 ./Generated_Code/TimerIntLdd1.o
 .group         0x00000000        0x8 ./Generated_Code/TimerIntLdd1.o
 .group         0x00000000        0x8 ./Generated_Code/TimerIntLdd1.o
 .group         0x00000000        0x8 ./Generated_Code/TimerIntLdd1.o
 .group         0x00000000        0x8 ./Generated_Code/TimerIntLdd1.o
 .group         0x00000000        0x8 ./Generated_Code/TimerIntLdd1.o
 .group         0x00000000        0x8 ./Generated_Code/TimerIntLdd1.o
 .group         0x00000000        0x8 ./Generated_Code/TimerIntLdd1.o
 .group         0x00000000        0x8 ./Generated_Code/TimerIntLdd1.o
 .group         0x00000000        0x8 ./Generated_Code/TimerIntLdd1.o
 .group         0x00000000        0x8 ./Generated_Code/TimerIntLdd1.o
 .group         0x00000000        0x8 ./Generated_Code/TimerIntLdd1.o
 .group         0x00000000        0x8 ./Generated_Code/TimerIntLdd1.o
 .text          0x00000000        0x0 ./Generated_Code/TimerIntLdd1.o
 .data          0x00000000        0x0 ./Generated_Code/TimerIntLdd1.o
 .bss           0x00000000        0x0 ./Generated_Code/TimerIntLdd1.o
 .debug_macro   0x00000000      0x802 ./Generated_Code/TimerIntLdd1.o
 .debug_macro   0x00000000       0x16 ./Generated_Code/TimerIntLdd1.o
 .debug_macro   0x00000000       0x44 ./Generated_Code/TimerIntLdd1.o
 .debug_macro   0x00000000      0x209 ./Generated_Code/TimerIntLdd1.o
 .debug_macro   0x00000000     0x157d ./Generated_Code/TimerIntLdd1.o
 .debug_macro   0x00000000      0x14e ./Generated_Code/TimerIntLdd1.o
 .debug_macro   0x00000000       0x64 ./Generated_Code/TimerIntLdd1.o
 .debug_macro   0x00000000     0x6691 ./Generated_Code/TimerIntLdd1.o
 .debug_macro   0x00000000       0x94 ./Generated_Code/TimerIntLdd1.o
 .debug_macro   0x00000000      0x255 ./Generated_Code/TimerIntLdd1.o
 .debug_macro   0x00000000       0x9a ./Generated_Code/TimerIntLdd1.o
 .debug_macro   0x00000000       0x4a ./Generated_Code/TimerIntLdd1.o
 .debug_macro   0x00000000       0x1c ./Generated_Code/TimerIntLdd1.o
 .group         0x00000000        0x8 ./Generated_Code/Vectors.o
 .group         0x00000000        0x8 ./Generated_Code/Vectors.o
 .group         0x00000000        0x8 ./Generated_Code/Vectors.o
 .group         0x00000000        0x8 ./Generated_Code/Vectors.o
 .group         0x00000000        0x8 ./Generated_Code/Vectors.o
 .group         0x00000000        0x8 ./Generated_Code/Vectors.o
 .group         0x00000000        0x8 ./Generated_Code/Vectors.o
 .group         0x00000000        0x8 ./Generated_Code/Vectors.o
 .group         0x00000000        0x8 ./Generated_Code/Vectors.o
 .group         0x00000000        0x8 ./Generated_Code/Vectors.o
 .group         0x00000000        0x8 ./Generated_Code/Vectors.o
 .group         0x00000000        0x8 ./Generated_Code/Vectors.o
 .group         0x00000000        0x8 ./Generated_Code/Vectors.o
 .group         0x00000000        0x8 ./Generated_Code/Vectors.o
 .group         0x00000000        0x8 ./Generated_Code/Vectors.o
 .group         0x00000000        0x8 ./Generated_Code/Vectors.o
 .text          0x00000000        0x0 ./Generated_Code/Vectors.o
 .data          0x00000000        0x0 ./Generated_Code/Vectors.o
 .bss           0x00000000        0x0 ./Generated_Code/Vectors.o
 .debug_macro   0x00000000      0x802 ./Generated_Code/Vectors.o
 .debug_macro   0x00000000       0x16 ./Generated_Code/Vectors.o
 .debug_macro   0x00000000       0x44 ./Generated_Code/Vectors.o
 .debug_macro   0x00000000      0x209 ./Generated_Code/Vectors.o
 .debug_macro   0x00000000     0x157d ./Generated_Code/Vectors.o
 .debug_macro   0x00000000      0x14e ./Generated_Code/Vectors.o
 .debug_macro   0x00000000       0x64 ./Generated_Code/Vectors.o
 .debug_macro   0x00000000     0x6691 ./Generated_Code/Vectors.o
 .debug_macro   0x00000000       0x94 ./Generated_Code/Vectors.o
 .debug_macro   0x00000000       0x94 ./Generated_Code/Vectors.o
 .debug_macro   0x00000000      0x12c ./Generated_Code/Vectors.o
 .debug_macro   0x00000000       0x4c ./Generated_Code/Vectors.o
 .debug_macro   0x00000000       0x2d ./Generated_Code/Vectors.o
 .debug_macro   0x00000000      0x25b ./Generated_Code/Vectors.o
 .debug_macro   0x00000000       0x4a ./Generated_Code/Vectors.o
 .debug_macro   0x00000000       0x1c ./Generated_Code/Vectors.o
 .text          0x00000000        0x0 c:/freescale/kds_v3/toolchain/bin/../lib/gcc/arm-none-eabi/4.8.4/../../../../arm-none-eabi/lib/armv6-m\libg_s.a(lib_a-exit.o)
 .data          0x00000000        0x0 c:/freescale/kds_v3/toolchain/bin/../lib/gcc/arm-none-eabi/4.8.4/../../../../arm-none-eabi/lib/armv6-m\libg_s.a(lib_a-exit.o)
 .bss           0x00000000        0x0 c:/freescale/kds_v3/toolchain/bin/../lib/gcc/arm-none-eabi/4.8.4/../../../../arm-none-eabi/lib/armv6-m\libg_s.a(lib_a-exit.o)
 .text          0x00000000        0x0 c:/freescale/kds_v3/toolchain/bin/../lib/gcc/arm-none-eabi/4.8.4/../../../../arm-none-eabi/lib/armv6-m\libg_s.a(lib_a-impure.o)
 .data          0x00000000        0x0 c:/freescale/kds_v3/toolchain/bin/../lib/gcc/arm-none-eabi/4.8.4/../../../../arm-none-eabi/lib/armv6-m\libg_s.a(lib_a-impure.o)
 .bss           0x00000000        0x0 c:/freescale/kds_v3/toolchain/bin/../lib/gcc/arm-none-eabi/4.8.4/../../../../arm-none-eabi/lib/armv6-m\libg_s.a(lib_a-impure.o)
 .data._impure_ptr
                0x00000000        0x4 c:/freescale/kds_v3/toolchain/bin/../lib/gcc/arm-none-eabi/4.8.4/../../../../arm-none-eabi/lib/armv6-m\libg_s.a(lib_a-impure.o)
 .text          0x00000000        0x0 c:/freescale/kds_v3/toolchain/bin/../lib/gcc/arm-none-eabi/4.8.4/../../../../arm-none-eabi/lib/armv6-m\libg_s.a(lib_a-init.o)
 .data          0x00000000        0x0 c:/freescale/kds_v3/toolchain/bin/../lib/gcc/arm-none-eabi/4.8.4/../../../../arm-none-eabi/lib/armv6-m\libg_s.a(lib_a-init.o)
 .bss           0x00000000        0x0 c:/freescale/kds_v3/toolchain/bin/../lib/gcc/arm-none-eabi/4.8.4/../../../../arm-none-eabi/lib/armv6-m\libg_s.a(lib_a-init.o)
 .text          0x00000000        0x0 c:/freescale/kds_v3/toolchain/bin/../lib/gcc/arm-none-eabi/4.8.4/../../../../arm-none-eabi/lib/armv6-m\libg_s.a(lib_a-memset.o)
 .data          0x00000000        0x0 c:/freescale/kds_v3/toolchain/bin/../lib/gcc/arm-none-eabi/4.8.4/../../../../arm-none-eabi/lib/armv6-m\libg_s.a(lib_a-memset.o)
 .bss           0x00000000        0x0 c:/freescale/kds_v3/toolchain/bin/../lib/gcc/arm-none-eabi/4.8.4/../../../../arm-none-eabi/lib/armv6-m\libg_s.a(lib_a-memset.o)
 .text          0x00000000        0x0 c:/freescale/kds_v3/toolchain/bin/../lib/gcc/arm-none-eabi/4.8.4/../../../../arm-none-eabi/lib/armv6-m\libnosys.a(_exit.o)
 .data          0x00000000        0x0 c:/freescale/kds_v3/toolchain/bin/../lib/gcc/arm-none-eabi/4.8.4/../../../../arm-none-eabi/lib/armv6-m\libnosys.a(_exit.o)
 .bss           0x00000000        0x0 c:/freescale/kds_v3/toolchain/bin/../lib/gcc/arm-none-eabi/4.8.4/../../../../arm-none-eabi/lib/armv6-m\libnosys.a(_exit.o)
 .text          0x00000000        0x0 c:/freescale/kds_v3/toolchain/bin/../lib/gcc/arm-none-eabi/4.8.4/armv6-m/crtend.o
 .data          0x00000000        0x0 c:/freescale/kds_v3/toolchain/bin/../lib/gcc/arm-none-eabi/4.8.4/armv6-m/crtend.o
 .bss           0x00000000        0x0 c:/freescale/kds_v3/toolchain/bin/../lib/gcc/arm-none-eabi/4.8.4/armv6-m/crtend.o
 .eh_frame      0x00000000        0x4 c:/freescale/kds_v3/toolchain/bin/../lib/gcc/arm-none-eabi/4.8.4/armv6-m/crtend.o
 .jcr           0x00000000        0x4 c:/freescale/kds_v3/toolchain/bin/../lib/gcc/arm-none-eabi/4.8.4/armv6-m/crtend.o
 .ARM.attributes
                0x00000000       0x2c c:/freescale/kds_v3/toolchain/bin/../lib/gcc/arm-none-eabi/4.8.4/armv6-m/crtend.o
 .text          0x00000000        0x0 c:/freescale/kds_v3/toolchain/bin/../lib/gcc/arm-none-eabi/4.8.4/armv6-m/crtn.o
 .data          0x00000000        0x0 c:/freescale/kds_v3/toolchain/bin/../lib/gcc/arm-none-eabi/4.8.4/armv6-m/crtn.o
 .bss           0x00000000        0x0 c:/freescale/kds_v3/toolchain/bin/../lib/gcc/arm-none-eabi/4.8.4/armv6-m/crtn.o

Memory Configuration

Name             Origin             Length             Attributes
m_interrupts     0x00000000         0x000000c0         xr
m_text           0x00000410         0x0001fbf0         xr
m_data           0x1ffff000         0x00004000         rw
m_cfmprotrom     0x00000400         0x00000010         xr
*default*        0x00000000         0xffffffff

Linker script and memory map

LOAD c:/freescale/kds_v3/toolchain/bin/../lib/gcc/arm-none-eabi/4.8.4/armv6-m/crti.o
LOAD c:/freescale/kds_v3/toolchain/bin/../lib/gcc/arm-none-eabi/4.8.4/armv6-m/crtbegin.o
LOAD c:/freescale/kds_v3/toolchain/bin/../lib/gcc/arm-none-eabi/4.8.4/../../../../arm-none-eabi/lib/armv6-m/crt0.o
LOAD ./Sources/Events.o
LOAD ./Sources/main.o
LOAD ./Project_Settings/Startup_Code/startup.o
LOAD ./Generated_Code/BitIoLdd1.o
LOAD ./Generated_Code/Cpu.o
LOAD ./Generated_Code/LED.o
LOAD ./Generated_Code/PE_LDD.o
LOAD ./Generated_Code/TI1.o
LOAD ./Generated_Code/TU1.o
LOAD ./Generated_Code/TimerIntLdd1.o
LOAD ./Generated_Code/Vectors.o
LOAD c:/freescale/kds_v3/toolchain/bin/../lib/gcc/arm-none-eabi/4.8.4/../../../../arm-none-eabi/lib/armv6-m\libstdc++_s.a
LOAD c:/freescale/kds_v3/toolchain/bin/../lib/gcc/arm-none-eabi/4.8.4/../../../../arm-none-eabi/lib/armv6-m\libm.a
START GROUP
LOAD c:/freescale/kds_v3/toolchain/bin/../lib/gcc/arm-none-eabi/4.8.4/armv6-m\libgcc.a
LOAD c:/freescale/kds_v3/toolchain/bin/../lib/gcc/arm-none-eabi/4.8.4/../../../../arm-none-eabi/lib/armv6-m\libg_s.a
LOAD c:/freescale/kds_v3/toolchain/bin/../lib/gcc/arm-none-eabi/4.8.4/../../../../arm-none-eabi/lib/armv6-m\libc_s.a
END GROUP
START GROUP
LOAD c:/freescale/kds_v3/toolchain/bin/../lib/gcc/arm-none-eabi/4.8.4/armv6-m\libgcc.a
LOAD c:/freescale/kds_v3/toolchain/bin/../lib/gcc/arm-none-eabi/4.8.4/../../../../arm-none-eabi/lib/armv6-m\libc_s.a
LOAD c:/freescale/kds_v3/toolchain/bin/../lib/gcc/arm-none-eabi/4.8.4/../../../../arm-none-eabi/lib/armv6-m\libnosys.a
END GROUP
START GROUP
LOAD c:/freescale/kds_v3/toolchain/bin/../lib/gcc/arm-none-eabi/4.8.4/armv6-m\libgcc.a
LOAD c:/freescale/kds_v3/toolchain/bin/../lib/gcc/arm-none-eabi/4.8.4/../../../../arm-none-eabi/lib/armv6-m\libc_s.a
LOAD c:/freescale/kds_v3/toolchain/bin/../lib/gcc/arm-none-eabi/4.8.4/../../../../arm-none-eabi/lib/armv6-m\libnosys.a
END GROUP
LOAD c:/freescale/kds_v3/toolchain/bin/../lib/gcc/arm-none-eabi/4.8.4/armv6-m/crtend.o
LOAD c:/freescale/kds_v3/toolchain/bin/../lib/gcc/arm-none-eabi/4.8.4/armv6-m/crtn.o
                0x20003000                _estack = 0x20003000
                0x20003000                __SP_INIT = _estack
                0x20003000                __stack = _estack
                0x00000000                __heap_size = 0x0
                0x00000400                __stack_size = 0x400

.interrupts     0x00000000       0xc0
                0x00000000                __vector_table = .
                0x00000000                . = ALIGN (0x4)
 *(.vectortable)
 .vectortable   0x00000000       0xc0 ./Generated_Code/Vectors.o
                0x00000000                __vect_table
                0x000000c0                . = ALIGN (0x4)

.cfmprotect     0x00000400       0x10
                0x00000400                . = ALIGN (0x4)
 *(.cfmconfig)
 .cfmconfig     0x00000400       0x10 ./Generated_Code/Cpu.o
                0x00000400                _cfm
                0x00000410                . = ALIGN (0x4)

.text           0x00000410      0x75c
                0x00000410                . = ALIGN (0x4)
 *(.text)
 .text          0x00000410       0x60 c:/freescale/kds_v3/toolchain/bin/../lib/gcc/arm-none-eabi/4.8.4/armv6-m/crtbegin.o
 .text          0x00000470       0x78 c:/freescale/kds_v3/toolchain/bin/../lib/gcc/arm-none-eabi/4.8.4/../../../../arm-none-eabi/lib/armv6-m/crt0.o
                0x00000470                _start
                0x00000470                _mainCRTStartup
 *(.text*)
 .text.Cpu_OnNMIINT
                0x000004e8        0x8 ./Sources/Events.o
                0x000004e8                Cpu_OnNMIINT
 .text.TI1_OnInterrupt
                0x000004f0       0x18 ./Sources/Events.o
                0x000004f0                TI1_OnInterrupt
 .text.main     0x00000508        0xc ./Sources/main.o
                0x00000508                main
 .text.__copy_rom_section
                0x00000514       0xd8 ./Project_Settings/Startup_Code/startup.o
                0x00000514                __copy_rom_section
 .text.__copy_rom_sections_to_ram
                0x000005ec       0x98 ./Project_Settings/Startup_Code/startup.o
                0x000005ec                __copy_rom_sections_to_ram
 .text.__init_registers
                0x00000684        0x8 ./Project_Settings/Startup_Code/startup.o
                0x00000684                __init_registers
 .text.__init_user
                0x0000068c        0x8 ./Project_Settings/Startup_Code/startup.o
                0x0000068c                __init_user
 .text.__thumb_startup
                0x00000694       0x30 ./Project_Settings/Startup_Code/startup.o
                0x00000694                __thumb_startup
 .text.BitIoLdd1_Init
                0x000006c4       0x60 ./Generated_Code/BitIoLdd1.o
                0x000006c4                BitIoLdd1_Init
 .text.BitIoLdd1_NegVal
                0x00000724       0x18 ./Generated_Code/BitIoLdd1.o
                0x00000724                BitIoLdd1_NegVal
 .text.Cpu_INT_NMIInterrupt
                0x0000073c        0xc ./Generated_Code/Cpu.o
                0x0000073c                Cpu_INT_NMIInterrupt
 .text.Cpu_Interrupt
                0x00000748        0xc ./Generated_Code/Cpu.o
                0x00000748                Cpu_Interrupt
 .text.__init_hardware
                0x00000754      0x120 ./Generated_Code/Cpu.o
                0x00000754                __init_hardware
 .text.PE_low_level_init
                0x00000874       0xd4 ./Generated_Code/Cpu.o
                0x00000874                PE_low_level_init
 .text.TimerIntLdd1_OnInterrupt
                0x00000948       0x14 ./Generated_Code/TI1.o
                0x00000948                TimerIntLdd1_OnInterrupt
 .text.TU1_Init
                0x0000095c       0xc0 ./Generated_Code/TU1.o
                0x0000095c                TU1_Init
 .text.TU1_Interrupt
                0x00000a1c       0x30 ./Generated_Code/TU1.o
                0x00000a1c                TU1_Interrupt
 .text.TimerIntLdd1_Init
                0x00000a4c       0x50 ./Generated_Code/TimerIntLdd1.o
                0x00000a4c                TimerIntLdd1_Init
 .text.TU1_OnCounterRestart
                0x00000a9c       0x24 ./Generated_Code/TimerIntLdd1.o
                0x00000a9c                TU1_OnCounterRestart
 .text.exit     0x00000ac0       0x2c c:/freescale/kds_v3/toolchain/bin/../lib/gcc/arm-none-eabi/4.8.4/../../../../arm-none-eabi/lib/armv6-m\libg_s.a(lib_a-exit.o)
                0x00000ac0                exit
 .text.__libc_init_array
                0x00000aec       0x4c c:/freescale/kds_v3/toolchain/bin/../lib/gcc/arm-none-eabi/4.8.4/../../../../arm-none-eabi/lib/armv6-m\libg_s.a(lib_a-init.o)
                0x00000aec                __libc_init_array
 .text.memset   0x00000b38       0x10 c:/freescale/kds_v3/toolchain/bin/../lib/gcc/arm-none-eabi/4.8.4/../../../../arm-none-eabi/lib/armv6-m\libg_s.a(lib_a-memset.o)
                0x00000b38                memset
 .text._exit    0x00000b48        0x4 c:/freescale/kds_v3/toolchain/bin/../lib/gcc/arm-none-eabi/4.8.4/../../../../arm-none-eabi/lib/armv6-m\libnosys.a(_exit.o)
                0x00000b48                _exit
 *(.rodata)
 *(.rodata*)
 .rodata.str1.1
                0x00000b4c        0x2 c:/freescale/kds_v3/toolchain/bin/../lib/gcc/arm-none-eabi/4.8.4/../../../../arm-none-eabi/lib/armv6-m\libg_s.a(lib_a-impure.o)
 *fill*         0x00000b4e        0x2 
 .rodata._global_impure_ptr
                0x00000b50        0x4 c:/freescale/kds_v3/toolchain/bin/../lib/gcc/arm-none-eabi/4.8.4/../../../../arm-none-eabi/lib/armv6-m\libg_s.a(lib_a-impure.o)
                0x00000b50                _global_impure_ptr
 *(.glue_7)
 .glue_7        0x00000000        0x0 linker stubs
 *(.glue_7t)
 .glue_7t       0x00000000        0x0 linker stubs
 *(.eh_frame)
 .eh_frame      0x00000b54        0x0 c:/freescale/kds_v3/toolchain/bin/../lib/gcc/arm-none-eabi/4.8.4/armv6-m/crtbegin.o
 *(.init)
 .init          0x00000b54        0x4 c:/freescale/kds_v3/toolchain/bin/../lib/gcc/arm-none-eabi/4.8.4/armv6-m/crti.o
                0x00000b54                _init
 .init          0x00000b58        0x8 c:/freescale/kds_v3/toolchain/bin/../lib/gcc/arm-none-eabi/4.8.4/armv6-m/crtn.o
 *(.fini)
 .fini          0x00000b60        0x4 c:/freescale/kds_v3/toolchain/bin/../lib/gcc/arm-none-eabi/4.8.4/armv6-m/crti.o
                0x00000b60                _fini
 .fini          0x00000b64        0x8 c:/freescale/kds_v3/toolchain/bin/../lib/gcc/arm-none-eabi/4.8.4/armv6-m/crtn.o
                0x00000b6c                . = ALIGN (0x4)
                0x00000b6c                _etext = .

.vfp11_veneer   0x00000b6c        0x0
 .vfp11_veneer  0x00000000        0x0 linker stubs

.v4_bx          0x00000b6c        0x0
 .v4_bx         0x00000000        0x0 linker stubs

.iplt           0x00000b6c        0x0
 .iplt          0x00000000        0x0 c:/freescale/kds_v3/toolchain/bin/../lib/gcc/arm-none-eabi/4.8.4/armv6-m/crtbegin.o

.ARM.extab
 *(.ARM.extab* .gnu.linkonce.armextab.*)

.ARM            0x00000b6c        0x8
                0x00000b6c                __exidx_start = .
 *(.ARM.exidx*)
 .ARM.exidx     0x00000b6c        0x8 c:/freescale/kds_v3/toolchain/bin/../lib/gcc/arm-none-eabi/4.8.4/../../../../arm-none-eabi/lib/armv6-m/crt0.o
                0x00000b74                __exidx_end = .

.rel.dyn        0x00000b74        0x0
 .rel.iplt      0x00000000        0x0 c:/freescale/kds_v3/toolchain/bin/../lib/gcc/arm-none-eabi/4.8.4/armv6-m/crtbegin.o

.ctors          0x00000b74        0x0
                0x00000b74                __CTOR_LIST__ = .
 *crtbegin.o(.ctors)
 *(EXCLUDE_FILE(*crtend.o) .ctors)
 *(SORT(.ctors.*))
 *(.ctors)
                0x00000b74                __CTOR_END__ = .

.dtors          0x00000b74        0x0
                0x00000b74                __DTOR_LIST__ = .
 *crtbegin.o(.dtors)
 *(EXCLUDE_FILE(*crtend.o) .dtors)
 *(SORT(.dtors.*))
 *(.dtors)
                0x00000b74                __DTOR_END__ = .

.preinit_array  0x00000b74        0x0
                0x00000b74                PROVIDE (__preinit_array_start, .)
 *(.preinit_array*)
                0x00000b74                PROVIDE (__preinit_array_end, .)

.init_array     0x00000b74        0x4
                0x00000b74                PROVIDE (__init_array_start, .)
 *(SORT(.init_array.*))
 *(.init_array*)
 .init_array    0x00000b74        0x4 c:/freescale/kds_v3/toolchain/bin/../lib/gcc/arm-none-eabi/4.8.4/armv6-m/crtbegin.o
                0x00000b78                PROVIDE (__init_array_end, .)

.fini_array     0x00000b78        0x4
                0x00000b78                PROVIDE (__fini_array_start, .)
 *(SORT(.fini_array.*))
 *(.fini_array*)
 .fini_array    0x00000b78        0x4 c:/freescale/kds_v3/toolchain/bin/../lib/gcc/arm-none-eabi/4.8.4/armv6-m/crtbegin.o
                0x00000b7c                PROVIDE (__fini_array_end, .)
                0x00000b7c                ___ROM_AT = .

.mtb            0x1ffff000        0x0
                0x1ffff000                . = ALIGN (0x8)
                0x1ffff000                _mtb_start = .
 *(.mtb_buf)
                0x1ffff000                . = ALIGN (0x8)
                0x1ffff000                _mtb_end = .

.data           0x1ffff000       0x60 load address 0x00000b7c
                0x1ffff000                . = ALIGN (0x4)
                0x1ffff000                _sdata = .
 *(.data)
 *(.data*)
 .data.impure_data
                0x1ffff000       0x60 c:/freescale/kds_v3/toolchain/bin/../lib/gcc/arm-none-eabi/4.8.4/../../../../arm-none-eabi/lib/armv6-m\libg_s.a(lib_a-impure.o)
                0x1ffff060                . = ALIGN (0x4)
                0x1ffff060                _edata = .
                0x00000060                ___data_size = (_edata - _sdata)

.jcr            0x1ffff060        0x0 load address 0x00000bdc
 .jcr           0x1ffff060        0x0 c:/freescale/kds_v3/toolchain/bin/../lib/gcc/arm-none-eabi/4.8.4/armv6-m/crtbegin.o

.igot.plt       0x1ffff060        0x0 load address 0x00000bdc
 .igot.plt      0x00000000        0x0 c:/freescale/kds_v3/toolchain/bin/../lib/gcc/arm-none-eabi/4.8.4/armv6-m/crtbegin.o
                0x1ffff060                . = ALIGN (0x4)

.bss            0x1ffff060       0x44 load address 0x00000bdc
                0x1ffff060                __START_BSS = .
                0x1ffff060                PROVIDE (__bss_start__, __START_BSS)
 *(.bss)
 .bss           0x1ffff060       0x1c c:/freescale/kds_v3/toolchain/bin/../lib/gcc/arm-none-eabi/4.8.4/armv6-m/crtbegin.o
 *(.bss*)
 .bss.DeviceDataPrv__DEFAULT_RTOS_ALLOC
                0x1ffff07c        0x4 ./Generated_Code/BitIoLdd1.o
 .bss.PE_LDD_DeviceDataList
                0x1ffff080        0xc ./Generated_Code/PE_LDD.o
                0x1ffff080                PE_LDD_DeviceDataList
 .bss.DeviceDataPrv__DEFAULT_RTOS_ALLOC
                0x1ffff08c        0x8 ./Generated_Code/TU1.o
 .bss.INT_LPTMR0__DEFAULT_RTOS_ISRPARAM
                0x1ffff094        0x4 ./Generated_Code/TU1.o
 .bss.DeviceDataPrv__DEFAULT_RTOS_ALLOC
                0x1ffff098        0xc ./Generated_Code/TimerIntLdd1.o
 *(COMMON)
                0x1ffff0a4                . = ALIGN (0x4)
                0x1ffff0a4                __END_BSS = .
                0x1ffff0a4                PROVIDE (__bss_end__, __END_BSS)
                0x00000bdc                _romp_at = (___ROM_AT + SIZEOF (.data))

.romp           0x1ffff0a4       0x18 load address 0x00000bdc
                0x00000bdc                __S_romp = _romp_at
                0x1ffff0a4        0x4 LONG 0xb7c ___ROM_AT
                0x1ffff0a8        0x4 LONG 0x1ffff000 _sdata
                0x1ffff0ac        0x4 LONG 0x60 ___data_size
                0x1ffff0b0        0x4 LONG 0x0
                0x1ffff0b4        0x4 LONG 0x0
                0x1ffff0b8        0x4 LONG 0x0
                0x00020000                text_end = (ORIGIN (m_text) + 0x1fbf0)
                0x00000bf4                data_init_end = ((___ROM_AT + SIZEOF (.data)) + SIZEOF (.romp))
                0x00000001                ASSERT ((data_init_end <= text_end), region m_text overflowed with text and data)

._user_heap_stack
                0x1ffff0bc      0x400 load address 0x00000bf4
                0x1ffff0bc                . = ALIGN (0x4)
                0x1ffff0bc                PROVIDE (end, .)
                0x1ffff0bc                PROVIDE (_end, .)
                0x1ffff0bc                PROVIDE (__end__, .)
                0x1ffff0bc                __heap_addr = .
                0x1ffff0bc                __HeapBase = .
                0x1ffff0bc                . = (. + __heap_size)
                0x1ffff0bc                __HeapLimit = .
                0x1ffff4bc                . = (. + __stack_size)
 *fill*         0x1ffff0bc      0x400 
                0x1ffff4bc                . = ALIGN (0x4)

.ARM.attributes
                0x00000000       0x28
 *(.ARM.attributes)
 .ARM.attributes
                0x00000000       0x1e c:/freescale/kds_v3/toolchain/bin/../lib/gcc/arm-none-eabi/4.8.4/armv6-m/crti.o
 .ARM.attributes
                0x0000001e       0x2c c:/freescale/kds_v3/toolchain/bin/../lib/gcc/arm-none-eabi/4.8.4/armv6-m/crtbegin.o
 .ARM.attributes
                0x0000004a       0x1b c:/freescale/kds_v3/toolchain/bin/../lib/gcc/arm-none-eabi/4.8.4/../../../../arm-none-eabi/lib/armv6-m/crt0.o
 .ARM.attributes
                0x00000065       0x32 ./Sources/Events.o
 .ARM.attributes
                0x00000097       0x32 ./Sources/main.o
 .ARM.attributes
                0x000000c9       0x32 ./Project_Settings/Startup_Code/startup.o
 .ARM.attributes
                0x000000fb       0x32 ./Generated_Code/BitIoLdd1.o
 .ARM.attributes
                0x0000012d       0x32 ./Generated_Code/Cpu.o
 .ARM.attributes
                0x0000015f       0x32 ./Generated_Code/PE_LDD.o
 .ARM.attributes
                0x00000191       0x32 ./Generated_Code/TI1.o
 .ARM.attributes
                0x000001c3       0x32 ./Generated_Code/TU1.o
 .ARM.attributes
                0x000001f5       0x32 ./Generated_Code/TimerIntLdd1.o
 .ARM.attributes
                0x00000227       0x32 ./Generated_Code/Vectors.o
 .ARM.attributes
                0x00000259       0x2c c:/freescale/kds_v3/toolchain/bin/../lib/gcc/arm-none-eabi/4.8.4/../../../../arm-none-eabi/lib/armv6-m\libg_s.a(lib_a-exit.o)
 .ARM.attributes
                0x00000285       0x2c c:/freescale/kds_v3/toolchain/bin/../lib/gcc/arm-none-eabi/4.8.4/../../../../arm-none-eabi/lib/armv6-m\libg_s.a(lib_a-impure.o)
 .ARM.attributes
                0x000002b1       0x2c c:/freescale/kds_v3/toolchain/bin/../lib/gcc/arm-none-eabi/4.8.4/../../../../arm-none-eabi/lib/armv6-m\libg_s.a(lib_a-init.o)
 .ARM.attributes
                0x000002dd       0x2c c:/freescale/kds_v3/toolchain/bin/../lib/gcc/arm-none-eabi/4.8.4/../../../../arm-none-eabi/lib/armv6-m\libg_s.a(lib_a-memset.o)
 .ARM.attributes
                0x00000309       0x2c c:/freescale/kds_v3/toolchain/bin/../lib/gcc/arm-none-eabi/4.8.4/../../../../arm-none-eabi/lib/armv6-m\libnosys.a(_exit.o)
 .ARM.attributes
                0x00000335       0x1e c:/freescale/kds_v3/toolchain/bin/../lib/gcc/arm-none-eabi/4.8.4/armv6-m/crtn.o
OUTPUT(EX04_Timer.elf elf32-littlearm)

.debug_info     0x00000000     0x1a05
 .debug_info    0x00000000      0x10a ./Sources/Events.o
 .debug_info    0x0000010a       0x9a ./Sources/main.o
 .debug_info    0x000001a4      0x20a ./Project_Settings/Startup_Code/startup.o
 .debug_info    0x000003ae      0x3dc ./Generated_Code/BitIoLdd1.o
 .debug_info    0x0000078a      0x842 ./Generated_Code/Cpu.o
 .debug_info    0x00000fcc      0x251 ./Generated_Code/PE_LDD.o
 .debug_info    0x0000121d       0xb2 ./Generated_Code/TI1.o
 .debug_info    0x000012cf      0x4b1 ./Generated_Code/TU1.o
 .debug_info    0x00001780      0x177 ./Generated_Code/TimerIntLdd1.o
 .debug_info    0x000018f7      0x10e ./Generated_Code/Vectors.o

.debug_abbrev   0x00000000      0x92c
 .debug_abbrev  0x00000000       0xc6 ./Sources/Events.o
 .debug_abbrev  0x000000c6       0x47 ./Sources/main.o
 .debug_abbrev  0x0000010d      0x11e ./Project_Settings/Startup_Code/startup.o
 .debug_abbrev  0x0000022b      0x15f ./Generated_Code/BitIoLdd1.o
 .debug_abbrev  0x0000038a      0x14f ./Generated_Code/Cpu.o
 .debug_abbrev  0x000004d9      0x10d ./Generated_Code/PE_LDD.o
 .debug_abbrev  0x000005e6       0x68 ./Generated_Code/TI1.o
 .debug_abbrev  0x0000064e      0x15d ./Generated_Code/TU1.o
 .debug_abbrev  0x000007ab       0xdd ./Generated_Code/TimerIntLdd1.o
 .debug_abbrev  0x00000888       0xa4 ./Generated_Code/Vectors.o

.debug_aranges  0x00000000      0x1e8
 .debug_aranges
                0x00000000       0x38 ./Sources/Events.o
 .debug_aranges
                0x00000038       0x20 ./Sources/main.o
 .debug_aranges
                0x00000058       0x50 ./Project_Settings/Startup_Code/startup.o
 .debug_aranges
                0x000000a8       0x50 ./Generated_Code/BitIoLdd1.o
 .debug_aranges
                0x000000f8       0x38 ./Generated_Code/Cpu.o
 .debug_aranges
                0x00000130       0x30 ./Generated_Code/PE_LDD.o
 .debug_aranges
                0x00000160       0x20 ./Generated_Code/TI1.o
 .debug_aranges
                0x00000180       0x28 ./Generated_Code/TU1.o
 .debug_aranges
                0x000001a8       0x28 ./Generated_Code/TimerIntLdd1.o
 .debug_aranges
                0x000001d0       0x18 ./Generated_Code/Vectors.o

.debug_ranges   0x00000000      0x140
 .debug_ranges  0x00000000       0x28 ./Sources/Events.o
 .debug_ranges  0x00000028       0x10 ./Sources/main.o
 .debug_ranges  0x00000038       0x40 ./Project_Settings/Startup_Code/startup.o
 .debug_ranges  0x00000078       0x40 ./Generated_Code/BitIoLdd1.o
 .debug_ranges  0x000000b8       0x28 ./Generated_Code/Cpu.o
 .debug_ranges  0x000000e0       0x20 ./Generated_Code/PE_LDD.o
 .debug_ranges  0x00000100       0x10 ./Generated_Code/TI1.o
 .debug_ranges  0x00000110       0x18 ./Generated_Code/TU1.o
 .debug_ranges  0x00000128       0x18 ./Generated_Code/TimerIntLdd1.o

.debug_macro    0x00000000    0x10b18
 .debug_macro   0x00000000      0x116 ./Sources/Events.o
 .debug_macro   0x00000116      0x802 ./Sources/Events.o
 .debug_macro   0x00000918       0x16 ./Sources/Events.o
 .debug_macro   0x0000092e       0x44 ./Sources/Events.o
 .debug_macro   0x00000972      0x209 ./Sources/Events.o
 .debug_macro   0x00000b7b     0x157d ./Sources/Events.o
 .debug_macro   0x000020f8      0x14e ./Sources/Events.o
 .debug_macro   0x00002246       0x64 ./Sources/Events.o
 .debug_macro   0x000022aa     0x6691 ./Sources/Events.o
 .debug_macro   0x0000893b       0x94 ./Sources/Events.o
 .debug_macro   0x000089cf       0x94 ./Sources/Events.o
 .debug_macro   0x00008a63      0x12c ./Sources/Events.o
 .debug_macro   0x00008b8f       0x4c ./Sources/Events.o
 .debug_macro   0x00008bdb       0x2d ./Sources/Events.o
 .debug_macro   0x00008c08      0x25b ./Sources/Events.o
 .debug_macro   0x00008e63       0x4a ./Sources/Events.o
 .debug_macro   0x00008ead       0x1c ./Sources/Events.o
 .debug_macro   0x00008ec9      0x116 ./Sources/main.o
 .debug_macro   0x00008fdf      0x121 ./Project_Settings/Startup_Code/startup.o
 .debug_macro   0x00009100       0x58 ./Project_Settings/Startup_Code/startup.o
 .debug_macro   0x00009158       0x35 ./Project_Settings/Startup_Code/startup.o
 .debug_macro   0x0000918d       0xa3 ./Project_Settings/Startup_Code/startup.o
 .debug_macro   0x00009230      0x166 ./Project_Settings/Startup_Code/startup.o
 .debug_macro   0x00009396       0x4a ./Project_Settings/Startup_Code/startup.o
 .debug_macro   0x000093e0       0x52 ./Project_Settings/Startup_Code/startup.o
 .debug_macro   0x00009432       0x16 ./Project_Settings/Startup_Code/startup.o
 .debug_macro   0x00009448       0x43 ./Project_Settings/Startup_Code/startup.o
 .debug_macro   0x0000948b      0x180 ./Project_Settings/Startup_Code/startup.o
 .debug_macro   0x0000960b      0x2a6 ./Project_Settings/Startup_Code/startup.o
 .debug_macro   0x000098b1       0x10 ./Project_Settings/Startup_Code/startup.o
 .debug_macro   0x000098c1       0x35 ./Project_Settings/Startup_Code/startup.o
 .debug_macro   0x000098f6       0x16 ./Project_Settings/Startup_Code/startup.o
 .debug_macro   0x0000990c       0x22 ./Project_Settings/Startup_Code/startup.o
 .debug_macro   0x0000992e       0x10 ./Project_Settings/Startup_Code/startup.o
 .debug_macro   0x0000993e      0x20f ./Project_Settings/Startup_Code/startup.o
 .debug_macro   0x00009b4d     0x6685 ./Project_Settings/Startup_Code/startup.o
 .debug_macro   0x000101d2       0xa6 ./Generated_Code/BitIoLdd1.o
 .debug_macro   0x00010278       0x9a ./Generated_Code/BitIoLdd1.o
 .debug_macro   0x00010312      0x117 ./Generated_Code/Cpu.o
 .debug_macro   0x00010429       0xf0 ./Generated_Code/PE_LDD.o
 .debug_macro   0x00010519      0x110 ./Generated_Code/TI1.o
 .debug_macro   0x00010629       0xbb ./Generated_Code/TU1.o
 .debug_macro   0x000106e4      0x255 ./Generated_Code/TU1.o
 .debug_macro   0x00010939       0xc5 ./Generated_Code/TimerIntLdd1.o
 .debug_macro   0x000109fe      0x11a ./Generated_Code/Vectors.o

.debug_line     0x00000000     0x25e1
 .debug_line    0x00000000      0x3cb ./Sources/Events.o
 .debug_line    0x000003cb      0x398 ./Sources/main.o
 .debug_line    0x00000763      0x442 ./Project_Settings/Startup_Code/startup.o
 .debug_line    0x00000ba5      0x35a ./Generated_Code/BitIoLdd1.o
 .debug_line    0x00000eff      0x4df ./Generated_Code/Cpu.o
 .debug_line    0x000013de      0x356 ./Generated_Code/PE_LDD.o
 .debug_line    0x00001734      0x415 ./Generated_Code/TI1.o
 .debug_line    0x00001b49      0x313 ./Generated_Code/TU1.o
 .debug_line    0x00001e5c      0x315 ./Generated_Code/TimerIntLdd1.o
 .debug_line    0x00002171      0x470 ./Generated_Code/Vectors.o

.debug_str      0x00000000    0x30e38
 .debug_str     0x00000000    0x2e069 ./Sources/Events.o
                              0x2e45f (size before relaxing)
 .debug_str     0x0002e069       0x17 ./Sources/main.o
                              0x2e3f0 (size before relaxing)
 .debug_str     0x0002e080     0x25f6 ./Project_Settings/Startup_Code/startup.o
                              0x2734a (size before relaxing)
 .debug_str     0x00030676      0x1a1 ./Generated_Code/BitIoLdd1.o
                              0x2cbf0 (size before relaxing)
 .debug_str     0x00030817      0x2b5 ./Generated_Code/Cpu.o
                              0x2e6fb (size before relaxing)
 .debug_str     0x00030acc      0x17e ./Generated_Code/PE_LDD.o
                              0x2e5af (size before relaxing)
 .debug_str     0x00030c4a       0x31 ./Generated_Code/TI1.o
                              0x2e424 (size before relaxing)
 .debug_str     0x00030c7b       0xe3 ./Generated_Code/TU1.o
                              0x2db0c (size before relaxing)
 .debug_str     0x00030d5e       0xbe ./Generated_Code/TimerIntLdd1.o
                              0x2d9ba (size before relaxing)
 .debug_str     0x00030e1c       0x1c ./Generated_Code/Vectors.o
                              0x2e442 (size before relaxing)

.comment        0x00000000       0x70
 .comment       0x00000000       0x70 ./Sources/Events.o
                                 0x71 (size before relaxing)
 .comment       0x00000000       0x71 ./Sources/main.o
 .comment       0x00000000       0x71 ./Project_Settings/Startup_Code/startup.o
 .comment       0x00000000       0x71 ./Generated_Code/BitIoLdd1.o
 .comment       0x00000000       0x71 ./Generated_Code/Cpu.o
 .comment       0x00000000       0x71 ./Generated_Code/PE_LDD.o
 .comment       0x00000000       0x71 ./Generated_Code/TI1.o
 .comment       0x00000000       0x71 ./Generated_Code/TU1.o
 .comment       0x00000000       0x71 ./Generated_Code/TimerIntLdd1.o
 .comment       0x00000000       0x71 ./Generated_Code/Vectors.o

.debug_frame    0x00000000      0x4c0
 .debug_frame   0x00000000       0x84 ./Sources/Events.o
 .debug_frame   0x00000084       0x2c ./Sources/main.o
 .debug_frame   0x000000b0       0xd0 ./Project_Settings/Startup_Code/startup.o
 .debug_frame   0x00000180       0xf0 ./Generated_Code/BitIoLdd1.o
 .debug_frame   0x00000270       0x80 ./Generated_Code/Cpu.o
 .debug_frame   0x000002f0       0x6c ./Generated_Code/PE_LDD.o
 .debug_frame   0x0000035c       0x30 ./Generated_Code/TI1.o
 .debug_frame   0x0000038c       0x50 ./Generated_Code/TU1.o
 .debug_frame   0x000003dc       0x50 ./Generated_Code/TimerIntLdd1.o
 .debug_frame   0x0000042c       0x28 c:/freescale/kds_v3/toolchain/bin/../lib/gcc/arm-none-eabi/4.8.4/../../../../arm-none-eabi/lib/armv6-m\libg_s.a(lib_a-exit.o)
 .debug_frame   0x00000454       0x2c c:/freescale/kds_v3/toolchain/bin/../lib/gcc/arm-none-eabi/4.8.4/../../../../arm-none-eabi/lib/armv6-m\libg_s.a(lib_a-init.o)
 .debug_frame   0x00000480       0x20 c:/freescale/kds_v3/toolchain/bin/../lib/gcc/arm-none-eabi/4.8.4/../../../../arm-none-eabi/lib/armv6-m\libg_s.a(lib_a-memset.o)
 .debug_frame   0x000004a0       0x20 c:/freescale/kds_v3/toolchain/bin/../lib/gcc/arm-none-eabi/4.8.4/../../../../arm-none-eabi/lib/armv6-m\libnosys.a(_exit.o)
